#
# A fatal error has been detected by the Java Runtime Environment:
#
#  EXCEPTION_ACCESS_VIOLATION (0xc0000005) at pc=0x00007ffd56c8de60, pid=23128, tid=12296
#
# JRE version: Java(TM) SE Runtime Environment (17.0.9+11) (build 17.0.9+11-LTS-201)
# Java VM: Java HotSpot(TM) 64-Bit Server VM (17.0.9+11-LTS-201, mixed mode, sharing, tiered, compressed oops, compressed class ptrs, g1 gc, windows-amd64)
# Problematic frame:
# C  [avformat-59.dll+0xfde60]
#
# No core dump will be written. Minidumps are not enabled by default on client versions of Windows
#
# If you would like to submit a bug report, please visit:
#   https://bugreport.java.com/bugreport/crash.jsp
# The crash happened outside the Java Virtual Machine in native code.
# See problematic frame for where to report the bug.
#

---------------  S U M M A R Y ------------

Command Line: -javaagent:D:\Program Files\JetBrains\IntelliJ IDEA 2023.2.5\lib\idea_rt.jar=16211:D:\Program Files\JetBrains\IntelliJ IDEA 2023.2.5\bin -Dfile.encoding=UTF-8 com.saigou.LiveStreamProcessor

Host: AMD Ryzen 7 5800H with Radeon Graphics         , 16 cores, 27G,  Windows 11 , 64 bit Build 22621 (10.0.22621.4391)
Time: Fri Feb 14 18:08:45 2025  Windows 11 , 64 bit Build 22621 (10.0.22621.4391) elapsed time: 1.436945 seconds (0d 0h 0m 1s)

---------------  T H R E A D  ---------------

Current thread (0x00000204b0c26be0):  JavaThread "main" [_thread_in_native, id=12296, stack(0x000000f98e700000,0x000000f98e800000)]

Stack: [0x000000f98e700000,0x000000f98e800000],  sp=0x000000f98e7fef30,  free space=1019k
Native frames: (J=compiled Java code, j=interpreted, Vv=VM code, C=native code)
C  [avformat-59.dll+0xfde60]

Java frames: (J=compiled Java code, j=interpreted, Vv=VM code)
j  org.bytedeco.ffmpeg.global.avformat.av_write_frame(Lorg/bytedeco/ffmpeg/avformat/AVFormatContext;Lorg/bytedeco/ffmpeg/avcodec/AVPacket;)I+0
j  org.bytedeco.javacv.FFmpegFrameRecorder.flush()V+109
j  org.bytedeco.javacv.FFmpegFrameRecorder.stop()V+8
j  com.saigou.LiveStreamProcessor.main([Ljava/lang/String;)V+183
v  ~StubRoutines::call_stub

siginfo: EXCEPTION_ACCESS_VIOLATION (0xc0000005), reading address 0x0000000000000010


Register to memory mapping:

RIP=0x00007ffd56c8de60 avformat-59.dll
RAX=0x0 is NULL
RBX={method} {0x000002051f564fd8} 'av_write_frame' '(Lorg/bytedeco/ffmpeg/avformat/AVFormatContext;Lorg/bytedeco/ffmpeg/avcodec/AVPacket;)I' in 'org/bytedeco/ffmpeg/global/avformat'
RCX=0x0 is NULL
RDX=0x0 is NULL
RSP=0x000000f98e7fef30 is pointing into the stack for thread: 0x00000204b0c26be0
RBP=0x000000f98e7feff8 is pointing into the stack for thread: 0x00000204b0c26be0
RSI=0x0000000000000046 is an unknown value
RDI=0x00000204c10b94fe is at code_begin+1118 in an Interpreter codelet
return entry points  [0x00000204c10b90a0, 0x00000204c10b9ba0]  2816 bytes
R8 =0x0000000000000062 is an unknown value
R9 =0x000000065bc58280 is an oop: org.bytedeco.ffmpeg.avformat.AVFormatContext 
{0x000000065bc58280} - klass: 'org/bytedeco/ffmpeg/avformat/AVFormatContext'
 - ---- fields (total size 6 words):
 - private 'deallocator' 'Lorg/bytedeco/javacpp/Pointer$Deallocator;' @12  NULL (0)
 - protected 'address' 'J' @16  0 (0 0)
 - protected 'position' 'J' @24  0 (0 0)
 - protected 'limit' 'J' @32  0 (0 0)
 - protected 'capacity' 'J' @40  0 (0 0)
R10=0x00007ffd520e41a0 jvm.dll
R11=0x0000000000000004 is an unknown value
R12=0x0 is NULL
R13=0x0 is NULL
R14=0x000000f98e7ff020 is pointing into the stack for thread: 0x00000204b0c26be0
R15=0x00000204b0c26be0 is a thread


Registers:
RAX=0x0000000000000000, RBX=0x000002051f564fd0, RCX=0x0000000000000000, RDX=0x0000000000000000
RSP=0x000000f98e7fef30, RBP=0x000000f98e7feff8, RSI=0x0000000000000046, RDI=0x00000204c10b94fe
R8 =0x0000000000000062, R9 =0x000000065bc58280, R10=0x00007ffd520e41a0, R11=0x0000000000000004
R12=0x0000000000000000, R13=0x0000000000000000, R14=0x000000f98e7ff020, R15=0x00000204b0c26be0
RIP=0x00007ffd56c8de60, EFLAGS=0x0000000000010246

Top of Stack: (sp=0x000000f98e7fef30)
0x000000f98e7fef30:   000002051f564fd0 00000204b0c26be0
0x000000f98e7fef40:   00000204c10b94fe 00000204c10bd48e
0x000000f98e7fef50:   000002051f564fd0 0000000000000000
0x000000f98e7fef60:   000002051f564fc8 000000f98e7ff020
0x000000f98e7fef70:   00000204b0c26be0 00000204c10bd621
0x000000f98e7fef80:   000002051f564fd0 0000000000000046
0x000000f98e7fef90:   00000204c10b94fe 00007ffd51be971e
0x000000f98e7fefa0:   3ff0000000000000 00000204c10bd2f6
0x000000f98e7fefb0:   000000f98e7fefb0 000002051f564fc8
0x000000f98e7fefc0:   000000f98e7ff020 000002051f569288
0x000000f98e7fefd0:   0000000000000000 000000065d66a3c8
0x000000f98e7fefe0:   000002051f564fd0 0000000000000000
0x000000f98e7feff0:   000000f98e7ff018 000000f98e7ff090
0x000000f98e7ff000:   00000204c10b9612 000000065d66a3c8
0x000000f98e7ff010:   00000204c10baf76 0000000000000000
0x000000f98e7ff020:   000000065bc58280 0000000000000001 

Instructions: (pc=0x00007ffd56c8de60)
0x00007ffd56c8dd60:   84 47 02 00 00 45 8b 87 1c 01 00 00 45 85 c0 0f
0x00007ffd56c8dd70:   85 93 01 00 00 49 83 7c 24 18 00 0f 84 99 01 00
0x00007ffd56c8dd80:   00 41 f6 45 62 20 74 40 49 8b 45 10 48 8b 80 a8
0x00007ffd56c8dd90:   00 00 00 48 85 c0 74 30 41 8b 97 f0 00 00 00 85
0x00007ffd56c8dda0:   d2 75 25 4d 89 e0 4c 89 fa 4c 89 e9 ff d0 41 89
0x00007ffd56c8ddb0:   c6 85 c0 78 35 83 f8 01 75 0e 41 c7 87 f0 00 00
0x00007ffd56c8ddc0:   00 01 00 00 00 0f 1f 00 45 31 c9 4d 89 e0 4c 89
0x00007ffd56c8ddd0:   fa 4c 89 e9 49 83 bf e8 00 00 00 00 0f 84 9e 01
0x00007ffd56c8dde0:   00 00 e8 f9 f4 ff ff 41 89 c6 4c 89 e1 e8 76 b9
0x00007ffd56c8ddf0:   09 00 44 89 f0 48 83 c4 28 41 5c 41 5d 41 5e 41
0x00007ffd56c8de00:   5f c3 66 0f 1f 44 00 00 4c 8b b9 20 02 00 00 48
0x00007ffd56c8de10:   8b 42 18 49 89 47 18 8b 42 20 4c 89 f9 41 89 47
0x00007ffd56c8de20:   20 e8 92 b9 09 00 41 89 c6 85 c0 78 c5 49 8b 0c
0x00007ffd56c8de30:   24 48 85 c9 0f 84 16 01 00 00 e8 91 c0 09 00 4d
0x00007ffd56c8de40:   89 fc 49 89 07 48 85 c0 0f 85 e7 fe ff ff 41 be
0x00007ffd56c8de50:   f4 ff ff ff eb 94 66 2e 0f 1f 84 00 00 00 00 00
0x00007ffd56c8de60:   48 8b 41 10 41 be 01 00 00 00 f6 40 2e 01 74 82
0x00007ffd56c8de70:   31 d2 ff 50 50 49 8b 4d 20 41 89 c6 48 85 c9 0f
0x00007ffd56c8de80:   84 6d ff ff ff 8b 41 54 85 c0 0f 88 d0 00 00 00
0x00007ffd56c8de90:   41 8b 95 28 01 00 00 83 fa 01 0f 84 d0 00 00 00
0x00007ffd56c8dea0:   41 f6 45 61 02 0f 85 c5 00 00 00 85 d2 0f 84 ad
0x00007ffd56c8deb0:   00 00 00 49 8b 55 10 f6 42 2c 01 0f 85 9f 00 00
0x00007ffd56c8dec0:   00 48 ba 00 00 00 00 00 00 00 80 41 b8 05 00 00
0x00007ffd56c8ded0:   00 e8 2a df f2 ff 66 2e 0f 1f 84 00 00 00 00 00
0x00007ffd56c8dee0:   45 85 f6 0f 88 09 ff ff ff 49 8b 45 20 48 85 c0
0x00007ffd56c8def0:   0f 84 fc fe ff ff 8b 40 54 85 c0 44 0f 48 f0 e9
0x00007ffd56c8df00:   ee fe ff ff 0f 1f 40 00 41 83 4c 24 28 01 49 83
0x00007ffd56c8df10:   7c 24 18 00 0f 85 67 fe ff ff 41 8b 4c 24 38 85
0x00007ffd56c8df20:   c9 0f 85 5a fe ff ff 4c 89 e1 e8 99 bf 09 00 4c
0x00007ffd56c8df30:   89 e1 e8 61 b8 09 00 41 89 c6 85 c0 0f 88 a8 fe
0x00007ffd56c8df40:   ff ff e9 3a fe ff ff 66 0f 1f 84 00 00 00 00 00
0x00007ffd56c8df50:   4d 89 fc e9 dd fd ff ff 0f 1f 84 00 00 00 00 00 


Stack slot to memory mapping:
stack at sp + 0 slots: {method} {0x000002051f564fd8} 'av_write_frame' '(Lorg/bytedeco/ffmpeg/avformat/AVFormatContext;Lorg/bytedeco/ffmpeg/avcodec/AVPacket;)I' in 'org/bytedeco/ffmpeg/global/avformat'
stack at sp + 1 slots: 0x00000204b0c26be0 is a thread
stack at sp + 2 slots: 0x00000204c10b94fe is at code_begin+1118 in an Interpreter codelet
return entry points  [0x00000204c10b90a0, 0x00000204c10b9ba0]  2816 bytes
stack at sp + 3 slots: 0x00000204c10bd48e is at code_begin+590 in an Interpreter codelet
method entry point (kind = native)  [0x00000204c10bd240, 0x00000204c10bdbc0]  2432 bytes
stack at sp + 4 slots: {method} {0x000002051f564fd8} 'av_write_frame' '(Lorg/bytedeco/ffmpeg/avformat/AVFormatContext;Lorg/bytedeco/ffmpeg/avcodec/AVPacket;)I' in 'org/bytedeco/ffmpeg/global/avformat'
stack at sp + 5 slots: 0x0 is NULL
stack at sp + 6 slots: 0x000002051f564fc8 is pointing into metadata
stack at sp + 7 slots: 0x000000f98e7ff020 is pointing into the stack for thread: 0x00000204b0c26be0


---------------  P R O C E S S  ---------------

Threads class SMR info:
_java_thread_list=0x0000020528a3dfb0, length=23, elements={
0x00000204b0c26be0, 0x00000204da727780, 0x00000204da728600, 0x00000204da746820,
0x00000204da749100, 0x00000204da7499d0, 0x00000204da74b2b0, 0x00000204da74bf60,
0x00000204da74c920, 0x00000204da757250, 0x00000204dd688b90, 0x00000204dd7d71e0,
0x00000204dd7d88e0, 0x00000204dd7d9ec0, 0x0000020523c13ff0, 0x0000020523d50290,
0x000002052329f210, 0x0000020523bed2f0, 0x00000205249915e0, 0x00000205257e4790,
0x0000020526f900d0, 0x0000020527715090, 0x000002052a465e40
}

Java Threads: ( => current thread )
=>0x00000204b0c26be0 JavaThread "main" [_thread_in_native, id=12296, stack(0x000000f98e700000,0x000000f98e800000)]
  0x00000204da727780 JavaThread "Reference Handler" daemon [_thread_blocked, id=22292, stack(0x000000f98ee00000,0x000000f98ef00000)]
  0x00000204da728600 JavaThread "Finalizer" daemon [_thread_blocked, id=7084, stack(0x000000f98ef00000,0x000000f98f000000)]
  0x00000204da746820 JavaThread "Signal Dispatcher" daemon [_thread_blocked, id=25580, stack(0x000000f98f000000,0x000000f98f100000)]
  0x00000204da749100 JavaThread "Attach Listener" daemon [_thread_blocked, id=25132, stack(0x000000f98f100000,0x000000f98f200000)]
  0x00000204da7499d0 JavaThread "Service Thread" daemon [_thread_blocked, id=25192, stack(0x000000f98f200000,0x000000f98f300000)]
  0x00000204da74b2b0 JavaThread "Monitor Deflation Thread" daemon [_thread_blocked, id=22592, stack(0x000000f98f300000,0x000000f98f400000)]
  0x00000204da74bf60 JavaThread "C2 CompilerThread0" daemon [_thread_blocked, id=7556, stack(0x000000f98f400000,0x000000f98f500000)]
  0x00000204da74c920 JavaThread "C1 CompilerThread0" daemon [_thread_blocked, id=1548, stack(0x000000f98f500000,0x000000f98f600000)]
  0x00000204da757250 JavaThread "Sweeper thread" daemon [_thread_blocked, id=23824, stack(0x000000f98f600000,0x000000f98f700000)]
  0x00000204dd688b90 JavaThread "C1 CompilerThread1" daemon [_thread_blocked, id=15584, stack(0x000000f98f700000,0x000000f98f800000)]
  0x00000204dd7d71e0 JavaThread "Common-Cleaner" daemon [_thread_blocked, id=22908, stack(0x000000f98f800000,0x000000f98f900000)]
  0x00000204dd7d88e0 JavaThread "C1 CompilerThread2" daemon [_thread_blocked, id=23368, stack(0x000000f98f900000,0x000000f98fa00000)]
  0x00000204dd7d9ec0 JavaThread "C2 CompilerThread1" daemon [_thread_blocked, id=2092, stack(0x000000f98fa00000,0x000000f98fb00000)]
  0x0000020523c13ff0 JavaThread "Monitor Ctrl-Break" daemon [_thread_in_native, id=11532, stack(0x000000f98fb00000,0x000000f98fc00000)]
  0x0000020523d50290 JavaThread "Notification Thread" daemon [_thread_blocked, id=23132, stack(0x000000f98fc00000,0x000000f98fd00000)]
  0x000002052329f210 JavaThread "JavaCPP Deallocator" daemon [_thread_blocked, id=6488, stack(0x000000f98fe00000,0x000000f98ff00000)]
  0x0000020523bed2f0 JavaThread "C2 CompilerThread2" daemon [_thread_blocked, id=24676, stack(0x000000f990800000,0x000000f990900000)]
  0x00000205249915e0 JavaThread "C2 CompilerThread3" daemon [_thread_in_native, id=25164, stack(0x000000f990900000,0x000000f990a00000)]
  0x00000205257e4790 JavaThread "C2 CompilerThread4" daemon [_thread_blocked, id=24424, stack(0x000000f990a00000,0x000000f990b00000)]
  0x0000020526f900d0 JavaThread "C2 CompilerThread5" daemon [_thread_blocked, id=24776, stack(0x000000f990b00000,0x000000f990c00000)]
  0x0000020527715090 JavaThread "C2 CompilerThread6" daemon [_thread_blocked, id=7108, stack(0x000000f990c00000,0x000000f990d00000)]
  0x000002052a465e40 JavaThread "C2 CompilerThread7" daemon [_thread_in_native, id=21304, stack(0x000000f990d00000,0x000000f990e00000)]

Other Threads:
  0x00000204da723b80 VMThread "VM Thread" [stack: 0x000000f98ed00000,0x000000f98ee00000] [id=24920]
  0x0000020523c144d0 WatcherThread [stack: 0x000000f98fd00000,0x000000f98fe00000] [id=21672]
  0x00000204da5b8a90 GCTaskThread "GC Thread#0" [stack: 0x000000f98e800000,0x000000f98e900000] [id=21856]
  0x0000020523078c00 GCTaskThread "GC Thread#1" [stack: 0x000000f98ff00000,0x000000f990000000] [id=14484]
  0x0000020523078940 GCTaskThread "GC Thread#2" [stack: 0x000000f990000000,0x000000f990100000] [id=21668]
  0x00000205230783c0 GCTaskThread "GC Thread#3" [stack: 0x000000f990100000,0x000000f990200000] [id=21624]
  0x0000020523077e40 GCTaskThread "GC Thread#4" [stack: 0x000000f990200000,0x000000f990300000] [id=24900]
  0x0000020523078100 GCTaskThread "GC Thread#5" [stack: 0x000000f990300000,0x000000f990400000] [id=24312]
  0x0000020523078680 GCTaskThread "GC Thread#6" [stack: 0x000000f990400000,0x000000f990500000] [id=23576]
  0x0000020523077080 GCTaskThread "GC Thread#7" [stack: 0x000000f990500000,0x000000f990600000] [id=11784]
  0x0000020523077340 GCTaskThread "GC Thread#8" [stack: 0x000000f990600000,0x000000f990700000] [id=23868]
  0x0000020523077600 GCTaskThread "GC Thread#9" [stack: 0x000000f990700000,0x000000f990800000] [id=19792]
  0x00000204b0c97aa0 ConcurrentGCThread "G1 Main Marker" [stack: 0x000000f98e900000,0x000000f98ea00000] [id=23012]
  0x00000204b0c984b0 ConcurrentGCThread "G1 Conc#0" [stack: 0x000000f98ea00000,0x000000f98eb00000] [id=24188]
  0x00000204b0cbea20 ConcurrentGCThread "G1 Refine#0" [stack: 0x000000f98eb00000,0x000000f98ec00000] [id=25544]
  0x00000204da662d80 ConcurrentGCThread "G1 Service" [stack: 0x000000f98ec00000,0x000000f98ed00000] [id=7276]

Threads with active compile tasks:
C2 CompilerThread3     1480 1333  s!   4       org.bytedeco.javacpp.Loader::loadLibrary (1682 bytes)
C2 CompilerThread7     1480 1348       4       java.net.URLStreamHandler::parseURL (1201 bytes)

VM state: not at safepoint (normal execution)

VM Mutex/Monitor currently owned by a thread: None

Heap address: 0x0000000642400000, size: 7132 MB, Compressed Oops mode: Zero based, Oop shift amount: 3

CDS archive(s) mapped at: [0x00000204de000000-0x00000204debd0000-0x00000204debd0000), size 12386304, SharedBaseAddress: 0x00000204de000000, ArchiveRelocationMode: 1.
Compressed class space mapped at: 0x00000204df000000-0x000002051f000000, reserved size: 1073741824
Narrow klass base: 0x00000204de000000, Narrow klass shift: 0, Narrow klass range: 0x100000000

GC Precious Log:
 CPUs: 16 total, 16 available
 Memory: 28524M
 Large Page Support: Disabled
 NUMA Support: Disabled
 Compressed Oops: Enabled (Zero based)
 Heap Region Size: 4M
 Heap Min Capacity: 8M
 Heap Initial Capacity: 448M
 Heap Max Capacity: 7132M
 Pre-touch: Disabled
 Parallel Workers: 13
 Concurrent Workers: 3
 Concurrent Refinement Workers: 13
 Periodic GC: Disabled

Heap:
 garbage-first heap   total 458752K, used 42425K [0x0000000642400000, 0x0000000800000000)
  region size 4096K, 10 young (40960K), 1 survivors (4096K)
 Metaspace       used 4319K, committed 4416K, reserved 1114112K
  class space    used 408K, committed 448K, reserved 1048576K

Heap Regions: E=young(eden), S=young(survivor), O=old, HS=humongous(starts), HC=humongous(continues), CS=collection set, F=free, OA=open archive, CA=closed archive, TAMS=top-at-mark-start (previous, next)
|   0|0x0000000642400000, 0x0000000642800000, 0x0000000642800000|100%| O|  |TAMS 0x0000000642400000, 0x0000000642400000| Untracked 
|   1|0x0000000642800000, 0x0000000642c00000, 0x0000000642c00000|100%| O|  |TAMS 0x0000000642800000, 0x0000000642800000| Untracked 
|   2|0x0000000642c00000, 0x0000000642d14800, 0x0000000643000000| 27%| O|  |TAMS 0x0000000642c00000, 0x0000000642c00000| Untracked 
|   3|0x0000000643000000, 0x0000000643000000, 0x0000000643400000|  0%| F|  |TAMS 0x0000000643000000, 0x0000000643000000| Untracked 
|   4|0x0000000643400000, 0x0000000643400000, 0x0000000643800000|  0%| F|  |TAMS 0x0000000643400000, 0x0000000643400000| Untracked 
|   5|0x0000000643800000, 0x0000000643800000, 0x0000000643c00000|  0%| F|  |TAMS 0x0000000643800000, 0x0000000643800000| Untracked 
|   6|0x0000000643c00000, 0x0000000643c00000, 0x0000000644000000|  0%| F|  |TAMS 0x0000000643c00000, 0x0000000643c00000| Untracked 
|   7|0x0000000644000000, 0x0000000644000000, 0x0000000644400000|  0%| F|  |TAMS 0x0000000644000000, 0x0000000644000000| Untracked 
|   8|0x0000000644400000, 0x0000000644400000, 0x0000000644800000|  0%| F|  |TAMS 0x0000000644400000, 0x0000000644400000| Untracked 
|   9|0x0000000644800000, 0x0000000644800000, 0x0000000644c00000|  0%| F|  |TAMS 0x0000000644800000, 0x0000000644800000| Untracked 
|  10|0x0000000644c00000, 0x0000000644c00000, 0x0000000645000000|  0%| F|  |TAMS 0x0000000644c00000, 0x0000000644c00000| Untracked 
|  11|0x0000000645000000, 0x0000000645000000, 0x0000000645400000|  0%| F|  |TAMS 0x0000000645000000, 0x0000000645000000| Untracked 
|  12|0x0000000645400000, 0x0000000645400000, 0x0000000645800000|  0%| F|  |TAMS 0x0000000645400000, 0x0000000645400000| Untracked 
|  13|0x0000000645800000, 0x0000000645800000, 0x0000000645c00000|  0%| F|  |TAMS 0x0000000645800000, 0x0000000645800000| Untracked 
|  14|0x0000000645c00000, 0x0000000645c00000, 0x0000000646000000|  0%| F|  |TAMS 0x0000000645c00000, 0x0000000645c00000| Untracked 
|  15|0x0000000646000000, 0x0000000646000000, 0x0000000646400000|  0%| F|  |TAMS 0x0000000646000000, 0x0000000646000000| Untracked 
|  16|0x0000000646400000, 0x0000000646400000, 0x0000000646800000|  0%| F|  |TAMS 0x0000000646400000, 0x0000000646400000| Untracked 
|  17|0x0000000646800000, 0x0000000646800000, 0x0000000646c00000|  0%| F|  |TAMS 0x0000000646800000, 0x0000000646800000| Untracked 
|  18|0x0000000646c00000, 0x0000000646c00000, 0x0000000647000000|  0%| F|  |TAMS 0x0000000646c00000, 0x0000000646c00000| Untracked 
|  19|0x0000000647000000, 0x0000000647000000, 0x0000000647400000|  0%| F|  |TAMS 0x0000000647000000, 0x0000000647000000| Untracked 
|  20|0x0000000647400000, 0x0000000647400000, 0x0000000647800000|  0%| F|  |TAMS 0x0000000647400000, 0x0000000647400000| Untracked 
|  21|0x0000000647800000, 0x0000000647800000, 0x0000000647c00000|  0%| F|  |TAMS 0x0000000647800000, 0x0000000647800000| Untracked 
|  22|0x0000000647c00000, 0x0000000647c00000, 0x0000000648000000|  0%| F|  |TAMS 0x0000000647c00000, 0x0000000647c00000| Untracked 
|  23|0x0000000648000000, 0x0000000648000000, 0x0000000648400000|  0%| F|  |TAMS 0x0000000648000000, 0x0000000648000000| Untracked 
|  24|0x0000000648400000, 0x0000000648400000, 0x0000000648800000|  0%| F|  |TAMS 0x0000000648400000, 0x0000000648400000| Untracked 
|  25|0x0000000648800000, 0x0000000648800000, 0x0000000648c00000|  0%| F|  |TAMS 0x0000000648800000, 0x0000000648800000| Untracked 
|  26|0x0000000648c00000, 0x0000000648c00000, 0x0000000649000000|  0%| F|  |TAMS 0x0000000648c00000, 0x0000000648c00000| Untracked 
|  27|0x0000000649000000, 0x0000000649000000, 0x0000000649400000|  0%| F|  |TAMS 0x0000000649000000, 0x0000000649000000| Untracked 
|  28|0x0000000649400000, 0x0000000649400000, 0x0000000649800000|  0%| F|  |TAMS 0x0000000649400000, 0x0000000649400000| Untracked 
|  29|0x0000000649800000, 0x0000000649800000, 0x0000000649c00000|  0%| F|  |TAMS 0x0000000649800000, 0x0000000649800000| Untracked 
|  30|0x0000000649c00000, 0x0000000649c00000, 0x000000064a000000|  0%| F|  |TAMS 0x0000000649c00000, 0x0000000649c00000| Untracked 
|  31|0x000000064a000000, 0x000000064a000000, 0x000000064a400000|  0%| F|  |TAMS 0x000000064a000000, 0x000000064a000000| Untracked 
|  32|0x000000064a400000, 0x000000064a400000, 0x000000064a800000|  0%| F|  |TAMS 0x000000064a400000, 0x000000064a400000| Untracked 
|  33|0x000000064a800000, 0x000000064a800000, 0x000000064ac00000|  0%| F|  |TAMS 0x000000064a800000, 0x000000064a800000| Untracked 
|  34|0x000000064ac00000, 0x000000064ac00000, 0x000000064b000000|  0%| F|  |TAMS 0x000000064ac00000, 0x000000064ac00000| Untracked 
|  35|0x000000064b000000, 0x000000064b000000, 0x000000064b400000|  0%| F|  |TAMS 0x000000064b000000, 0x000000064b000000| Untracked 
|  36|0x000000064b400000, 0x000000064b400000, 0x000000064b800000|  0%| F|  |TAMS 0x000000064b400000, 0x000000064b400000| Untracked 
|  37|0x000000064b800000, 0x000000064b800000, 0x000000064bc00000|  0%| F|  |TAMS 0x000000064b800000, 0x000000064b800000| Untracked 
|  38|0x000000064bc00000, 0x000000064bc00000, 0x000000064c000000|  0%| F|  |TAMS 0x000000064bc00000, 0x000000064bc00000| Untracked 
|  39|0x000000064c000000, 0x000000064c000000, 0x000000064c400000|  0%| F|  |TAMS 0x000000064c000000, 0x000000064c000000| Untracked 
|  40|0x000000064c400000, 0x000000064c400000, 0x000000064c800000|  0%| F|  |TAMS 0x000000064c400000, 0x000000064c400000| Untracked 
|  41|0x000000064c800000, 0x000000064c800000, 0x000000064cc00000|  0%| F|  |TAMS 0x000000064c800000, 0x000000064c800000| Untracked 
|  42|0x000000064cc00000, 0x000000064cc00000, 0x000000064d000000|  0%| F|  |TAMS 0x000000064cc00000, 0x000000064cc00000| Untracked 
|  43|0x000000064d000000, 0x000000064d000000, 0x000000064d400000|  0%| F|  |TAMS 0x000000064d000000, 0x000000064d000000| Untracked 
|  44|0x000000064d400000, 0x000000064d400000, 0x000000064d800000|  0%| F|  |TAMS 0x000000064d400000, 0x000000064d400000| Untracked 
|  45|0x000000064d800000, 0x000000064d800000, 0x000000064dc00000|  0%| F|  |TAMS 0x000000064d800000, 0x000000064d800000| Untracked 
|  46|0x000000064dc00000, 0x000000064dc00000, 0x000000064e000000|  0%| F|  |TAMS 0x000000064dc00000, 0x000000064dc00000| Untracked 
|  47|0x000000064e000000, 0x000000064e000000, 0x000000064e400000|  0%| F|  |TAMS 0x000000064e000000, 0x000000064e000000| Untracked 
|  48|0x000000064e400000, 0x000000064e400000, 0x000000064e800000|  0%| F|  |TAMS 0x000000064e400000, 0x000000064e400000| Untracked 
|  49|0x000000064e800000, 0x000000064e800000, 0x000000064ec00000|  0%| F|  |TAMS 0x000000064e800000, 0x000000064e800000| Untracked 
|  50|0x000000064ec00000, 0x000000064ec00000, 0x000000064f000000|  0%| F|  |TAMS 0x000000064ec00000, 0x000000064ec00000| Untracked 
|  51|0x000000064f000000, 0x000000064f000000, 0x000000064f400000|  0%| F|  |TAMS 0x000000064f000000, 0x000000064f000000| Untracked 
|  52|0x000000064f400000, 0x000000064f400000, 0x000000064f800000|  0%| F|  |TAMS 0x000000064f400000, 0x000000064f400000| Untracked 
|  53|0x000000064f800000, 0x000000064f800000, 0x000000064fc00000|  0%| F|  |TAMS 0x000000064f800000, 0x000000064f800000| Untracked 
|  54|0x000000064fc00000, 0x000000064fc00000, 0x0000000650000000|  0%| F|  |TAMS 0x000000064fc00000, 0x000000064fc00000| Untracked 
|  55|0x0000000650000000, 0x0000000650000000, 0x0000000650400000|  0%| F|  |TAMS 0x0000000650000000, 0x0000000650000000| Untracked 
|  56|0x0000000650400000, 0x0000000650400000, 0x0000000650800000|  0%| F|  |TAMS 0x0000000650400000, 0x0000000650400000| Untracked 
|  57|0x0000000650800000, 0x0000000650800000, 0x0000000650c00000|  0%| F|  |TAMS 0x0000000650800000, 0x0000000650800000| Untracked 
|  58|0x0000000650c00000, 0x0000000650c00000, 0x0000000651000000|  0%| F|  |TAMS 0x0000000650c00000, 0x0000000650c00000| Untracked 
|  59|0x0000000651000000, 0x0000000651000000, 0x0000000651400000|  0%| F|  |TAMS 0x0000000651000000, 0x0000000651000000| Untracked 
|  60|0x0000000651400000, 0x0000000651400000, 0x0000000651800000|  0%| F|  |TAMS 0x0000000651400000, 0x0000000651400000| Untracked 
|  61|0x0000000651800000, 0x0000000651800000, 0x0000000651c00000|  0%| F|  |TAMS 0x0000000651800000, 0x0000000651800000| Untracked 
|  62|0x0000000651c00000, 0x0000000651c00000, 0x0000000652000000|  0%| F|  |TAMS 0x0000000651c00000, 0x0000000651c00000| Untracked 
|  63|0x0000000652000000, 0x0000000652000000, 0x0000000652400000|  0%| F|  |TAMS 0x0000000652000000, 0x0000000652000000| Untracked 
|  64|0x0000000652400000, 0x0000000652400000, 0x0000000652800000|  0%| F|  |TAMS 0x0000000652400000, 0x0000000652400000| Untracked 
|  65|0x0000000652800000, 0x0000000652800000, 0x0000000652c00000|  0%| F|  |TAMS 0x0000000652800000, 0x0000000652800000| Untracked 
|  66|0x0000000652c00000, 0x0000000652c00000, 0x0000000653000000|  0%| F|  |TAMS 0x0000000652c00000, 0x0000000652c00000| Untracked 
|  67|0x0000000653000000, 0x0000000653000000, 0x0000000653400000|  0%| F|  |TAMS 0x0000000653000000, 0x0000000653000000| Untracked 
|  68|0x0000000653400000, 0x0000000653400000, 0x0000000653800000|  0%| F|  |TAMS 0x0000000653400000, 0x0000000653400000| Untracked 
|  69|0x0000000653800000, 0x0000000653800000, 0x0000000653c00000|  0%| F|  |TAMS 0x0000000653800000, 0x0000000653800000| Untracked 
|  70|0x0000000653c00000, 0x0000000653c00000, 0x0000000654000000|  0%| F|  |TAMS 0x0000000653c00000, 0x0000000653c00000| Untracked 
|  71|0x0000000654000000, 0x0000000654000000, 0x0000000654400000|  0%| F|  |TAMS 0x0000000654000000, 0x0000000654000000| Untracked 
|  72|0x0000000654400000, 0x0000000654400000, 0x0000000654800000|  0%| F|  |TAMS 0x0000000654400000, 0x0000000654400000| Untracked 
|  73|0x0000000654800000, 0x0000000654800000, 0x0000000654c00000|  0%| F|  |TAMS 0x0000000654800000, 0x0000000654800000| Untracked 
|  74|0x0000000654c00000, 0x0000000654c00000, 0x0000000655000000|  0%| F|  |TAMS 0x0000000654c00000, 0x0000000654c00000| Untracked 
|  75|0x0000000655000000, 0x0000000655000000, 0x0000000655400000|  0%| F|  |TAMS 0x0000000655000000, 0x0000000655000000| Untracked 
|  76|0x0000000655400000, 0x0000000655400000, 0x0000000655800000|  0%| F|  |TAMS 0x0000000655400000, 0x0000000655400000| Untracked 
|  77|0x0000000655800000, 0x0000000655800000, 0x0000000655c00000|  0%| F|  |TAMS 0x0000000655800000, 0x0000000655800000| Untracked 
|  78|0x0000000655c00000, 0x0000000655c00000, 0x0000000656000000|  0%| F|  |TAMS 0x0000000655c00000, 0x0000000655c00000| Untracked 
|  79|0x0000000656000000, 0x0000000656000000, 0x0000000656400000|  0%| F|  |TAMS 0x0000000656000000, 0x0000000656000000| Untracked 
|  80|0x0000000656400000, 0x0000000656400000, 0x0000000656800000|  0%| F|  |TAMS 0x0000000656400000, 0x0000000656400000| Untracked 
|  81|0x0000000656800000, 0x0000000656800000, 0x0000000656c00000|  0%| F|  |TAMS 0x0000000656800000, 0x0000000656800000| Untracked 
|  82|0x0000000656c00000, 0x0000000656c00000, 0x0000000657000000|  0%| F|  |TAMS 0x0000000656c00000, 0x0000000656c00000| Untracked 
|  83|0x0000000657000000, 0x0000000657000000, 0x0000000657400000|  0%| F|  |TAMS 0x0000000657000000, 0x0000000657000000| Untracked 
|  84|0x0000000657400000, 0x0000000657400000, 0x0000000657800000|  0%| F|  |TAMS 0x0000000657400000, 0x0000000657400000| Untracked 
|  85|0x0000000657800000, 0x0000000657800000, 0x0000000657c00000|  0%| F|  |TAMS 0x0000000657800000, 0x0000000657800000| Untracked 
|  86|0x0000000657c00000, 0x0000000657c00000, 0x0000000658000000|  0%| F|  |TAMS 0x0000000657c00000, 0x0000000657c00000| Untracked 
|  87|0x0000000658000000, 0x0000000658000000, 0x0000000658400000|  0%| F|  |TAMS 0x0000000658000000, 0x0000000658000000| Untracked 
|  88|0x0000000658400000, 0x0000000658400000, 0x0000000658800000|  0%| F|  |TAMS 0x0000000658400000, 0x0000000658400000| Untracked 
|  89|0x0000000658800000, 0x0000000658800000, 0x0000000658c00000|  0%| F|  |TAMS 0x0000000658800000, 0x0000000658800000| Untracked 
|  90|0x0000000658c00000, 0x0000000658c00000, 0x0000000659000000|  0%| F|  |TAMS 0x0000000658c00000, 0x0000000658c00000| Untracked 
|  91|0x0000000659000000, 0x0000000659000000, 0x0000000659400000|  0%| F|  |TAMS 0x0000000659000000, 0x0000000659000000| Untracked 
|  92|0x0000000659400000, 0x0000000659400000, 0x0000000659800000|  0%| F|  |TAMS 0x0000000659400000, 0x0000000659400000| Untracked 
|  93|0x0000000659800000, 0x0000000659800000, 0x0000000659c00000|  0%| F|  |TAMS 0x0000000659800000, 0x0000000659800000| Untracked 
|  94|0x0000000659c00000, 0x0000000659c00000, 0x000000065a000000|  0%| F|  |TAMS 0x0000000659c00000, 0x0000000659c00000| Untracked 
|  95|0x000000065a000000, 0x000000065a000000, 0x000000065a400000|  0%| F|  |TAMS 0x000000065a000000, 0x000000065a000000| Untracked 
|  96|0x000000065a400000, 0x000000065a400000, 0x000000065a800000|  0%| F|  |TAMS 0x000000065a400000, 0x000000065a400000| Untracked 
|  97|0x000000065a800000, 0x000000065a800000, 0x000000065ac00000|  0%| F|  |TAMS 0x000000065a800000, 0x000000065a800000| Untracked 
|  98|0x000000065ac00000, 0x000000065ac00000, 0x000000065b000000|  0%| F|  |TAMS 0x000000065ac00000, 0x000000065ac00000| Untracked 
|  99|0x000000065b000000, 0x000000065b000000, 0x000000065b400000|  0%| F|  |TAMS 0x000000065b000000, 0x000000065b000000| Untracked 
| 100|0x000000065b400000, 0x000000065b400000, 0x000000065b800000|  0%| F|  |TAMS 0x000000065b400000, 0x000000065b400000| Untracked 
| 101|0x000000065b800000, 0x000000065b800000, 0x000000065bc00000|  0%| F|  |TAMS 0x000000065b800000, 0x000000065b800000| Untracked 
| 102|0x000000065bc00000, 0x000000065bd25ec8, 0x000000065c000000| 28%| E|  |TAMS 0x000000065bc00000, 0x000000065bc00000| Complete 
| 103|0x000000065c000000, 0x000000065c400000, 0x000000065c400000|100%| E|CS|TAMS 0x000000065c000000, 0x000000065c000000| Complete 
| 104|0x000000065c400000, 0x000000065c800000, 0x000000065c800000|100%| E|CS|TAMS 0x000000065c400000, 0x000000065c400000| Complete 
| 105|0x000000065c800000, 0x000000065cc00000, 0x000000065cc00000|100%| E|CS|TAMS 0x000000065c800000, 0x000000065c800000| Complete 
| 106|0x000000065cc00000, 0x000000065d000000, 0x000000065d000000|100%| E|CS|TAMS 0x000000065cc00000, 0x000000065cc00000| Complete 
| 107|0x000000065d000000, 0x000000065d059d90, 0x000000065d400000|  8%| S|CS|TAMS 0x000000065d000000, 0x000000065d000000| Complete 
| 108|0x000000065d400000, 0x000000065d800000, 0x000000065d800000|100%| E|CS|TAMS 0x000000065d400000, 0x000000065d400000| Complete 
| 109|0x000000065d800000, 0x000000065dc00000, 0x000000065dc00000|100%| E|CS|TAMS 0x000000065d800000, 0x000000065d800000| Complete 
| 110|0x000000065dc00000, 0x000000065e000000, 0x000000065e000000|100%| E|CS|TAMS 0x000000065dc00000, 0x000000065dc00000| Complete 
| 111|0x000000065e000000, 0x000000065e400000, 0x000000065e400000|100%| E|CS|TAMS 0x000000065e000000, 0x000000065e000000| Complete 

Card table byte_map: [0x00000204caa10000,0x00000204cb800000] _byte_map_base: 0x00000204c77fe000

Marking Bits (Prev, Next): (CMBitMap*) 0x00000204b0c88290, (CMBitMap*) 0x00000204b0c882d0
 Prev Bits: [0x00000204cc5f0000, 0x00000204d3560000)
 Next Bits: [0x00000204d3560000, 0x00000204da4d0000)

Polling page: 0x00000204b0cc0000

Metaspace:

Usage:
  Non-class:      3.82 MB used.
      Class:    408.43 KB used.
       Both:      4.22 MB used.

Virtual space:
  Non-class space:       64.00 MB reserved,       3.88 MB (  6%) committed,  1 nodes.
      Class space:        1.00 GB reserved,     448.00 KB ( <1%) committed,  1 nodes.
             Both:        1.06 GB reserved,       4.31 MB ( <1%) committed. 

Chunk freelists:
   Non-Class:  10.33 MB
       Class:  15.51 MB
        Both:  25.83 MB

MaxMetaspaceSize: unlimited
CompressedClassSpaceSize: 1.00 GB
Initial GC threshold: 21.00 MB
Current GC threshold: 21.00 MB
CDS: on
MetaspaceReclaimPolicy: balanced
 - commit_granule_bytes: 65536.
 - commit_granule_words: 8192.
 - virtual_space_node_default_size: 8388608.
 - enlarge_chunks_in_place: 1.
 - new_chunks_are_fully_committed: 0.
 - uncommit_free_chunks: 1.
 - use_allocation_guard: 0.
 - handle_deallocations: 1.


Internal statistics:

num_allocs_failed_limit: 0.
num_arena_births: 28.
num_arena_deaths: 0.
num_vsnodes_births: 2.
num_vsnodes_deaths: 0.
num_space_committed: 69.
num_space_uncommitted: 0.
num_chunks_returned_to_freelist: 0.
num_chunks_taken_from_freelist: 122.
num_chunk_merges: 0.
num_chunk_splits: 83.
num_chunks_enlarged: 61.
num_inconsistent_stats: 0.

CodeHeap 'non-profiled nmethods': size=119168Kb used=1299Kb max_used=1299Kb free=117868Kb
 bounds [0x00000204c1800000, 0x00000204c1a70000, 0x00000204c8c60000]
CodeHeap 'profiled nmethods': size=119104Kb used=2976Kb max_used=2976Kb free=116127Kb
 bounds [0x00000204b9c60000, 0x00000204b9f50000, 0x00000204c10b0000]
CodeHeap 'non-nmethods': size=7488Kb used=2288Kb max_used=2435Kb free=5199Kb
 bounds [0x00000204c10b0000, 0x00000204c1330000, 0x00000204c1800000]
 total_blobs=1809 nmethods=1353 adapters=367
 compilation: enabled
              stopped_count=0, restarted_count=0
 full_count=0

Compilation events (20 events):
Event: 1.359 Thread 0x0000020527715090 nmethod 1343 0x00000204c18fbd90 code [0x00000204c18fbf00, 0x00000204c18fc038]
Event: 1.365 Thread 0x00000204dd7d9ec0 1344       4       java.net.URI$Parser::checkChars (44 bytes)
Event: 1.368 Thread 0x00000204dd7d9ec0 nmethod 1344 0x00000204c18fc190 code [0x00000204c18fc320, 0x00000204c18fc628]
Event: 1.378 Thread 0x0000020527715090 1345       4       java.util.ArrayList$Itr::hasNext (20 bytes)
Event: 1.379 Thread 0x0000020527715090 nmethod 1345 0x00000204c18fca90 code [0x00000204c18fcc00, 0x00000204c18fcc98]
Event: 1.381 Thread 0x0000020526f900d0 1346       4       java.util.Arrays$ArrayItr::hasNext (18 bytes)
Event: 1.381 Thread 0x0000020526f900d0 nmethod 1346 0x00000204c18fcd90 code [0x00000204c18fcf00, 0x00000204c18fcf98]
Event: 1.397 Thread 0x00000204da74c920 1347       3       java.util.concurrent.ConcurrentHashMap::sumCount (60 bytes)
Event: 1.397 Thread 0x000002052a465e40 1348       4       java.net.URLStreamHandler::parseURL (1201 bytes)
Event: 1.397 Thread 0x00000204da74c920 nmethod 1347 0x00000204b9f46d10 code [0x00000204b9f46ec0, 0x00000204b9f47138]
Event: 1.401 Thread 0x00000204da74c920 1350       3       java.lang.invoke.DirectMethodHandle::allocateInstance (16 bytes)
Event: 1.401 Thread 0x00000204dd688b90 1351       3       java.lang.invoke.DirectMethodHandle::constructorMethod (10 bytes)
Event: 1.401 Thread 0x00000204dd688b90 nmethod 1351 0x00000204b9f47290 code [0x00000204b9f47420, 0x00000204b9f47618]
Event: 1.401 Thread 0x00000204da74c920 nmethod 1350 0x00000204b9f47710 code [0x00000204b9f478c0, 0x00000204b9f47ae8]
Event: 1.401 Thread 0x00000204dd7d9ec0 1352       4       java.util.ArrayList::add (25 bytes)
Event: 1.407 Thread 0x00000204dd7d9ec0 nmethod 1352 0x00000204c18fd510 code [0x00000204c18fd6a0, 0x00000204c18fde58]
Event: 1.413 Thread 0x0000020527715090 1353       4       java.lang.String::<init> (10 bytes)
Event: 1.413 Thread 0x00000204dd7d9ec0 1354       4       java.io.WinNTFileSystem::resolve (275 bytes)
Event: 1.416 Thread 0x0000020527715090 nmethod 1353 0x00000204c18fe110 code [0x00000204c18fe2a0, 0x00000204c18fe878]
Event: 1.420 Thread 0x00000204dd7d88e0 1355       3       java.lang.String::valueOf (15 bytes)

GC Heap History (4 events):
Event: 0.470 GC heap before
{Heap before GC invocations=0 (full 0):
 garbage-first heap   total 458752K, used 16384K [0x0000000642400000, 0x0000000800000000)
  region size 4096K, 5 young (20480K), 0 survivors (0K)
 Metaspace       used 1892K, committed 2048K, reserved 1114112K
  class space    used 146K, committed 192K, reserved 1048576K
}
Event: 0.473 GC heap after
{Heap after GC invocations=1 (full 0):
 garbage-first heap   total 458752K, used 9230K [0x0000000642400000, 0x0000000800000000)
  region size 4096K, 1 young (4096K), 1 survivors (4096K)
 Metaspace       used 1892K, committed 2048K, reserved 1114112K
  class space    used 146K, committed 192K, reserved 1048576K
}
Event: 0.721 GC heap before
{Heap before GC invocations=1 (full 0):
 garbage-first heap   total 458752K, used 25614K [0x0000000642400000, 0x0000000800000000)
  region size 4096K, 5 young (20480K), 1 survivors (4096K)
 Metaspace       used 2304K, committed 2496K, reserved 1114112K
  class space    used 178K, committed 256K, reserved 1048576K
}
Event: 0.722 GC heap after
{Heap after GC invocations=2 (full 0):
 garbage-first heap   total 458752K, used 9657K [0x0000000642400000, 0x0000000800000000)
  region size 4096K, 1 young (4096K), 1 survivors (4096K)
 Metaspace       used 2304K, committed 2496K, reserved 1114112K
  class space    used 178K, committed 256K, reserved 1048576K
}

Deoptimization events (20 events):
Event: 1.125 Thread 0x00000204b0c26be0 DEOPT PACKING pc=0x00000204b9e88b98 sp=0x000000f98e7fe0e0
Event: 1.126 Thread 0x00000204b0c26be0 DEOPT UNPACKING pc=0x00000204c1102b43 sp=0x000000f98e7fd5e8 mode 0
Event: 1.127 Thread 0x00000204b0c26be0 DEOPT PACKING pc=0x00000204b9e88b98 sp=0x000000f98e7fe0e0
Event: 1.127 Thread 0x00000204b0c26be0 DEOPT UNPACKING pc=0x00000204c1102b43 sp=0x000000f98e7fd5e8 mode 0
Event: 1.128 Thread 0x00000204b0c26be0 DEOPT PACKING pc=0x00000204b9e88b98 sp=0x000000f98e7fe0e0
Event: 1.128 Thread 0x00000204b0c26be0 DEOPT UNPACKING pc=0x00000204c1102b43 sp=0x000000f98e7fd5e8 mode 0
Event: 1.129 Thread 0x00000204b0c26be0 DEOPT PACKING pc=0x00000204b9e88b98 sp=0x000000f98e7fe0e0
Event: 1.129 Thread 0x00000204b0c26be0 DEOPT UNPACKING pc=0x00000204c1102b43 sp=0x000000f98e7fd5e8 mode 0
Event: 1.130 Thread 0x00000204b0c26be0 DEOPT PACKING pc=0x00000204b9e88b98 sp=0x000000f98e7fe0e0
Event: 1.130 Thread 0x00000204b0c26be0 DEOPT UNPACKING pc=0x00000204c1102b43 sp=0x000000f98e7fd5e8 mode 0
Event: 1.131 Thread 0x00000204b0c26be0 DEOPT PACKING pc=0x00000204b9e88b98 sp=0x000000f98e7fdbd0
Event: 1.131 Thread 0x00000204b0c26be0 DEOPT UNPACKING pc=0x00000204c1102b43 sp=0x000000f98e7fd0d8 mode 0
Event: 1.132 Thread 0x00000204b0c26be0 DEOPT PACKING pc=0x00000204b9e88b98 sp=0x000000f98e7fe0e0
Event: 1.132 Thread 0x00000204b0c26be0 DEOPT UNPACKING pc=0x00000204c1102b43 sp=0x000000f98e7fd5e8 mode 0
Event: 1.133 Thread 0x00000204b0c26be0 DEOPT PACKING pc=0x00000204b9e88b98 sp=0x000000f98e7fe0e0
Event: 1.133 Thread 0x00000204b0c26be0 DEOPT UNPACKING pc=0x00000204c1102b43 sp=0x000000f98e7fd5e8 mode 0
Event: 1.139 Thread 0x00000204b0c26be0 DEOPT PACKING pc=0x00000204b9e88b98 sp=0x000000f98e7fdbd0
Event: 1.139 Thread 0x00000204b0c26be0 DEOPT UNPACKING pc=0x00000204c1102b43 sp=0x000000f98e7fd0d8 mode 0
Event: 1.167 Thread 0x00000204b0c26be0 DEOPT PACKING pc=0x00000204b9e88b98 sp=0x000000f98e7fdbd0
Event: 1.167 Thread 0x00000204b0c26be0 DEOPT UNPACKING pc=0x00000204c1102b43 sp=0x000000f98e7fd0d8 mode 0

Classes unloaded (0 events):
No events

Classes redefined (0 events):
No events

Internal exceptions (7 events):
Event: 0.431 Thread 0x0000020523c13ff0 Exception <a 'java/lang/NoSuchMethodError'{0x000000065d23eea8}: 'java.lang.Object java.lang.invoke.DirectMethodHandle$Holder.invokeStaticInit(java.lang.Object)'> (0x000000065d23eea8) 
thrown [s\open\src\hotspot\share\interpreter\linkResolver.cpp, line 759]
Event: 0.437 Thread 0x0000020523c13ff0 Exception <a 'java/lang/NoSuchMethodError'{0x000000065d24ce88}: 'void java.lang.invoke.DirectMethodHandle$Holder.invokeStatic(java.lang.Object, java.lang.Object)'> (0x000000065d24ce88) 
thrown [s\open\src\hotspot\share\interpreter\linkResolver.cpp, line 759]
Event: 0.446 Thread 0x00000204b0c26be0 Exception <a 'java/lang/NoSuchMethodError'{0x000000065d326df0}: 'int java.lang.invoke.DirectMethodHandle$Holder.invokeStaticInit(java.lang.Object, java.lang.Object, java.lang.Object, java.lang.Object)'> (0x000000065d326df0) 
thrown [s\open\src\hotspot\share\interpreter\linkResolver.cpp, line 759]
Event: 0.447 Thread 0x00000204b0c26be0 Exception <a 'java/lang/NoSuchMethodError'{0x000000065d331240}: 'java.lang.Object java.lang.invoke.DirectMethodHandle$Holder.invokeInterface(java.lang.Object, java.lang.Object)'> (0x000000065d331240) 
thrown [s\open\src\hotspot\share\interpreter\linkResolver.cpp, line 759]
Event: 0.447 Thread 0x00000204b0c26be0 Exception <a 'java/lang/IncompatibleClassChangeError'{0x000000065d3348b8}: Found class java.lang.Object, but interface was expected> (0x000000065d3348b8) 
thrown [s\open\src\hotspot\share\interpreter\linkResolver.cpp, line 826]
Event: 0.448 Thread 0x00000204b0c26be0 Exception <a 'java/lang/NoSuchMethodError'{0x000000065d3378a8}: 'void java.lang.invoke.DirectMethodHandle$Holder.invokeStaticInit(java.lang.Object, java.lang.Object)'> (0x000000065d3378a8) 
thrown [s\open\src\hotspot\share\interpreter\linkResolver.cpp, line 759]
Event: 0.448 Thread 0x00000204b0c26be0 Exception <a 'java/lang/NoSuchMethodError'{0x000000065d33d5f8}: 'int java.lang.invoke.DirectMethodHandle$Holder.invokeStaticInit(java.lang.Object, java.lang.Object)'> (0x000000065d33d5f8) 
thrown [s\open\src\hotspot\share\interpreter\linkResolver.cpp, line 759]

VM Operations (20 events):
Event: 0.256 Executing VM operation: HandshakeAllThreads
Event: 0.256 Executing VM operation: HandshakeAllThreads done
Event: 0.418 Executing VM operation: HandshakeAllThreads
Event: 0.418 Executing VM operation: HandshakeAllThreads done
Event: 0.431 Executing VM operation: HandshakeAllThreads
Event: 0.431 Executing VM operation: HandshakeAllThreads done
Event: 0.433 Executing VM operation: HandshakeAllThreads
Event: 0.433 Executing VM operation: HandshakeAllThreads done
Event: 0.455 Executing VM operation: HandshakeAllThreads
Event: 0.455 Executing VM operation: HandshakeAllThreads done
Event: 0.470 Executing VM operation: G1CollectForAllocation
Event: 0.473 Executing VM operation: G1CollectForAllocation done
Event: 0.474 Executing VM operation: HandshakeAllThreads
Event: 0.474 Executing VM operation: HandshakeAllThreads done
Event: 0.474 Executing VM operation: HandshakeAllThreads
Event: 0.474 Executing VM operation: HandshakeAllThreads done
Event: 0.721 Executing VM operation: G1CollectForAllocation
Event: 0.723 Executing VM operation: G1CollectForAllocation done
Event: 1.034 Executing VM operation: HandshakeAllThreads
Event: 1.035 Executing VM operation: HandshakeAllThreads done

Events (20 events):
Event: 1.115 loading class java/util/concurrent/LinkedBlockingQueue
Event: 1.115 loading class java/util/concurrent/BlockingQueue
Event: 1.115 loading class java/util/concurrent/BlockingQueue done
Event: 1.116 loading class java/util/AbstractQueue
Event: 1.116 loading class java/util/AbstractQueue done
Event: 1.116 loading class java/util/concurrent/LinkedBlockingQueue done
Event: 1.116 loading class java/util/concurrent/locks/AbstractQueuedSynchronizer$ConditionObject
Event: 1.116 loading class java/util/concurrent/locks/Condition
Event: 1.116 loading class java/util/concurrent/locks/Condition done
Event: 1.116 loading class java/util/concurrent/locks/AbstractQueuedSynchronizer$ConditionObject done
Event: 1.116 loading class java/util/concurrent/LinkedBlockingQueue$Node
Event: 1.116 loading class java/util/concurrent/LinkedBlockingQueue$Node done
Event: 1.116 loading class java/util/concurrent/Executors$DefaultThreadFactory
Event: 1.116 loading class java/util/concurrent/Executors$DefaultThreadFactory done
Event: 1.364 loading class java/lang/NoSuchFieldError
Event: 1.364 loading class java/lang/NoSuchFieldError done
Event: 1.420 loading class java/lang/Throwable$WrappedPrintStream
Event: 1.420 loading class java/lang/Throwable$PrintStreamOrWriter
Event: 1.420 loading class java/lang/Throwable$PrintStreamOrWriter done
Event: 1.420 loading class java/lang/Throwable$WrappedPrintStream done


Dynamic libraries:
0x00007ff6f0640000 - 0x00007ff6f0650000 	C:\Program Files\Java\jdk-17\bin\java.exe
0x00007ffd9c5f0000 - 0x00007ffd9c807000 	C:\WINDOWS\SYSTEM32\ntdll.dll
0x00007ffd9b3c0000 - 0x00007ffd9b484000 	C:\WINDOWS\System32\KERNEL32.DLL
0x00007ffd99ad0000 - 0x00007ffd99e8a000 	C:\WINDOWS\System32\KERNELBASE.dll
0x00007ffd99f10000 - 0x00007ffd9a021000 	C:\WINDOWS\System32\ucrtbase.dll
0x00007ffd7a040000 - 0x00007ffd7a059000 	C:\Program Files\Java\jdk-17\bin\jli.dll
0x00007ffd74030000 - 0x00007ffd7404b000 	C:\Program Files\Java\jdk-17\bin\VCRUNTIME140.dll
0x00007ffd9a350000 - 0x00007ffd9a402000 	C:\WINDOWS\System32\ADVAPI32.dll
0x00007ffd9a480000 - 0x00007ffd9a527000 	C:\WINDOWS\System32\msvcrt.dll
0x00007ffd9be60000 - 0x00007ffd9bf07000 	C:\WINDOWS\System32\sechost.dll
0x00007ffd9a030000 - 0x00007ffd9a058000 	C:\WINDOWS\System32\bcrypt.dll
0x00007ffd9c430000 - 0x00007ffd9c544000 	C:\WINDOWS\System32\RPCRT4.dll
0x00007ffd9bc30000 - 0x00007ffd9bdde000 	C:\WINDOWS\System32\USER32.dll
0x00007ffd99a20000 - 0x00007ffd99a46000 	C:\WINDOWS\System32\win32u.dll
0x00007ffd9bde0000 - 0x00007ffd9be09000 	C:\WINDOWS\System32\GDI32.dll
0x00007ffd82110000 - 0x00007ffd823a2000 	C:\WINDOWS\WinSxS\amd64_microsoft.windows.common-controls_6595b64144ccf1df_6.0.22621.4541_none_2710d1c57384c085\COMCTL32.dll
0x00007ffd9a060000 - 0x00007ffd9a17b000 	C:\WINDOWS\System32\gdi32full.dll
0x00007ffd998c0000 - 0x00007ffd9995a000 	C:\WINDOWS\System32\msvcp_win.dll
0x00007ffd95680000 - 0x00007ffd9568a000 	C:\WINDOWS\SYSTEM32\VERSION.dll
0x00007ffd9be20000 - 0x00007ffd9be51000 	C:\WINDOWS\System32\IMM32.DLL
0x00007ffd7a690000 - 0x00007ffd7a69c000 	C:\Program Files\Java\jdk-17\bin\vcruntime140_1.dll
0x00007ffd59550000 - 0x00007ffd595de000 	C:\Program Files\Java\jdk-17\bin\msvcp140.dll
0x00007ffd515c0000 - 0x00007ffd521a1000 	C:\Program Files\Java\jdk-17\bin\server\jvm.dll
0x00007ffd9b490000 - 0x00007ffd9b498000 	C:\WINDOWS\System32\PSAPI.DLL
0x00007ffd84a90000 - 0x00007ffd84a99000 	C:\WINDOWS\SYSTEM32\WSOCK32.dll
0x00007ffd8ea70000 - 0x00007ffd8eaa4000 	C:\WINDOWS\SYSTEM32\WINMM.dll
0x00007ffd9b8e0000 - 0x00007ffd9b951000 	C:\WINDOWS\System32\WS2_32.dll
0x00007ffd98830000 - 0x00007ffd98848000 	C:\WINDOWS\SYSTEM32\kernel.appcore.dll
0x00007ffd77680000 - 0x00007ffd7768a000 	C:\Program Files\Java\jdk-17\bin\jimage.dll
0x00007ffd8fd30000 - 0x00007ffd8ff62000 	C:\WINDOWS\SYSTEM32\DBGHELP.DLL
0x00007ffd9b4a0000 - 0x00007ffd9b82f000 	C:\WINDOWS\System32\combase.dll
0x00007ffd9c350000 - 0x00007ffd9c427000 	C:\WINDOWS\System32\OLEAUT32.dll
0x00007ffd8d6a0000 - 0x00007ffd8d6d2000 	C:\WINDOWS\SYSTEM32\dbgcore.DLL
0x00007ffd99e90000 - 0x00007ffd99f0b000 	C:\WINDOWS\System32\bcryptPrimitives.dll
0x00007ffd37430000 - 0x00007ffd3743e000 	C:\Program Files\Java\jdk-17\bin\instrument.dll
0x00007ffd68090000 - 0x00007ffd680b5000 	C:\Program Files\Java\jdk-17\bin\java.dll
0x00007ffd58f80000 - 0x00007ffd59057000 	C:\Program Files\Java\jdk-17\bin\jsvml.dll
0x00007ffd9a9d0000 - 0x00007ffd9b248000 	C:\WINDOWS\System32\SHELL32.dll
0x00007ffd976f0000 - 0x00007ffd97ff8000 	C:\WINDOWS\SYSTEM32\windows.storage.dll
0x00007ffd975b0000 - 0x00007ffd976ef000 	C:\WINDOWS\SYSTEM32\wintypes.dll
0x00007ffd9bf90000 - 0x00007ffd9c08a000 	C:\WINDOWS\System32\SHCORE.dll
0x00007ffd9c550000 - 0x00007ffd9c5ae000 	C:\WINDOWS\System32\shlwapi.dll
0x00007ffd99780000 - 0x00007ffd997ab000 	C:\WINDOWS\SYSTEM32\profapi.dll
0x00007ffd73600000 - 0x00007ffd73618000 	C:\Program Files\Java\jdk-17\bin\zip.dll
0x00007ffd93410000 - 0x00007ffd93429000 	C:\Program Files\Java\jdk-17\bin\net.dll
0x00007ffd954d0000 - 0x00007ffd95606000 	C:\WINDOWS\SYSTEM32\WINHTTP.dll
0x00007ffd98ca0000 - 0x00007ffd98d09000 	C:\WINDOWS\system32\mswsock.dll
0x00007ffd73f60000 - 0x00007ffd73f76000 	C:\Program Files\Java\jdk-17\bin\nio.dll
0x00007ffd356d0000 - 0x00007ffd356ea000 	D:\Program Files\JetBrains\IntelliJ IDEA 2023.2.5\bin\breakgen64.dll
0x00000204ddae0000 - 0x00000204ddae4000 	C:\Users\70852\.javacpp\cache\javacpp-1.5.7-windows-x86_64.jar\org\bytedeco\javacpp\windows-x86_64\api-ms-win-crt-locale-l1-1-0.dll
0x00000204ddaf0000 - 0x00000204ddaf5000 	C:\Users\70852\.javacpp\cache\javacpp-1.5.7-windows-x86_64.jar\org\bytedeco\javacpp\windows-x86_64\api-ms-win-crt-string-l1-1-0.dll
0x00000204ddb00000 - 0x00000204ddb05000 	C:\Users\70852\.javacpp\cache\javacpp-1.5.7-windows-x86_64.jar\org\bytedeco\javacpp\windows-x86_64\api-ms-win-crt-stdio-l1-1-0.dll
0x00000204ddb10000 - 0x00000204ddb16000 	C:\Users\70852\.javacpp\cache\javacpp-1.5.7-windows-x86_64.jar\org\bytedeco\javacpp\windows-x86_64\api-ms-win-crt-math-l1-1-0.dll
0x00000204ddb20000 - 0x00000204ddb24000 	C:\Users\70852\.javacpp\cache\javacpp-1.5.7-windows-x86_64.jar\org\bytedeco\javacpp\windows-x86_64\api-ms-win-crt-heap-l1-1-0.dll
0x00000204ddb30000 - 0x00000204ddb35000 	C:\Users\70852\.javacpp\cache\javacpp-1.5.7-windows-x86_64.jar\org\bytedeco\javacpp\windows-x86_64\api-ms-win-crt-runtime-l1-1-0.dll
0x00000204ddb40000 - 0x00000204ddb45000 	C:\Users\70852\.javacpp\cache\javacpp-1.5.7-windows-x86_64.jar\org\bytedeco\javacpp\windows-x86_64\api-ms-win-crt-convert-l1-1-0.dll
0x00000204ddb50000 - 0x00000204ddb54000 	C:\Users\70852\.javacpp\cache\javacpp-1.5.7-windows-x86_64.jar\org\bytedeco\javacpp\windows-x86_64\api-ms-win-crt-environment-l1-1-0.dll
0x00000204ddb60000 - 0x00000204ddb64000 	C:\Users\70852\.javacpp\cache\javacpp-1.5.7-windows-x86_64.jar\org\bytedeco\javacpp\windows-x86_64\api-ms-win-crt-time-l1-1-0.dll
0x00000204ddb70000 - 0x00000204ddb74000 	C:\Users\70852\.javacpp\cache\javacpp-1.5.7-windows-x86_64.jar\org\bytedeco\javacpp\windows-x86_64\api-ms-win-crt-filesystem-l1-1-0.dll
0x00000204ddb80000 - 0x00000204ddb84000 	C:\Users\70852\.javacpp\cache\javacpp-1.5.7-windows-x86_64.jar\org\bytedeco\javacpp\windows-x86_64\api-ms-win-crt-utility-l1-1-0.dll
0x00000204ddb90000 - 0x00000204ddb96000 	C:\Users\70852\.javacpp\cache\javacpp-1.5.7-windows-x86_64.jar\org\bytedeco\javacpp\windows-x86_64\api-ms-win-crt-multibyte-l1-1-0.dll
0x00000204ddba0000 - 0x00000204ddba4000 	C:\Users\70852\.javacpp\cache\javacpp-1.5.7-windows-x86_64.jar\org\bytedeco\javacpp\windows-x86_64\api-ms-win-crt-conio-l1-1-0.dll
0x00000204ddbb0000 - 0x00000204ddbc1000 	C:\Users\70852\.javacpp\cache\javacpp-1.5.7-windows-x86_64.jar\org\bytedeco\javacpp\windows-x86_64\api-ms-win-crt-private-l1-1-0.dll
0x00000204ddbd0000 - 0x00000204ddbd4000 	C:\Users\70852\.javacpp\cache\javacpp-1.5.7-windows-x86_64.jar\org\bytedeco\javacpp\windows-x86_64\api-ms-win-crt-process-l1-1-0.dll
0x00000204ddbe0000 - 0x00000204ddbe4000 	C:\Users\70852\.javacpp\cache\javacpp-1.5.7-windows-x86_64.jar\org\bytedeco\javacpp\windows-x86_64\api-ms-win-core-console-l1-2-0.dll
0x00000204ddbf0000 - 0x00000204ddbf4000 	C:\Users\70852\.javacpp\cache\javacpp-1.5.7-windows-x86_64.jar\org\bytedeco\javacpp\windows-x86_64\api-ms-win-core-string-l1-1-0.dll
0x00000204ddc00000 - 0x00000204ddc04000 	C:\Users\70852\.javacpp\cache\javacpp-1.5.7-windows-x86_64.jar\org\bytedeco\javacpp\windows-x86_64\api-ms-win-core-errorhandling-l1-1-0.dll
0x00000204ddc10000 - 0x00000204ddc14000 	C:\Users\70852\.javacpp\cache\javacpp-1.5.7-windows-x86_64.jar\org\bytedeco\javacpp\windows-x86_64\api-ms-win-core-timezone-l1-1-0.dll
0x00000204ddc20000 - 0x00000204ddc25000 	C:\Users\70852\.javacpp\cache\javacpp-1.5.7-windows-x86_64.jar\org\bytedeco\javacpp\windows-x86_64\api-ms-win-core-file-l1-1-0.dll
0x00000204ddc30000 - 0x00000204ddc34000 	C:\Users\70852\.javacpp\cache\javacpp-1.5.7-windows-x86_64.jar\org\bytedeco\javacpp\windows-x86_64\api-ms-win-core-namedpipe-l1-1-0.dll
0x00000204ddc40000 - 0x00000204ddc44000 	C:\Users\70852\.javacpp\cache\javacpp-1.5.7-windows-x86_64.jar\org\bytedeco\javacpp\windows-x86_64\api-ms-win-core-handle-l1-1-0.dll
0x00000204ddc50000 - 0x00000204ddc54000 	C:\Users\70852\.javacpp\cache\javacpp-1.5.7-windows-x86_64.jar\org\bytedeco\javacpp\windows-x86_64\api-ms-win-core-file-l2-1-0.dll
0x00000204ddc60000 - 0x00000204ddc64000 	C:\Users\70852\.javacpp\cache\javacpp-1.5.7-windows-x86_64.jar\org\bytedeco\javacpp\windows-x86_64\api-ms-win-core-heap-l1-1-0.dll
0x00000204ddc70000 - 0x00000204ddc74000 	C:\Users\70852\.javacpp\cache\javacpp-1.5.7-windows-x86_64.jar\org\bytedeco\javacpp\windows-x86_64\api-ms-win-core-libraryloader-l1-1-0.dll
0x00000204ddc80000 - 0x00000204ddc84000 	C:\Users\70852\.javacpp\cache\javacpp-1.5.7-windows-x86_64.jar\org\bytedeco\javacpp\windows-x86_64\api-ms-win-core-synch-l1-1-0.dll
0x00000204ddc90000 - 0x00000204ddc94000 	C:\Users\70852\.javacpp\cache\javacpp-1.5.7-windows-x86_64.jar\org\bytedeco\javacpp\windows-x86_64\api-ms-win-core-processthreads-l1-1-0.dll
0x00000204ddca0000 - 0x00000204ddca4000 	C:\Users\70852\.javacpp\cache\javacpp-1.5.7-windows-x86_64.jar\org\bytedeco\javacpp\windows-x86_64\api-ms-win-core-processenvironment-l1-1-0.dll
0x00000204ddcb0000 - 0x00000204ddcb4000 	C:\Users\70852\.javacpp\cache\javacpp-1.5.7-windows-x86_64.jar\org\bytedeco\javacpp\windows-x86_64\api-ms-win-core-datetime-l1-1-0.dll
0x00000204ddcc0000 - 0x00000204ddcc4000 	C:\Users\70852\.javacpp\cache\javacpp-1.5.7-windows-x86_64.jar\org\bytedeco\javacpp\windows-x86_64\api-ms-win-core-localization-l1-2-0.dll
0x00000204ddcd0000 - 0x00000204ddcd4000 	C:\Users\70852\.javacpp\cache\javacpp-1.5.7-windows-x86_64.jar\org\bytedeco\javacpp\windows-x86_64\api-ms-win-core-sysinfo-l1-1-0.dll
0x00000204dde20000 - 0x00000204dde24000 	C:\Users\70852\.javacpp\cache\javacpp-1.5.7-windows-x86_64.jar\org\bytedeco\javacpp\windows-x86_64\api-ms-win-core-synch-l1-2-0.dll
0x00000204ddce0000 - 0x00000204ddce4000 	C:\Users\70852\.javacpp\cache\javacpp-1.5.7-windows-x86_64.jar\org\bytedeco\javacpp\windows-x86_64\api-ms-win-core-console-l1-1-0.dll
0x00000204ddcf0000 - 0x00000204ddcf4000 	C:\Users\70852\.javacpp\cache\javacpp-1.5.7-windows-x86_64.jar\org\bytedeco\javacpp\windows-x86_64\api-ms-win-core-debug-l1-1-0.dll
0x00000204ddd00000 - 0x00000204ddd04000 	C:\Users\70852\.javacpp\cache\javacpp-1.5.7-windows-x86_64.jar\org\bytedeco\javacpp\windows-x86_64\api-ms-win-core-rtlsupport-l1-1-0.dll
0x00000204ddd10000 - 0x00000204ddd14000 	C:\Users\70852\.javacpp\cache\javacpp-1.5.7-windows-x86_64.jar\org\bytedeco\javacpp\windows-x86_64\api-ms-win-core-processthreads-l1-1-1.dll
0x00000204ddd20000 - 0x00000204ddd24000 	C:\Users\70852\.javacpp\cache\javacpp-1.5.7-windows-x86_64.jar\org\bytedeco\javacpp\windows-x86_64\api-ms-win-core-file-l1-2-0.dll
0x00000204ddd30000 - 0x00000204ddd34000 	C:\Users\70852\.javacpp\cache\javacpp-1.5.7-windows-x86_64.jar\org\bytedeco\javacpp\windows-x86_64\api-ms-win-core-profile-l1-1-0.dll
0x00000204ddd40000 - 0x00000204ddd44000 	C:\Users\70852\.javacpp\cache\javacpp-1.5.7-windows-x86_64.jar\org\bytedeco\javacpp\windows-x86_64\api-ms-win-core-memory-l1-1-0.dll
0x00000204ddd50000 - 0x00000204ddd54000 	C:\Users\70852\.javacpp\cache\javacpp-1.5.7-windows-x86_64.jar\org\bytedeco\javacpp\windows-x86_64\api-ms-win-core-util-l1-1-0.dll
0x00000204ddd60000 - 0x00000204ddd64000 	C:\Users\70852\.javacpp\cache\javacpp-1.5.7-windows-x86_64.jar\org\bytedeco\javacpp\windows-x86_64\api-ms-win-core-interlocked-l1-1-0.dll
0x00007ffd88d90000 - 0x00007ffd88ea1000 	C:\Users\70852\.javacpp\cache\javacpp-1.5.7-windows-x86_64.jar\org\bytedeco\javacpp\windows-x86_64\ucrtbase.dll
0x00007ffd8dfa0000 - 0x00007ffd8dfbb000 	C:\Users\70852\.javacpp\cache\javacpp-1.5.7-windows-x86_64.jar\org\bytedeco\javacpp\windows-x86_64\vcruntime140.dll
0x00007ffd93c50000 - 0x00007ffd93c5c000 	C:\Users\70852\.javacpp\cache\javacpp-1.5.7-windows-x86_64.jar\org\bytedeco\javacpp\windows-x86_64\vcruntime140_1.dll
0x00007ffd88d00000 - 0x00007ffd88d8d000 	C:\Users\70852\.javacpp\cache\javacpp-1.5.7-windows-x86_64.jar\org\bytedeco\javacpp\windows-x86_64\msvcp140.dll
0x00007ffd93400000 - 0x00007ffd93409000 	C:\Users\70852\.javacpp\cache\javacpp-1.5.7-windows-x86_64.jar\org\bytedeco\javacpp\windows-x86_64\msvcp140_1.dll
0x00007ffd88f20000 - 0x00007ffd88f6e000 	C:\Users\70852\.javacpp\cache\javacpp-1.5.7-windows-x86_64.jar\org\bytedeco\javacpp\windows-x86_64\concrt140.dll
0x00007ffd88cc0000 - 0x00007ffd88cf1000 	C:\Users\70852\.javacpp\cache\javacpp-1.5.7-windows-x86_64.jar\org\bytedeco\javacpp\windows-x86_64\vcomp140.dll
0x00007ffd8e080000 - 0x00007ffd8e08e000 	C:\Users\70852\.javacpp\cache\javacpp-1.5.7-windows-x86_64.jar\org\bytedeco\javacpp\windows-x86_64\jnijavacpp.dll
0x00007ffd873c0000 - 0x00007ffd875bb000 	C:\Users\70852\.javacpp\cache\ffmpeg-5.0-1.5.7-windows-x86_64.jar\org\bytedeco\ffmpeg\windows-x86_64\avutil-57.dll
0x00007ffd9c1a0000 - 0x00007ffd9c345000 	C:\WINDOWS\System32\ole32.dll
0x000000006fe00000 - 0x000000006ff13000 	C:\Users\70852\.javacpp\cache\ffmpeg-5.0-1.5.7-windows-x86_64.jar\org\bytedeco\ffmpeg\windows-x86_64\jniavutil.dll
0x00007ffd8df70000 - 0x00007ffd8df96000 	C:\Users\70852\.javacpp\cache\ffmpeg-5.0-1.5.7-windows-x86_64.jar\org\bytedeco\ffmpeg\windows-x86_64\swresample-4.dll
0x0000000070080000 - 0x00000000700b5000 	C:\Users\70852\.javacpp\cache\ffmpeg-5.0-1.5.7-windows-x86_64.jar\org\bytedeco\ffmpeg\windows-x86_64\jniswresample.dll
0x00007ffd095b0000 - 0x00007ffd0ae56000 	C:\Users\70852\.javacpp\cache\ffmpeg-5.0-1.5.7-windows-x86_64.jar\org\bytedeco\ffmpeg\windows-x86_64\avcodec-59.dll
0x00007ffd882a0000 - 0x00007ffd8846e000 	C:\WINDOWS\SYSTEM32\MFPlat.DLL
0x00007ffd99450000 - 0x00007ffd9949e000 	C:\WINDOWS\SYSTEM32\cfgmgr32.dll
0x00007ffd85f20000 - 0x00007ffd85f53000 	C:\WINDOWS\SYSTEM32\RTWorkQ.DLL
0x000000006a1c0000 - 0x000000006a299000 	C:\Users\70852\.javacpp\cache\ffmpeg-5.0-1.5.7-windows-x86_64.jar\org\bytedeco\ffmpeg\windows-x86_64\jniavcodec.dll
0x00007ffd56b90000 - 0x00007ffd573bd000 	C:\Users\70852\.javacpp\cache\ffmpeg-5.0-1.5.7-windows-x86_64.jar\org\bytedeco\ffmpeg\windows-x86_64\avformat-59.dll
0x00007ffd9a180000 - 0x00007ffd9a2e6000 	C:\WINDOWS\System32\CRYPT32.dll
0x00007ffd98ea0000 - 0x00007ffd98eac000 	C:\WINDOWS\SYSTEM32\CRYPTBASE.DLL
0x000000006abc0000 - 0x000000006ac77000 	C:\Users\70852\.javacpp\cache\ffmpeg-5.0-1.5.7-windows-x86_64.jar\org\bytedeco\ffmpeg\windows-x86_64\jniavformat.dll
0x00007ffd630b0000 - 0x00007ffd630c7000 	C:\WINDOWS\system32\napinsp.dll
0x00007ffd63090000 - 0x00007ffd630ab000 	C:\WINDOWS\system32\pnrpnsp.dll
0x00007ffd982d0000 - 0x00007ffd983d2000 	C:\WINDOWS\SYSTEM32\DNSAPI.dll
0x00007ffd98260000 - 0x00007ffd9828d000 	C:\WINDOWS\SYSTEM32\IPHLPAPI.DLL
0x00007ffd9be10000 - 0x00007ffd9be19000 	C:\WINDOWS\System32\NSI.dll
0x00007ffd63070000 - 0x00007ffd63081000 	C:\WINDOWS\System32\winrnr.dll
0x00007ffd74d60000 - 0x00007ffd74d75000 	C:\WINDOWS\system32\wshbth.dll
0x00007ffd63040000 - 0x00007ffd63067000 	C:\WINDOWS\system32\nlansp_c.dll

dbghelp: loaded successfully - version: 4.0.5 - missing functions: none
symbol engine: initialized successfully - sym options: 0x614 - pdb path: .;C:\Program Files\Java\jdk-17\bin;C:\WINDOWS\SYSTEM32;C:\WINDOWS\WinSxS\amd64_microsoft.windows.common-controls_6595b64144ccf1df_6.0.22621.4541_none_2710d1c57384c085;C:\Program Files\Java\jdk-17\bin\server;D:\Program Files\JetBrains\IntelliJ IDEA 2023.2.5\bin;C:\Users\70852\.javacpp\cache\javacpp-1.5.7-windows-x86_64.jar\org\bytedeco\javacpp\windows-x86_64;C:\Users\70852\.javacpp\cache\ffmpeg-5.0-1.5.7-windows-x86_64.jar\org\bytedeco\ffmpeg\windows-x86_64

VM Arguments:
jvm_args: -javaagent:D:\Program Files\JetBrains\IntelliJ IDEA 2023.2.5\lib\idea_rt.jar=16211:D:\Program Files\JetBrains\IntelliJ IDEA 2023.2.5\bin -Dfile.encoding=UTF-8 
java_command: com.saigou.LiveStreamProcessor
java_class_path (initial): C:\Users\70852\Desktop\´úÂë\ºó¶Ë\pandaSystem\analyzer-server-10001\target\classes;C:\Users\70852\.m2\repository\org\bytedeco\javacv-platform\1.5.7\javacv-platform-1.5.7.jar;C:\Users\70852\.m2\repository\org\bytedeco\javacv\1.5.7\javacv-1.5.7.jar;C:\Users\70852\.m2\repository\org\bytedeco\javacpp\1.5.7\javacpp-1.5.7.jar;C:\Users\70852\.m2\repository\org\bytedeco\openblas\0.3.19-1.5.7\openblas-0.3.19-1.5.7.jar;C:\Users\70852\.m2\repository\org\bytedeco\opencv\4.5.5-1.5.7\opencv-4.5.5-1.5.7.jar;C:\Users\70852\.m2\repository\org\bytedeco\ffmpeg\5.0-1.5.7\ffmpeg-5.0-1.5.7.jar;C:\Users\70852\.m2\repository\org\bytedeco\flycapture\2.13.3.31-1.5.7\flycapture-2.13.3.31-1.5.7.jar;C:\Users\70852\.m2\repository\org\bytedeco\libdc1394\2.2.6-1.5.7\libdc1394-2.2.6-1.5.7.jar;C:\Users\70852\.m2\repository\org\bytedeco\libfreenect\0.5.7-1.5.7\libfreenect-0.5.7-1.5.7.jar;C:\Users\70852\.m2\repository\org\bytedeco\libfreenect2\0.2.0-1.5.7\libfreenect2-0.2.0-1.5.7.jar;C:\Users\70852\.m2\repository\org\bytedeco\librealsense\1.12.4-1.5.7\librealsense-1.12.4-1.5.7.jar;C:\Users\70852\.m2\repository\org\bytedeco\librealsense2\2.50.0-1.5.7\librealsense2-2.50.0-1.5.7.jar;C:\Users\70852\.m2\repository\org\bytedeco\videoinput\0.200-1.5.7\videoinput-0.200-1.5.7.jar;C:\Users\70852\.m2\repository\org\bytedeco\artoolkitplus\2.3.1-1.5.7\artoolkitplus-2.3.1-1.5.7.jar;C:\Users\70852\.m2\repository\org\bytedeco\flandmark\1.07-1.5.7\flandmark-1.07-1.5.7.jar;C:\Users\70852\.m2\repository\org\bytedeco\leptonica\1.82.0-1.5.7\leptonica-1.82.0-1.5.7.jar;C:\Users\70852\.m2\repository\org\bytedeco\tesseract\5.0.1-1.5.7\tesseract-5.0.1-1.5.7.jar;C:\Users\70852\.m2\repository\org\bytedeco\openblas-platform\0.3.19-1.5.7\openblas-platform-0.3.19-1.5.7.jar;C:\Users\70852\.m2\repository\org\bytedeco\javacpp-platform\1.5.7\javacpp-platform-1.5.7.jar;C:\Users\70852\.m2\repository\org\bytedeco\javacpp\1.5.7\javacpp-1.5.7-android-arm.jar;C:\Users\70852\.m2\repository\org\bytedeco\javacpp\1.5.
Launcher Type: SUN_STANDARD

[Global flags]
     intx CICompilerCount                          = 12                                        {product} {ergonomic}
     uint ConcGCThreads                            = 3                                         {product} {ergonomic}
     uint G1ConcRefinementThreads                  = 13                                        {product} {ergonomic}
   size_t G1HeapRegionSize                         = 4194304                                   {product} {ergonomic}
    uintx GCDrainStackTargetSize                   = 64                                        {product} {ergonomic}
   size_t InitialHeapSize                          = 469762048                                 {product} {ergonomic}
   size_t MarkStackSize                            = 4194304                                   {product} {ergonomic}
   size_t MaxHeapSize                              = 7478444032                                {product} {ergonomic}
   size_t MaxNewSize                               = 4483710976                                {product} {ergonomic}
   size_t MinHeapDeltaBytes                        = 4194304                                   {product} {ergonomic}
   size_t MinHeapSize                              = 8388608                                   {product} {ergonomic}
    uintx NonNMethodCodeHeapSize                   = 7602480                                {pd product} {ergonomic}
    uintx NonProfiledCodeHeapSize                  = 122027880                              {pd product} {ergonomic}
    uintx ProfiledCodeHeapSize                     = 122027880                              {pd product} {ergonomic}
    uintx ReservedCodeCacheSize                    = 251658240                              {pd product} {ergonomic}
     bool SegmentedCodeCache                       = true                                      {product} {ergonomic}
   size_t SoftMaxHeapSize                          = 7478444032                             {manageable} {ergonomic}
     bool UseCompressedClassPointers               = true                           {product lp64_product} {ergonomic}
     bool UseCompressedOops                        = true                           {product lp64_product} {ergonomic}
     bool UseG1GC                                  = true                                      {product} {ergonomic}
     bool UseLargePagesIndividualAllocation        = false                                  {pd product} {ergonomic}

Logging:
Log output configuration:
 #0: stdout all=warning uptime,level,tags
 #1: stderr all=off uptime,level,tags

Environment Variables:
PATH=C:\Program Files\ImageMagick-7.1.1-Q16-HDRI;C:\Python312\Scripts\;C:\Python312\;C:\Program Files\Common Files\Oracle\Java\javapath;C:\WINDOWS\system32;C:\WINDOWS;C:\WINDOWS\System32\Wbem;C:\WINDOWS\System32\WindowsPowerShell\v1.0\;C:\WINDOWS\System32\OpenSSH\;D:\ProgramData\anaconda3\Library\bin;D:\ProgramData\anaconda3\Library;D:\ProgramData\anaconda3\Library\usr\bin;D:\ProgramData\anaconda3;D:\ProgramData\anaconda3\Scripts;D:\ProgramData\anaconda3\Library\mingw-w64\bin;C:\ProgramData\chocolatey\bin;C:\Program Files\dotnet\;C:\Program Files (x86)\Windows Kits\10\Windows Performance Toolkit\;C:\Users\70852\AppData\Roaming\nvm;D:\Program Files\nodejs;C:\Program Files\nodejs\;C:\Program Files\Git\cmd;C:\Users\70852\AppData\Local\Microsoft\WindowsApps;D:\Program Files\JetBrains\PyCharm 2023.2.4\bin;D:\Program Files\JetBrains\IntelliJ IDEA 2023.2.5\bin;D:\ProgramData\anaconda3\Library\bin;D:\ProgramData\anaconda3;D:\ProgramData\anaconda3\Scripts;D:\ProgramData\anaconda3\Library\usr\bin;D:\ProgramData\anaconda3\Library\mingw-w64\bin;C:\Users\70852\.dotnet\tools;D:\Program Files (x86)\Microsoft VS Code\bin;C:\Users\70852\AppData\Roaming\nvm;D:\Program Files\nodejs;C:\Users\70852\AppData\Local\Programs\Fiddler;D:\Program Files (x86)\vcpkg;C:\Program Files\platform-tools;C:\Users\70852\AppData\Roaming\npm;%USERPROFILE%\AppData\Local\Microsoft\WindowsApps;
USERNAME=70852
OS=Windows_NT
PROCESSOR_IDENTIFIER=AMD64 Family 25 Model 80 Stepping 0, AuthenticAMD



---------------  S Y S T E M  ---------------

OS:
 Windows 11 , 64 bit Build 22621 (10.0.22621.4391)
OS uptime: 0 days 2:14 hours
Hyper-V role detected

CPU: total 16 (initial active 16) (16 cores per cpu, 2 threads per core) family 25 model 80 stepping 0 microcode 0x0, cx8, cmov, fxsr, ht, mmx, 3dnowpref, sse, sse2, sse3, ssse3, sse4a, sse4.1, sse4.2, popcnt, lzcnt, tsc, tscinvbit, avx, avx2, aes, erms, clmul, bmi1, bmi2, adx, sha, fma, vzeroupper, clflush, clflushopt, hv

Memory: 4k page, system-wide physical 28524M (12553M free)
TotalPageFile size 34668M (AvailPageFile size 9373M)
current process WorkingSet (physical memory assigned to process): 264M, peak: 294M
current process commit charge ("private bytes"): 747M, peak: 775M

vm_info: Java HotSpot(TM) 64-Bit Server VM (17.0.9+11-LTS-201) for windows-amd64 JRE (17.0.9+11-LTS-201), built on Oct 10 2023 23:16:06 by "mach5one" with MS VC++ 17.1 (VS2022)

END.
