#
# A fatal error has been detected by the Java Runtime Environment:
#
#  EXCEPTION_ACCESS_VIOLATION (0xc0000005) at pc=0x00007ff96564451d, pid=21864, tid=20812
#
# JRE version: Java(TM) SE Runtime Environment (17.0.9+11) (build 17.0.9+11-LTS-201)
# Java VM: Java HotSpot(TM) 64-Bit Server VM (17.0.9+11-LTS-201, mixed mode, sharing, tiered, compressed oops, compressed class ptrs, g1 gc, windows-amd64)
# Problematic frame:
# C  0x00007ff96564451d
#
# No core dump will be written. Minidumps are not enabled by default on client versions of Windows
#
# If you would like to submit a bug report, please visit:
#   https://bugreport.java.com/bugreport/crash.jsp
# The crash happened outside the Java Virtual Machine in native code.
# See problematic frame for where to report the bug.
#

---------------  S U M M A R Y ------------

Command Line: -javaagent:D:\Program Files\JetBrains\IntelliJ IDEA 2023.2.5\lib\idea_rt.jar=15367:D:\Program Files\JetBrains\IntelliJ IDEA 2023.2.5\bin -Dfile.encoding=GBK com.saigou.Processor

Host: AMD Ryzen 7 5800H with Radeon Graphics         , 16 cores, 31G,  Windows 11 , 64 bit Build 26100 (10.0.26100.3094)
Time: Sun Feb 23 05:31:28 2025  Windows 11 , 64 bit Build 26100 (10.0.26100.3094) elapsed time: 4.194058 seconds (0d 0h 0m 4s)

---------------  T H R E A D  ---------------

Current thread (0x000001561a7176f0):  JavaThread "Thread-3" [_thread_in_native, id=20812, stack(0x000000264df00000,0x000000264e000000)]

Stack: [0x000000264df00000,0x000000264e000000],  sp=0x000000264dfff120,  free space=1020k
Native frames: (J=compiled Java code, j=interpreted, Vv=VM code, C=native code)
C  0x00007ff96564451d

Java frames: (J=compiled Java code, j=interpreted, Vv=VM code)
j  org.bytedeco.ffmpeg.global.swscale.sws_scale(Lorg/bytedeco/ffmpeg/swscale/SwsContext;Lorg/bytedeco/javacpp/PointerPointer;Lorg/bytedeco/javacpp/IntPointer;IILorg/bytedeco/javacpp/PointerPointer;Lorg/bytedeco/javacpp/IntPointer;)I+0
j  org.bytedeco.javacv.FFmpegFrameRecorder.recordImage(IIIIII[Ljava/nio/Buffer;)Z+641
j  org.bytedeco.javacv.FFmpegFrameRecorder.record(Lorg/bytedeco/javacv/Frame;I)V+70
j  org.bytedeco.javacv.FFmpegFrameRecorder.record(Lorg/bytedeco/javacv/Frame;)V+30
j  com.saigou.thread.PushStreamThread.run()V+202
v  ~StubRoutines::call_stub

siginfo: EXCEPTION_ACCESS_VIOLATION (0xc0000005), reading address 0x0000015716296000


Register to memory mapping:

RIP=0x00007ff96564451d points into unknown readable memory: c4 c1 7a
RAX=0x000001570c4ca2b0 points into unknown readable memory: 0x00004087000020de | de 20 00 00 87 40 00 00
RBX=0x0000000000000010 is an unknown value
RCX=0x000001561d516880 points into unknown readable memory: 0x6fe6cbe974170ab3 | b3 0a 17 74 e9 cb e6 6f
RDX=0x000001561d517060 points into unknown readable memory: 0x5f353117d1bcd5b7 | b7 d5 bc d1 17 31 35 5f
RSP=0x000000264dfff120 is pointing into the stack for thread: 0x000001561a7176f0
RBP=0x00000000000003c0 is an unknown value
RSI=0x00000000000010b8 is an unknown value
RDI=0x000001570c4c0880 points into unknown readable memory: 0x00007ff9656729e0 | e0 29 67 65 f9 7f 00 00
R8 =0x00000157162959c0 is an unknown value
R9 =0x0000015716295ff0 is an unknown value
R10=0x00000157162959c0 is an unknown value
R11=0xfffffffffffffca0 is an unknown value
R12=0x00000000000010b8 is an unknown value
R13=0x0000000000000020 is an unknown value
R14=0x000001570c4ca2b0 points into unknown readable memory: 0x00004087000020de | de 20 00 00 87 40 00 00
R15=0x000001559a53ef10 points into unknown readable memory: 0x000001570c30a5c0 | c0 a5 30 0c 57 01 00 00


Registers:
RAX=0x000001570c4ca2b0, RBX=0x0000000000000010, RCX=0x000001561d516880, RDX=0x000001561d517060
RSP=0x000000264dfff120, RBP=0x00000000000003c0, RSI=0x00000000000010b8, RDI=0x000001570c4c0880
R8 =0x00000157162959c0, R9 =0x0000015716295ff0, R10=0x00000157162959c0, R11=0xfffffffffffffca0
R12=0x00000000000010b8, R13=0x0000000000000020, R14=0x000001570c4ca2b0, R15=0x000001559a53ef10
RIP=0x00007ff96564451d, EFLAGS=0x0000000000010286

Top of Stack: (sp=0x000000264dfff120)
0x000000264dfff120:   0000000000000000 000001561a7176f0
0x000000264dfff130:   000001560e37a5d0 00007ff9580f0f25
0x000000264dfff140:   0000000000000000 0000000000000000
0x000000264dfff150:   0000000000000000 0000000000000000
0x000000264dfff160:   0000000000000000 0000000000000000
0x000000264dfff170:   0000000000000000 0000000000000000
0x000000264dfff180:   0000000000000000 0000000000000000
0x000000264dfff190:   0000000000000000 00007ff9655f2870
0x000000264dfff1a0:   0000000000000000 0000000000000000
0x000000264dfff1b0:   0000000000000000 0000000000000000
0x000000264dfff1c0:   00000157162959c0 00000000000003c0
0x000000264dfff1d0:   000001570c4ca2b0 00007ff965642b7e
0x000000264dfff1e0:   000000264dfff1f0 000001570c4ca2b0
0x000000264dfff1f0:   00000157162959c0 00000157162959c0
0x000000264dfff200:   00000157162959c0 00000157162959c0
0x000000264dfff210:   0000021c00000000 000001559a53ef10 

Instructions: (pc=0x00007ff96564451d)
0x00007ff96564441d:   c5 f8 28 74 24 08 c3 90 90 90 90 90 90 90 90 90
0x00007ff96564442d:   90 90 90 48 83 ec 58 c5 f8 29 74 24 60 c5 f8 29
0x00007ff96564443d:   7c 24 70 c5 78 29 44 24 20 c5 78 29 4c 24 30 c5
0x00007ff96564444d:   78 29 54 24 40 4c 8b 94 24 80 00 00 00 4c 8b 9c
0x00007ff96564445d:   24 88 00 00 00 c4 41 79 6f 43 40 c4 41 79 6f 4b
0x00007ff96564446d:   50 e9 0b ff ff ff 90 90 90 90 90 90 90 90 90 90
0x00007ff96564447d:   90 90 90 48 83 ec 78 c5 f8 29 b4 24 80 00 00 00
0x00007ff96564448d:   c5 f8 29 bc 24 90 00 00 00 c5 78 29 44 24 20 c5
0x00007ff96564449d:   78 29 4c 24 30 c5 78 29 54 24 40 c5 78 29 5c 24
0x00007ff9656444ad:   50 c5 78 29 64 24 60 4c 8b 94 24 a0 00 00 00 4c
0x00007ff9656444bd:   8b 9c 24 a8 00 00 00 48 8b 84 24 b0 00 00 00 c5
0x00007ff9656444cd:   79 6f 80 a0 00 00 00 c5 79 6f 88 b0 00 00 00 c5
0x00007ff9656444dd:   79 6f 90 e0 00 00 00 c5 79 6f 98 f0 00 00 00 c5
0x00007ff9656444ed:   f9 6f 3d dc 16 03 00 c5 79 6f 25 e4 16 03 00 4c
0x00007ff9656444fd:   63 9c 24 a8 00 00 00 4d 01 db 4c 01 d9 4c 01 da
0x00007ff96564450d:   49 f7 db c5 f9 6f 35 a8 16 03 00 c4 c1 7a 6f 01
0x00007ff96564451d:   c4 c1 7a 6f 61 0c c4 c2 79 00 cc c4 e2 79 00 c7
0x00007ff96564452d:   c4 c1 79 f5 d2 c4 c1 71 f5 db c4 c1 79 f5 c0 c4
0x00007ff96564453d:   c1 71 f5 c9 c5 f9 fe c1 c5 e9 fe d3 c4 c2 59 00
0x00007ff96564454d:   ec c4 e2 59 00 e7 49 83 c1 18 c4 c1 59 f5 c8 c4
0x00007ff96564455d:   c1 51 f5 d9 c4 c1 59 f5 e2 c4 c1 51 f5 eb c5 f1
0x00007ff96564456d:   fe cb c5 d9 fe e5 c5 f9 fe c6 c5 e9 fe d6 c5 f1
0x00007ff96564457d:   fe ce c5 d9 fe e6 c5 f9 72 e0 09 c5 e9 72 e2 09
0x00007ff96564458d:   c5 f1 72 e1 09 c5 d9 72 e4 09 c5 f9 6b c1 c5 e9
0x00007ff96564459d:   6b d4 c4 a1 79 7f 04 19 c4 a1 79 7f 14 1a 49 83
0x00007ff9656445ad:   c3 10 0f 8c 63 ff ff ff c5 78 28 64 24 60 c5 78
0x00007ff9656445bd:   28 5c 24 50 c5 78 28 54 24 40 c5 78 28 4c 24 30
0x00007ff9656445cd:   c5 78 28 44 24 20 48 83 c4 78 c5 f8 28 7c 24 18
0x00007ff9656445dd:   c5 f8 28 74 24 08 c3 90 90 90 90 90 90 90 90 90
0x00007ff9656445ed:   90 90 90 48 83 ec 78 c5 f8 29 b4 24 80 00 00 00
0x00007ff9656445fd:   c5 f8 29 bc 24 90 00 00 00 c5 78 29 44 24 20 c5
0x00007ff96564460d:   78 29 4c 24 30 c5 78 29 54 24 40 c5 78 29 5c 24 


Stack slot to memory mapping:
stack at sp + 0 slots: 0x0 is NULL
stack at sp + 1 slots: 0x000001561a7176f0 is a thread
stack at sp + 2 slots: {method} {0x000001560e37a5d8} 'sws_scale' '(Lorg/bytedeco/ffmpeg/swscale/SwsContext;Lorg/bytedeco/javacpp/PointerPointer;Lorg/bytedeco/javacpp/IntPointer;IILorg/bytedeco/javacpp/PointerPointer;Lorg/bytedeco/javacpp/IntPointer;)I' in 'org/bytedeco/ffmpeg/global/swscale'
stack at sp + 3 slots: 0x00007ff9580f0f25 jvm.dll
stack at sp + 4 slots: 0x0 is NULL
stack at sp + 5 slots: 0x0 is NULL
stack at sp + 6 slots: 0x0 is NULL
stack at sp + 7 slots: 0x0 is NULL


---------------  P R O C E S S  ---------------

Threads class SMR info:
_java_thread_list=0x000001561896a230, length=59, elements={
0x000001559de5cc60, 0x00000155c8856110, 0x00000155c88578f0, 0x00000155c886e720,
0x00000155cb6c7fb0, 0x00000155cb6c8490, 0x00000155cb6d1fc0, 0x00000155cb6d27d0,
0x00000155cb6e5c30, 0x00000155cb6e6240, 0x00000155c8842220, 0x00000155cb931bb0,
0x000001561216e700, 0x00000156114f1010, 0x0000015611b5ef20, 0x000001561a71a480,
0x000001561a71a990, 0x000001561a718b30, 0x000001561a719f70, 0x000001561a719040,
0x000001561a719550, 0x000001561a719a60, 0x000001561a7171e0, 0x000001561a7176f0,
0x000001561a718110, 0x000001561a717c00, 0x0000015617138790, 0x0000015617138280,
0x000001561713a5f0, 0x00000156171396c0, 0x000001561713ab00, 0x000001561713b010,
0x000001561713b520, 0x0000015617137d70, 0x000001561713ba30, 0x000001561713bf40,
0x000001561713c450, 0x0000015617138ca0, 0x000001561713c960, 0x0000015617139bd0,
0x00000156171391b0, 0x000001561713ce70, 0x000001561713d380, 0x000001561713d890,
0x000001561713a0e0, 0x000001561713f1e0, 0x000001561713e2b0, 0x000001561713e7c0,
0x000001561713dda0, 0x000001561713ecd0, 0x000001561713f6f0, 0x000001561782c9c0,
0x000001561782d3e0, 0x00000156172c5e70, 0x000001561782ced0, 0x000001561782f750,
0x000001561782e310, 0x00000156172c10e0, 0x0000015618890530
}

Java Threads: ( => current thread )
  0x000001559de5cc60 JavaThread "main" [_thread_blocked, id=30320, stack(0x0000002647e00000,0x0000002647f00000)]
  0x00000155c8856110 JavaThread "Reference Handler" daemon [_thread_blocked, id=21636, stack(0x0000002648500000,0x0000002648600000)]
  0x00000155c88578f0 JavaThread "Finalizer" daemon [_thread_blocked, id=18196, stack(0x0000002648600000,0x0000002648700000)]
  0x00000155c886e720 JavaThread "Signal Dispatcher" daemon [_thread_blocked, id=23936, stack(0x0000002648700000,0x0000002648800000)]
  0x00000155cb6c7fb0 JavaThread "Attach Listener" daemon [_thread_blocked, id=22032, stack(0x0000002648800000,0x0000002648900000)]
  0x00000155cb6c8490 JavaThread "Service Thread" daemon [_thread_blocked, id=9508, stack(0x0000002648900000,0x0000002648a00000)]
  0x00000155cb6d1fc0 JavaThread "Monitor Deflation Thread" daemon [_thread_blocked, id=25848, stack(0x0000002648a00000,0x0000002648b00000)]
  0x00000155cb6d27d0 JavaThread "C2 CompilerThread0" daemon [_thread_blocked, id=24816, stack(0x0000002648b00000,0x0000002648c00000)]
  0x00000155cb6e5c30 JavaThread "C1 CompilerThread0" daemon [_thread_blocked, id=28364, stack(0x0000002648c00000,0x0000002648d00000)]
  0x00000155cb6e6240 JavaThread "Sweeper thread" daemon [_thread_blocked, id=17996, stack(0x0000002648d00000,0x0000002648e00000)]
  0x00000155c8842220 JavaThread "Common-Cleaner" daemon [_thread_blocked, id=30496, stack(0x0000002648e00000,0x0000002648f00000)]
  0x00000155cb931bb0 JavaThread "C1 CompilerThread1" daemon [_thread_in_vm, id=13456, stack(0x0000002648f00000,0x0000002649000000)]
  0x000001561216e700 JavaThread "Monitor Ctrl-Break" daemon [_thread_in_native, id=25980, stack(0x0000002649300000,0x0000002649400000)]
  0x00000156114f1010 JavaThread "Notification Thread" daemon [_thread_blocked, id=9992, stack(0x0000002649400000,0x0000002649500000)]
  0x0000015611b5ef20 JavaThread "JavaCPP Deallocator" daemon [_thread_blocked, id=22876, stack(0x0000002649600000,0x0000002649700000)]
  0x000001561a71a480 JavaThread "grpc-nio-worker-ELG-1-1" daemon [_thread_in_native, id=15412, stack(0x000000264a400000,0x000000264a500000)]
  0x000001561a71a990 JavaThread "grpc-default-executor-0" daemon [_thread_blocked, id=9592, stack(0x000000264b600000,0x000000264b700000)]
  0x000001561a718b30 JavaThread "grpc-default-executor-1" daemon [_thread_blocked, id=30044, stack(0x000000264b700000,0x000000264b800000)]
  0x000001561a719f70 JavaThread "grpc-default-executor-2" daemon [_thread_blocked, id=17708, stack(0x000000264b800000,0x000000264b900000)]
  0x000001561a719040 JavaThread "grpc-nio-worker-ELG-1-2" daemon [_thread_in_Java, id=20856, stack(0x000000264d800000,0x000000264d900000)]
  0x000001561a719550 JavaThread "Thread-0" [_thread_in_native, id=21696, stack(0x0000002649000000,0x0000002649100000)]
  0x000001561a719a60 JavaThread "Thread-1" [_thread_blocked, id=23684, stack(0x000000264a200000,0x000000264a300000)]
  0x000001561a7171e0 JavaThread "Thread-2" [_thread_in_Java, id=26980, stack(0x000000264c800000,0x000000264c900000)]
=>0x000001561a7176f0 JavaThread "Thread-3" [_thread_in_native, id=20812, stack(0x000000264df00000,0x000000264e000000)]
  0x000001561a718110 JavaThread "pool-2-thread-1" [_thread_blocked, id=27952, stack(0x000000264e000000,0x000000264e100000)]
  0x000001561a717c00 JavaThread "pool-2-thread-2" [_thread_blocked, id=23296, stack(0x000000264e100000,0x000000264e200000)]
  0x0000015617138790 JavaThread "pool-2-thread-3" [_thread_blocked, id=11804, stack(0x000000264e200000,0x000000264e300000)]
  0x0000015617138280 JavaThread "pool-2-thread-4" [_thread_in_native, id=28120, stack(0x000000264e300000,0x000000264e400000)]
  0x000001561713a5f0 JavaThread "pool-2-thread-5" [_thread_blocked, id=28176, stack(0x000000264e400000,0x000000264e500000)]
  0x00000156171396c0 JavaThread "pool-2-thread-6" [_thread_blocked, id=12744, stack(0x000000264e500000,0x000000264e600000)]
  0x000001561713ab00 JavaThread "pool-2-thread-7" [_thread_blocked, id=28264, stack(0x000000264e600000,0x000000264e700000)]
  0x000001561713b010 JavaThread "pool-2-thread-8" [_thread_blocked, id=25004, stack(0x000000264e700000,0x000000264e800000)]
  0x000001561713b520 JavaThread "pool-2-thread-9" [_thread_blocked, id=21244, stack(0x000000264e800000,0x000000264e900000)]
  0x0000015617137d70 JavaThread "pool-2-thread-10" [_thread_blocked, id=29888, stack(0x000000264e900000,0x000000264ea00000)]
  0x000001561713ba30 JavaThread "pool-2-thread-11" [_thread_in_native, id=27040, stack(0x000000264ea00000,0x000000264eb00000)]
  0x000001561713bf40 JavaThread "pool-2-thread-12" [_thread_blocked, id=27936, stack(0x000000264eb00000,0x000000264ec00000)]
  0x000001561713c450 JavaThread "pool-2-thread-13" [_thread_blocked, id=18768, stack(0x000000264ec00000,0x000000264ed00000)]
  0x0000015617138ca0 JavaThread "pool-2-thread-14" [_thread_blocked, id=1640, stack(0x000000264ed00000,0x000000264ee00000)]
  0x000001561713c960 JavaThread "pool-2-thread-15" [_thread_blocked, id=24824, stack(0x000000264ee00000,0x000000264ef00000)]
  0x0000015617139bd0 JavaThread "pool-2-thread-16" [_thread_blocked, id=28916, stack(0x000000264ef00000,0x000000264f000000)]
  0x00000156171391b0 JavaThread "pool-3-thread-1" [_thread_blocked, id=25400, stack(0x000000264f700000,0x000000264f800000)]
  0x000001561713ce70 JavaThread "pool-3-thread-2" [_thread_blocked, id=1796, stack(0x000000264f800000,0x000000264f900000)]
  0x000001561713d380 JavaThread "pool-3-thread-3" [_thread_blocked, id=26312, stack(0x000000264f900000,0x000000264fa00000)]
  0x000001561713d890 JavaThread "pool-3-thread-4" [_thread_in_native, id=6276, stack(0x000000264fa00000,0x000000264fb00000)]
  0x000001561713a0e0 JavaThread "pool-3-thread-5" [_thread_blocked, id=23560, stack(0x000000264fb00000,0x000000264fc00000)]
  0x000001561713f1e0 JavaThread "pool-3-thread-6" [_thread_blocked, id=21236, stack(0x000000264fc00000,0x000000264fd00000)]
  0x000001561713e2b0 JavaThread "pool-3-thread-7" [_thread_blocked, id=3900, stack(0x000000264fd00000,0x000000264fe00000)]
  0x000001561713e7c0 JavaThread "pool-3-thread-8" [_thread_blocked, id=27308, stack(0x000000264fe00000,0x000000264ff00000)]
  0x000001561713dda0 JavaThread "pool-3-thread-9" [_thread_blocked, id=24368, stack(0x000000264ff00000,0x0000002650000000)]
  0x000001561713ecd0 JavaThread "pool-3-thread-10" [_thread_blocked, id=2512, stack(0x0000002650000000,0x0000002650100000)]
  0x000001561713f6f0 JavaThread "pool-3-thread-11" [_thread_blocked, id=30480, stack(0x0000002650100000,0x0000002650200000)]
  0x000001561782c9c0 JavaThread "pool-3-thread-12" [_thread_blocked, id=23332, stack(0x0000002650200000,0x0000002650300000)]
  0x000001561782d3e0 JavaThread "pool-3-thread-13" [_thread_blocked, id=22620, stack(0x0000002650300000,0x0000002650400000)]
  0x00000156172c5e70 JavaThread "C2 CompilerThread1" daemon [_thread_blocked, id=30112, stack(0x0000002650400000,0x0000002650500000)]
  0x000001561782ced0 JavaThread "pool-3-thread-14" [_thread_blocked, id=17216, stack(0x0000002650500000,0x0000002650600000)]
  0x000001561782f750 JavaThread "pool-3-thread-15" [_thread_blocked, id=2236, stack(0x0000002650600000,0x0000002650700000)]
  0x000001561782e310 JavaThread "pool-3-thread-16" [_thread_blocked, id=10428, stack(0x0000002650700000,0x0000002650800000)]
  0x00000156172c10e0 JavaThread "C1 CompilerThread2" daemon [_thread_blocked, id=10120, stack(0x0000002650800000,0x0000002650900000)]
  0x0000015618890530 JavaThread "C1 CompilerThread3" daemon [_thread_blocked, id=4328, stack(0x0000002650900000,0x0000002650a00000)]

Other Threads:
  0x00000155c8851660 VMThread "VM Thread" [stack: 0x0000002648400000,0x0000002648500000] [id=27652]
  0x000001559deeb3f0 WatcherThread [stack: 0x0000002649500000,0x0000002649600000] [id=27948]
  0x00000155c86b0c90 GCTaskThread "GC Thread#0" [stack: 0x0000002647f00000,0x0000002648000000] [id=28376]
  0x000001561186ba90 GCTaskThread "GC Thread#1" [stack: 0x0000002649700000,0x0000002649800000] [id=2488]
  0x0000015611d38ea0 GCTaskThread "GC Thread#2" [stack: 0x0000002649800000,0x0000002649900000] [id=23012]
  0x0000015611aebd00 GCTaskThread "GC Thread#3" [stack: 0x0000002649900000,0x0000002649a00000] [id=5792]
  0x0000015611c0dc40 GCTaskThread "GC Thread#4" [stack: 0x0000002649a00000,0x0000002649b00000] [id=2756]
  0x0000015611c0df00 GCTaskThread "GC Thread#5" [stack: 0x0000002649b00000,0x0000002649c00000] [id=30352]
  0x00000156112b8670 GCTaskThread "GC Thread#6" [stack: 0x0000002649c00000,0x0000002649d00000] [id=28016]
  0x0000015611aee660 GCTaskThread "GC Thread#7" [stack: 0x0000002649d00000,0x0000002649e00000] [id=2552]
  0x0000015611141760 GCTaskThread "GC Thread#8" [stack: 0x0000002649e00000,0x0000002649f00000] [id=24012]
  0x0000015611141e30 GCTaskThread "GC Thread#9" [stack: 0x0000002649f00000,0x000000264a000000] [id=14812]
  0x0000015611142980 GCTaskThread "GC Thread#10" [stack: 0x000000264a000000,0x000000264a100000] [id=18108]
  0x0000015611e47770 GCTaskThread "GC Thread#11" [stack: 0x000000264a100000,0x000000264a200000] [id=22440]
  0x0000015619c7bef0 GCTaskThread "GC Thread#12" [stack: 0x000000264a300000,0x000000264a400000] [id=25804]
  0x000001559deda6f0 ConcurrentGCThread "G1 Main Marker" [stack: 0x0000002648000000,0x0000002648100000] [id=22860]
  0x000001559dedcb20 ConcurrentGCThread "G1 Conc#0" [stack: 0x0000002648100000,0x0000002648200000] [id=23848]
  0x00000156122ab7a0 ConcurrentGCThread "G1 Conc#1" [stack: 0x0000002649100000,0x0000002649200000] [id=29188]
  0x000001561562f320 ConcurrentGCThread "G1 Conc#2" [stack: 0x0000002649200000,0x0000002649300000] [id=30136]
  0x000001559df0e480 ConcurrentGCThread "G1 Refine#0" [stack: 0x0000002648200000,0x0000002648300000] [id=12400]
  0x000001559df0e960 ConcurrentGCThread "G1 Service" [stack: 0x0000002648300000,0x0000002648400000] [id=13752]

Threads with active compile tasks:

VM state: not at safepoint (normal execution)

VM Mutex/Monitor currently owned by a thread: None

Heap address: 0x0000000602400000, size: 8156 MB, Compressed Oops mode: Zero based, Oop shift amount: 3

CDS archive(s) mapped at: [0x00000155cc000000-0x00000155ccbd0000-0x00000155ccbd0000), size 12386304, SharedBaseAddress: 0x00000155cc000000, ArchiveRelocationMode: 1.
Compressed class space mapped at: 0x00000155cd000000-0x000001560d000000, reserved size: 1073741824
Narrow klass base: 0x00000155cc000000, Narrow klass shift: 0, Narrow klass range: 0x100000000

GC Precious Log:
 CPUs: 16 total, 16 available
 Memory: 32620M
 Large Page Support: Disabled
 NUMA Support: Disabled
 Compressed Oops: Enabled (Zero based)
 Heap Region Size: 4M
 Heap Min Capacity: 8M
 Heap Initial Capacity: 512M
 Heap Max Capacity: 8156M
 Pre-touch: Disabled
 Parallel Workers: 13
 Concurrent Workers: 3
 Concurrent Refinement Workers: 13
 Periodic GC: Disabled

Heap:
 garbage-first heap   total 81920K, used 27029K [0x0000000602400000, 0x0000000800000000)
  region size 4096K, 4 young (16384K), 1 survivors (4096K)
 Metaspace       used 23322K, committed 23488K, reserved 1114112K
  class space    used 2218K, committed 2304K, reserved 1048576K

Heap Regions: E=young(eden), S=young(survivor), O=old, HS=humongous(starts), HC=humongous(continues), CS=collection set, F=free, OA=open archive, CA=closed archive, TAMS=top-at-mark-start (previous, next)
|   0|0x0000000602400000, 0x0000000602800000, 0x0000000602800000|100%| O|  |TAMS 0x0000000602800000, 0x0000000602400000| Untracked 
|   1|0x0000000602800000, 0x0000000602c00000, 0x0000000602c00000|100%| O|  |TAMS 0x0000000602c00000, 0x0000000602800000| Untracked 
|   2|0x0000000602c00000, 0x0000000602c00000, 0x0000000603000000|  0%| F|  |TAMS 0x0000000602c00000, 0x0000000602c00000| Untracked 
|   3|0x0000000603000000, 0x0000000603400000, 0x0000000603400000|100%| O|  |TAMS 0x0000000603000000, 0x0000000603000000| Untracked 
|   4|0x0000000603400000, 0x0000000603800000, 0x0000000603800000|100%| O|  |TAMS 0x0000000603400000, 0x0000000603400000| Untracked 
|   5|0x0000000603800000, 0x0000000603980c00, 0x0000000603c00000| 37%| O|  |TAMS 0x0000000603800000, 0x0000000603800000| Untracked 
|   6|0x0000000603c00000, 0x0000000603c00000, 0x0000000604000000|  0%| F|  |TAMS 0x0000000603c00000, 0x0000000603c00000| Untracked 
|   7|0x0000000604000000, 0x0000000604000000, 0x0000000604400000|  0%| F|  |TAMS 0x0000000604000000, 0x0000000604000000| Untracked 
|   8|0x0000000604400000, 0x0000000604400000, 0x0000000604800000|  0%| F|  |TAMS 0x0000000604400000, 0x0000000604400000| Untracked 
|   9|0x0000000604800000, 0x0000000604800000, 0x0000000604c00000|  0%| F|  |TAMS 0x0000000604800000, 0x0000000604800000| Untracked 
|  10|0x0000000604c00000, 0x0000000604c00000, 0x0000000605000000|  0%| F|  |TAMS 0x0000000604c00000, 0x0000000604c00000| Untracked 
|  11|0x0000000605000000, 0x0000000605000000, 0x0000000605400000|  0%| F|  |TAMS 0x0000000605000000, 0x0000000605000000| Untracked 
|  12|0x0000000605400000, 0x0000000605400000, 0x0000000605800000|  0%| F|  |TAMS 0x0000000605400000, 0x0000000605400000| Untracked 
|  13|0x0000000605800000, 0x0000000605800000, 0x0000000605c00000|  0%| F|  |TAMS 0x0000000605800000, 0x0000000605800000| Untracked 
|  14|0x0000000605c00000, 0x0000000605c00000, 0x0000000606000000|  0%| F|  |TAMS 0x0000000605c00000, 0x0000000605c00000| Untracked 
|  15|0x0000000606000000, 0x0000000606000000, 0x0000000606400000|  0%| F|  |TAMS 0x0000000606000000, 0x0000000606000000| Untracked 
|  16|0x0000000606400000, 0x00000006067ec310, 0x0000000606800000| 98%| E|  |TAMS 0x0000000606400000, 0x0000000606400000| Complete 
| 113|0x000000061e800000, 0x000000061ec00000, 0x000000061ec00000|100%| E|CS|TAMS 0x000000061e800000, 0x000000061e800000| Complete 
| 114|0x000000061ec00000, 0x000000061ece48a0, 0x000000061f000000| 22%| S|CS|TAMS 0x000000061ec00000, 0x000000061ec00000| Complete 
| 127|0x0000000622000000, 0x0000000622400000, 0x0000000622400000|100%| E|CS|TAMS 0x0000000622000000, 0x0000000622000000| Complete 

Card table byte_map: [0x00000155b66e0000,0x00000155b76d0000] _byte_map_base: 0x00000155b36ce000

Marking Bits (Prev, Next): (CMBitMap*) 0x000001559dec9dd0, (CMBitMap*) 0x000001559dec9d90
 Prev Bits: [0x00000155c0630000, 0x00000155c85a0000)
 Next Bits: [0x00000155b86c0000, 0x00000155c0630000)

Polling page: 0x000001559df10000

Metaspace:

Usage:
  Non-class:     20.61 MB used.
      Class:      2.17 MB used.
       Both:     22.78 MB used.

Virtual space:
  Non-class space:       64.00 MB reserved,      20.69 MB ( 32%) committed,  1 nodes.
      Class space:        1.00 GB reserved,       2.25 MB ( <1%) committed,  1 nodes.
             Both:        1.06 GB reserved,      22.94 MB (  2%) committed. 

Chunk freelists:
   Non-Class:  11.16 MB
       Class:  13.59 MB
        Both:  24.75 MB

MaxMetaspaceSize: unlimited
CompressedClassSpaceSize: 1.00 GB
Initial GC threshold: 21.00 MB
Current GC threshold: 35.25 MB
CDS: on
MetaspaceReclaimPolicy: balanced
 - commit_granule_bytes: 65536.
 - commit_granule_words: 8192.
 - virtual_space_node_default_size: 8388608.
 - enlarge_chunks_in_place: 1.
 - new_chunks_are_fully_committed: 0.
 - uncommit_free_chunks: 1.
 - use_allocation_guard: 0.
 - handle_deallocations: 1.


Internal statistics:

num_allocs_failed_limit: 3.
num_arena_births: 124.
num_arena_deaths: 0.
num_vsnodes_births: 2.
num_vsnodes_deaths: 0.
num_space_committed: 365.
num_space_uncommitted: 0.
num_chunks_returned_to_freelist: 3.
num_chunks_taken_from_freelist: 762.
num_chunk_merges: 3.
num_chunk_splits: 654.
num_chunks_enlarged: 588.
num_inconsistent_stats: 0.

CodeHeap 'non-profiled nmethods': size=119168Kb used=2293Kb max_used=2293Kb free=116874Kb
 bounds [0x00000155ad2d0000, 0x00000155ad540000, 0x00000155b4730000]
CodeHeap 'profiled nmethods': size=119104Kb used=6706Kb max_used=6706Kb free=112397Kb
 bounds [0x00000155a5730000, 0x00000155a5dc0000, 0x00000155acb80000]
CodeHeap 'non-nmethods': size=7488Kb used=3407Kb max_used=3434Kb free=4080Kb
 bounds [0x00000155acb80000, 0x00000155acef0000, 0x00000155ad2d0000]
 total_blobs=4047 nmethods=2928 adapters=1028
 compilation: enabled
              stopped_count=0, restarted_count=0
 full_count=0

Compilation events (20 events):
Event: 4.156 Thread 0x00000156172c10e0 2569       3       io.grpc.internal.CompositeReadableBuffer$3::read (13 bytes)
Event: 4.156 Thread 0x00000156172c10e0 nmethod 2569 0x00000155a5ce4c90 code [0x00000155a5ce4e40, 0x00000155a5ce51a8]
Event: 4.156 Thread 0x00000155cb6e5c30 nmethod 2568 0x00000155a5ce5310 code [0x00000155a5ce54e0, 0x00000155a5ce59c8]
Event: 4.156 Thread 0x00000156172c10e0 2570       3       io.grpc.internal.CompositeReadableBuffer$3::read (15 bytes)
Event: 4.156 Thread 0x00000155cb6e5c30 2571       3       io.grpc.netty.shaded.io.grpc.netty.NettyReadableBuffer::readBytes (12 bytes)
Event: 4.156 Thread 0x00000155cb6e5c30 nmethod 2571 0x00000155a5ce5b10 code [0x00000155a5ce5cc0, 0x00000155a5ce5ea8]
Event: 4.156 Thread 0x00000156172c10e0 nmethod 2570 0x00000155a5ce5f90 code [0x00000155a5ce6140, 0x00000155a5ce6328]
Event: 4.156 Thread 0x00000155cb6e5c30 2572       3       io.grpc.netty.shaded.io.netty.buffer.AbstractUnpooledSlicedByteBuf::getBytes (26 bytes)
Event: 4.156 Thread 0x00000155cb931bb0 nmethod 2555 0x00000155a5ce6410 code [0x00000155a5ce68c0, 0x00000155a5ce9198]
Event: 4.156 Thread 0x00000156172c5e70 2573       4       io.grpc.netty.shaded.io.netty.buffer.PoolChunk::runPages (10 bytes)
Event: 4.156 Thread 0x00000156172c10e0 2567       1       io.grpc.netty.shaded.io.netty.util.internal.shaded.org.jctools.queues.BaseMpscLinkedArrayQueueColdProducerFields::lvProducerLimit (5 bytes)
Event: 4.157 Thread 0x00000156172c10e0 nmethod 2567 0x00000155ad4fb510 code [0x00000155ad4fb6a0, 0x00000155ad4fb778]
Event: 4.157 Thread 0x00000155cb6e5c30 nmethod 2572 0x00000155a5ce9e10 code [0x00000155a5cea000, 0x00000155a5cea798]
Event: 4.157 Thread 0x00000156172c5e70 nmethod 2573 0x00000155ad4fb810 code [0x00000155ad4fb980, 0x00000155ad4fb9f8]
Event: 4.157 Thread 0x00000155cb6e5c30 2574       3       io.grpc.netty.shaded.io.netty.handler.codec.http2.DefaultHttp2FrameReader::readDataFrame (59 bytes)
Event: 4.158 Thread 0x00000155cb6e5c30 nmethod 2574 0x00000155a5ceaa10 code [0x00000155a5ceac60, 0x00000155a5ceb728]
Event: 4.158 Thread 0x00000155cb6e5c30 2575       3       java.util.Arrays::rangeCheck (74 bytes)
Event: 4.158 Thread 0x00000156172c10e0 2576       3       java.lang.Long::compare (22 bytes)
Event: 4.159 Thread 0x00000156172c10e0 nmethod 2576 0x00000155a5cebb90 code [0x00000155a5cebd40, 0x00000155a5cebf38]
Event: 4.159 Thread 0x00000155cb6e5c30 nmethod 2575 0x00000155a5cec010 code [0x00000155a5cec2c0, 0x00000155a5cecd08]

GC Heap History (12 events):
Event: 0.644 GC heap before
{Heap before GC invocations=0 (full 0):
 garbage-first heap   total 524288K, used 20480K [0x0000000602400000, 0x0000000800000000)
  region size 4096K, 6 young (24576K), 0 survivors (0K)
 Metaspace       used 1821K, committed 1920K, reserved 1114112K
  class space    used 140K, committed 192K, reserved 1048576K
}
Event: 0.647 GC heap after
{Heap after GC invocations=1 (full 0):
 garbage-first heap   total 524288K, used 11690K [0x0000000602400000, 0x0000000800000000)
  region size 4096K, 1 young (4096K), 1 survivors (4096K)
 Metaspace       used 1821K, committed 1920K, reserved 1114112K
  class space    used 140K, committed 192K, reserved 1048576K
}
Event: 0.947 GC heap before
{Heap before GC invocations=1 (full 0):
 garbage-first heap   total 524288K, used 32170K [0x0000000602400000, 0x0000000800000000)
  region size 4096K, 6 young (24576K), 1 survivors (4096K)
 Metaspace       used 2478K, committed 2624K, reserved 1114112K
  class space    used 157K, committed 192K, reserved 1048576K
}
Event: 0.949 GC heap after
{Heap after GC invocations=2 (full 0):
 garbage-first heap   total 524288K, used 12148K [0x0000000602400000, 0x0000000800000000)
  region size 4096K, 1 young (4096K), 1 survivors (4096K)
 Metaspace       used 2478K, committed 2624K, reserved 1114112K
  class space    used 157K, committed 192K, reserved 1048576K
}
Event: 2.200 GC heap before
{Heap before GC invocations=2 (full 0):
 garbage-first heap   total 524288K, used 77684K [0x0000000602400000, 0x0000000800000000)
  region size 4096K, 17 young (69632K), 1 survivors (4096K)
 Metaspace       used 10601K, committed 10816K, reserved 1114112K
  class space    used 1212K, committed 1344K, reserved 1048576K
}
Event: 2.202 GC heap after
{Heap after GC invocations=3 (full 0):
 garbage-first heap   total 524288K, used 15156K [0x0000000602400000, 0x0000000800000000)
  region size 4096K, 1 young (4096K), 1 survivors (4096K)
 Metaspace       used 10601K, committed 10816K, reserved 1114112K
  class space    used 1212K, committed 1344K, reserved 1048576K
}
Event: 2.764 GC heap before
{Heap before GC invocations=3 (full 0):
 garbage-first heap   total 524288K, used 142132K [0x0000000602400000, 0x0000000800000000)
  region size 4096K, 32 young (131072K), 1 survivors (4096K)
 Metaspace       used 20042K, committed 20224K, reserved 1114112K
  class space    used 1880K, committed 1984K, reserved 1048576K
}
Event: 2.767 GC heap after
{Heap after GC invocations=4 (full 0):
 garbage-first heap   total 524288K, used 17692K [0x0000000602400000, 0x0000000800000000)
  region size 4096K, 2 young (8192K), 2 survivors (8192K)
 Metaspace       used 20042K, committed 20224K, reserved 1114112K
  class space    used 1880K, committed 1984K, reserved 1048576K
}
Event: 2.989 GC heap before
{Heap before GC invocations=4 (full 0):
 garbage-first heap   total 524288K, used 66844K [0x0000000602400000, 0x0000000800000000)
  region size 4096K, 15 young (61440K), 2 survivors (8192K)
 Metaspace       used 21369K, committed 21504K, reserved 1114112K
  class space    used 2077K, committed 2176K, reserved 1048576K
}
Event: 2.990 GC heap after
{Heap after GC invocations=5 (full 0):
 garbage-first heap   total 524288K, used 17987K [0x0000000602400000, 0x0000000800000000)
  region size 4096K, 2 young (8192K), 2 survivors (8192K)
 Metaspace       used 21369K, committed 21504K, reserved 1114112K
  class space    used 2077K, committed 2176K, reserved 1048576K
}
Event: 4.151 GC heap before
{Heap before GC invocations=6 (full 0):
 garbage-first heap   total 81920K, used 54851K [0x0000000602400000, 0x0000000800000000)
  region size 4096K, 12 young (49152K), 2 survivors (8192K)
 Metaspace       used 23088K, committed 23296K, reserved 1114112K
  class space    used 2218K, committed 2304K, reserved 1048576K
}
Event: 4.154 GC heap after
{Heap after GC invocations=7 (full 0):
 garbage-first heap   total 81920K, used 19807K [0x0000000602400000, 0x0000000800000000)
  region size 4096K, 2 young (8192K), 2 survivors (8192K)
 Metaspace       used 23088K, committed 23296K, reserved 1114112K
  class space    used 2218K, committed 2304K, reserved 1048576K
}

Deoptimization events (20 events):
Event: 4.032 Thread 0x000001561713b010 Uncommon trap: trap_request=0xffffffde fr.pc=0x00000155ad47b800 relative=0x00000000000010e0
Event: 4.032 Thread 0x000001561713b010 Uncommon trap: reason=class_check action=maybe_recompile pc=0x00000155ad47b800 method=java.util.concurrent.ConcurrentHashMap.putVal(Ljava/lang/Object;Ljava/lang/Object;Z)Ljava/lang/Object; @ 242 c2
Event: 4.032 Thread 0x000001561713b010 DEOPT PACKING pc=0x00000155ad47b800 sp=0x000000264e7fe210
Event: 4.032 Thread 0x000001561713b010 DEOPT UNPACKING pc=0x00000155acbd23a3 sp=0x000000264e7fe190 mode 2
Event: 4.112 Thread 0x000001561a71a990 Uncommon trap: trap_request=0xffffff45 fr.pc=0x00000155ad30d780 relative=0x0000000000000180
Event: 4.112 Thread 0x000001561a71a990 Uncommon trap: reason=unstable_if action=reinterpret pc=0x00000155ad30d780 method=java.lang.StringLatin1.canEncode(I)Z @ 4 c2
Event: 4.112 Thread 0x000001561a71a990 DEOPT PACKING pc=0x00000155ad30d780 sp=0x000000264b6febe0
Event: 4.112 Thread 0x000001561a71a990 DEOPT UNPACKING pc=0x00000155acbd23a3 sp=0x000000264b6fea38 mode 2
Event: 4.113 Thread 0x000001561a71a990 Uncommon trap: trap_request=0xffffff45 fr.pc=0x00000155ad40b4d0 relative=0x00000000000006b0
Event: 4.113 Thread 0x000001561a71a990 Uncommon trap: reason=unstable_if action=reinterpret pc=0x00000155ad40b4d0 method=java.util.ArrayList.grow(I)[Ljava/lang/Object; @ 17 c2
Event: 4.113 Thread 0x000001561a71a990 DEOPT PACKING pc=0x00000155ad40b4d0 sp=0x000000264b6feef0
Event: 4.113 Thread 0x000001561a71a990 DEOPT UNPACKING pc=0x00000155acbd23a3 sp=0x000000264b6fed88 mode 2
Event: 4.114 Thread 0x000001561a71a990 Uncommon trap: trap_request=0xffffff45 fr.pc=0x00000155ad2eb1e8 relative=0x00000000000001c8
Event: 4.114 Thread 0x000001561a71a990 Uncommon trap: reason=unstable_if action=reinterpret pc=0x00000155ad2eb1e8 method=java.lang.StringLatin1.canEncode(I)Z @ 4 c2
Event: 4.114 Thread 0x000001561a71a990 DEOPT PACKING pc=0x00000155ad2eb1e8 sp=0x000000264b6feb70
Event: 4.114 Thread 0x000001561a71a990 DEOPT UNPACKING pc=0x00000155acbd23a3 sp=0x000000264b6fea38 mode 2
Event: 4.114 Thread 0x000001561a71a990 Uncommon trap: trap_request=0xffffff45 fr.pc=0x00000155ad2e81fc relative=0x000000000000017c
Event: 4.114 Thread 0x000001561a71a990 Uncommon trap: reason=unstable_if action=reinterpret pc=0x00000155ad2e81fc method=java.lang.StringLatin1.canEncode(I)Z @ 4 c2
Event: 4.114 Thread 0x000001561a71a990 DEOPT PACKING pc=0x00000155ad2e81fc sp=0x000000264b6feaf0
Event: 4.114 Thread 0x000001561a71a990 DEOPT UNPACKING pc=0x00000155acbd23a3 sp=0x000000264b6fea38 mode 2

Classes unloaded (0 events):
No events

Classes redefined (0 events):
No events

Internal exceptions (20 events):
Event: 0.590 Thread 0x000001559de5cc60 Exception <a 'java/lang/NoSuchMethodError'{0x0000000620e4c948}: 'java.lang.Object java.lang.invoke.DirectMethodHandle$Holder.invokeInterface(java.lang.Object, java.lang.Object)'> (0x0000000620e4c948) 
thrown [s\open\src\hotspot\share\interpreter\linkResolver.cpp, line 759]
Event: 0.590 Thread 0x000001559de5cc60 Exception <a 'java/lang/IncompatibleClassChangeError'{0x0000000620e4ffc0}: Found class java.lang.Object, but interface was expected> (0x0000000620e4ffc0) 
thrown [s\open\src\hotspot\share\interpreter\linkResolver.cpp, line 826]
Event: 0.591 Thread 0x000001559de5cc60 Exception <a 'java/lang/NoSuchMethodError'{0x0000000620e52fb0}: 'void java.lang.invoke.DirectMethodHandle$Holder.invokeStaticInit(java.lang.Object, java.lang.Object)'> (0x0000000620e52fb0) 
thrown [s\open\src\hotspot\share\interpreter\linkResolver.cpp, line 759]
Event: 0.591 Thread 0x000001559de5cc60 Exception <a 'java/lang/NoSuchMethodError'{0x0000000620e59d80}: 'int java.lang.invoke.DirectMethodHandle$Holder.invokeStaticInit(java.lang.Object, java.lang.Object)'> (0x0000000620e59d80) 
thrown [s\open\src\hotspot\share\interpreter\linkResolver.cpp, line 759]
Event: 1.246 Thread 0x000001559de5cc60 Implicit null exception at 0x00000155ad39be40 to 0x00000155ad3a5454
Event: 1.740 Thread 0x000001559de5cc60 Exception <a 'java/lang/NoSuchMethodError'{0x000000061ff39b88}: 'java.lang.Object java.lang.invoke.DirectMethodHandle$Holder.invokeSpecial(java.lang.Object, java.lang.Object, java.lang.Object, long, java.lang.Object)'> (0x000000061ff39b88) 
thrown [s\open\src\hotspot\share\interpreter\linkResolver.cpp, line 759]
Event: 1.740 Thread 0x000001559de5cc60 Exception <a 'java/lang/NoSuchMethodError'{0x000000061ff3d758}: 'java.lang.Object java.lang.invoke.Invokers$Holder.linkToTargetMethod(java.lang.Object, long, java.lang.Object, java.lang.Object)'> (0x000000061ff3d758) 
thrown [s\open\src\hotspot\share\interpreter\linkResolver.cpp, line 759]
Event: 1.751 Thread 0x000001559de5cc60 Exception <a 'java/lang/ClassNotFoundException'{0x000000061ff77b20}: javax/smartcardio/CardPermission> (0x000000061ff77b20) 
thrown [s\open\src\hotspot\share\classfile\systemDictionary.cpp, line 256]
Event: 1.753 Thread 0x000001559de5cc60 Exception <a 'java/io/FileNotFoundException'{0x000000061ff86068}> (0x000000061ff86068) 
thrown [s\open\src\hotspot\share\prims\jni.cpp, line 516]
Event: 1.774 Thread 0x000001559de5cc60 Implicit null exception at 0x00000155ad315bde to 0x00000155ad3165ec
Event: 1.903 Thread 0x000001559de5cc60 Exception <a 'java/lang/NoSuchMethodError'{0x000000061f1b0600}: 'java.lang.Object java.lang.invoke.DirectMethodHandle$Holder.invokeStaticInit(java.lang.Object, int, int, int, int)'> (0x000000061f1b0600) 
thrown [s\open\src\hotspot\share\interpreter\linkResolver.cpp, line 759]
Event: 2.007 Thread 0x000001559de5cc60 Exception <a 'java/lang/NoSuchMethodError'{0x000000061f306bf0}: 'java.lang.Object java.lang.invoke.DirectMethodHandle$Holder.invokeStaticInit(java.lang.Object, java.lang.Object, int, int, int, int)'> (0x000000061f306bf0) 
thrown [s\open\src\hotspot\share\interpreter\linkResolver.cpp, line 759]
Event: 2.022 Thread 0x000001559de5cc60 Exception <a 'java/lang/UnsatisfiedLinkError'{0x000000061f3a2598}: 'int io.grpc.netty.shaded.io.netty.channel.epoll.Native.offsetofEpollData()'> (0x000000061f3a2598) 
thrown [s\open\src\hotspot\share\prims\nativeLookup.cpp, line 543]
Event: 2.023 Thread 0x000001559de5cc60 Exception <a 'java/lang/ExceptionInInitializerError'{0x000000061f3a4de0}> (0x000000061f3a4de0) 
thrown [s\open\src\hotspot\share\oops\instanceKlass.cpp, line 1221]
Event: 2.447 Thread 0x000001561a71a990 Exception <a 'java/lang/NoSuchMethodError'{0x000000061f4ab6c8}: 'java.lang.Object java.lang.invoke.DirectMethodHandle$Holder.invokeStatic(java.lang.Object, java.lang.Object, long, java.lang.Object)'> (0x000000061f4ab6c8) 
thrown [s\open\src\hotspot\share\interpreter\linkResolver.cpp, line 759]
Event: 2.448 Thread 0x000001561a71a990 Exception <a 'java/lang/NoSuchMethodError'{0x000000061f4af160}: 'java.lang.Object java.lang.invoke.DirectMethodHandle$Holder.invokeStaticInit(java.lang.Object, java.lang.Object, long, java.lang.Object)'> (0x000000061f4af160) 
thrown [s\open\src\hotspot\share\interpreter\linkResolver.cpp, line 759]
Event: 2.448 Thread 0x000001561a71a990 Exception <a 'java/lang/NoSuchMethodError'{0x000000061f4b5760}: 'java.lang.Object java.lang.invoke.DirectMethodHandle$Holder.newInvokeSpecial(java.lang.Object, java.lang.Object, long)'> (0x000000061f4b5760) 
thrown [s\open\src\hotspot\share\interpreter\linkResolver.cpp, line 759]
Event: 2.448 Thread 0x000001561a71a990 Exception <a 'java/lang/NoSuchMethodError'{0x000000061f4b92d0}: 'java.lang.Object java.lang.invoke.Invokers$Holder.linkToTargetMethod(java.lang.Object, long, java.lang.Object)'> (0x000000061f4b92d0) 
thrown [s\open\src\hotspot\share\interpreter\linkResolver.cpp, line 759]
Event: 3.869 Thread 0x000001561a719a60 Exception <a 'java/lang/NoSuchMethodError'{0x0000000606067a78}: 'void java.lang.invoke.DirectMethodHandle$Holder.invokeSpecial(java.lang.Object, java.lang.Object, java.lang.Object)'> (0x0000000606067a78) 
thrown [s\open\src\hotspot\share\interpreter\linkResolver.cpp, line 759]
Event: 4.056 Thread 0x000001561a7171e0 Exception <a 'java/lang/NoSuchMethodError'{0x00000006052caad8}: 'java.lang.Object java.lang.invoke.DirectMethodHandle$Holder.newInvokeSpecial(java.lang.Object, java.lang.Object, int, int)'> (0x00000006052caad8) 
thrown [s\open\src\hotspot\share\interpreter\linkResolver.cpp, line 759]

VM Operations (20 events):
Event: 2.335 Executing VM operation: HandshakeAllThreads
Event: 2.349 Executing VM operation: HandshakeAllThreads done
Event: 2.764 Executing VM operation: G1CollectForAllocation
Event: 2.767 Executing VM operation: G1CollectForAllocation done
Event: 2.989 Executing VM operation: CollectForMetadataAllocation
Event: 2.990 Executing VM operation: CollectForMetadataAllocation done
Event: 2.994 Executing VM operation: G1Concurrent
Event: 2.995 Executing VM operation: G1Concurrent done
Event: 2.995 Executing VM operation: G1Concurrent
Event: 2.996 Executing VM operation: G1Concurrent done
Event: 3.998 Executing VM operation: Cleanup
Event: 3.999 Executing VM operation: Cleanup done
Event: 4.067 Executing VM operation: HandshakeAllThreads
Event: 4.067 Executing VM operation: HandshakeAllThreads done
Event: 4.067 Executing VM operation: HandshakeAllThreads
Event: 4.067 Executing VM operation: HandshakeAllThreads done
Event: 4.097 Executing VM operation: HandshakeAllThreads
Event: 4.098 Executing VM operation: HandshakeAllThreads done
Event: 4.150 Executing VM operation: G1CollectForAllocation
Event: 4.154 Executing VM operation: G1CollectForAllocation done

Events (20 events):
Event: 4.010 Loaded shared library C:\Users\70852\.javacpp\cache\opencv-4.5.5-1.5.7-windows-x86_64.jar\org\bytedeco\opencv\windows-x86_64\opencv_imgcodecs455.dll
Event: 4.017 Loaded shared library C:\Users\70852\.javacpp\cache\opencv-4.5.5-1.5.7-windows-x86_64.jar\org\bytedeco\opencv\windows-x86_64\jniopencv_imgcodecs.dll
Event: 4.113 Thread 0x00000156171391b0 Thread added: 0x00000156171391b0
Event: 4.114 Thread 0x000001561713ce70 Thread added: 0x000001561713ce70
Event: 4.114 Thread 0x000001561713d380 Thread added: 0x000001561713d380
Event: 4.115 Thread 0x000001561713d890 Thread added: 0x000001561713d890
Event: 4.115 Thread 0x000001561713a0e0 Thread added: 0x000001561713a0e0
Event: 4.116 Thread 0x000001561713f1e0 Thread added: 0x000001561713f1e0
Event: 4.117 Thread 0x000001561713e2b0 Thread added: 0x000001561713e2b0
Event: 4.117 Thread 0x000001561713e7c0 Thread added: 0x000001561713e7c0
Event: 4.127 Thread 0x000001561713dda0 Thread added: 0x000001561713dda0
Event: 4.128 Thread 0x000001561713ecd0 Thread added: 0x000001561713ecd0
Event: 4.129 Thread 0x000001561713f6f0 Thread added: 0x000001561713f6f0
Event: 4.130 Thread 0x000001561782c9c0 Thread added: 0x000001561782c9c0
Event: 4.131 Thread 0x000001561782d3e0 Thread added: 0x000001561782d3e0
Event: 4.131 Thread 0x00000156172c5e70 Thread added: 0x00000156172c5e70
Event: 4.133 Thread 0x000001561782ced0 Thread added: 0x000001561782ced0
Event: 4.134 Thread 0x000001561782f750 Thread added: 0x000001561782f750
Event: 4.135 Thread 0x000001561782e310 Thread added: 0x000001561782e310
Event: 4.139 Thread 0x00000156172c10e0 Thread added: 0x00000156172c10e0


Dynamic libraries:
0x00007ff712bb0000 - 0x00007ff712bc0000 	C:\Program Files\Java\jdk-17\bin\java.exe
0x00007ff996f80000 - 0x00007ff9971e3000 	C:\WINDOWS\SYSTEM32\ntdll.dll
0x00007ff996420000 - 0x00007ff9964e7000 	C:\WINDOWS\System32\KERNEL32.DLL
0x00007ff994440000 - 0x00007ff994809000 	C:\WINDOWS\System32\KERNELBASE.dll
0x00007ff994810000 - 0x00007ff99495c000 	C:\WINDOWS\System32\ucrtbase.dll
0x00007ff9752c0000 - 0x00007ff9752d9000 	C:\Program Files\Java\jdk-17\bin\jli.dll
0x00007ff981e90000 - 0x00007ff981eab000 	C:\Program Files\Java\jdk-17\bin\VCRUNTIME140.dll
0x00007ff995ab0000 - 0x00007ff995b63000 	C:\WINDOWS\System32\ADVAPI32.dll
0x00007ff996bf0000 - 0x00007ff996c99000 	C:\WINDOWS\System32\msvcrt.dll
0x00007ff996b40000 - 0x00007ff996be6000 	C:\WINDOWS\System32\sechost.dll
0x00007ff996ca0000 - 0x00007ff996db6000 	C:\WINDOWS\System32\RPCRT4.dll
0x00007ff9958a0000 - 0x00007ff995a6a000 	C:\WINDOWS\System32\USER32.dll
0x00007ff994b70000 - 0x00007ff994b97000 	C:\WINDOWS\System32\win32u.dll
0x00007ff996570000 - 0x00007ff99659a000 	C:\WINDOWS\System32\GDI32.dll
0x00007ff976df0000 - 0x00007ff977080000 	C:\WINDOWS\WinSxS\amd64_microsoft.windows.common-controls_6595b64144ccf1df_6.0.26100.3281_none_3e0eb006e32ea907\COMCTL32.dll
0x00007ff994ba0000 - 0x00007ff994cd1000 	C:\WINDOWS\System32\gdi32full.dll
0x00007ff994210000 - 0x00007ff9942b3000 	C:\WINDOWS\System32\msvcp_win.dll
0x00007ff98c0a0000 - 0x00007ff98c0ab000 	C:\WINDOWS\SYSTEM32\VERSION.dll
0x00007ff995a70000 - 0x00007ff995a9f000 	C:\WINDOWS\System32\IMM32.DLL
0x00007ff981e80000 - 0x00007ff981e8c000 	C:\Program Files\Java\jdk-17\bin\vcruntime140_1.dll
0x00007ff96a5b0000 - 0x00007ff96a63e000 	C:\Program Files\Java\jdk-17\bin\msvcp140.dll
0x00007ff957b90000 - 0x00007ff958771000 	C:\Program Files\Java\jdk-17\bin\server\jvm.dll
0x00007ff996f30000 - 0x00007ff996f38000 	C:\WINDOWS\System32\PSAPI.DLL
0x00007ff98c060000 - 0x00007ff98c096000 	C:\WINDOWS\SYSTEM32\WINMM.dll
0x00007ff97a380000 - 0x00007ff97a38a000 	C:\WINDOWS\SYSTEM32\WSOCK32.dll
0x00007ff9964f0000 - 0x00007ff996564000 	C:\WINDOWS\System32\WS2_32.dll
0x00007ff992ec0000 - 0x00007ff992eda000 	C:\WINDOWS\SYSTEM32\kernel.appcore.dll
0x00007ff9746b0000 - 0x00007ff9746ba000 	C:\Program Files\Java\jdk-17\bin\jimage.dll
0x00007ff9810f0000 - 0x00007ff981331000 	C:\WINDOWS\SYSTEM32\DBGHELP.DLL
0x00007ff996090000 - 0x00007ff996412000 	C:\WINDOWS\System32\combase.dll
0x00007ff996960000 - 0x00007ff996a36000 	C:\WINDOWS\System32\OLEAUT32.dll
0x00007ff96b6d0000 - 0x00007ff96b709000 	C:\WINDOWS\SYSTEM32\dbgcore.DLL
0x00007ff994ad0000 - 0x00007ff994b69000 	C:\WINDOWS\System32\bcryptPrimitives.dll
0x00007ff981ec0000 - 0x00007ff981ece000 	C:\Program Files\Java\jdk-17\bin\instrument.dll
0x00007ff974680000 - 0x00007ff9746a5000 	C:\Program Files\Java\jdk-17\bin\java.dll
0x00007ff96a4d0000 - 0x00007ff96a5a7000 	C:\Program Files\Java\jdk-17\bin\jsvml.dll
0x00007ff9950b0000 - 0x00007ff9957cc000 	C:\WINDOWS\System32\SHELL32.dll
0x00007ff994960000 - 0x00007ff994ac8000 	C:\WINDOWS\System32\wintypes.dll
0x00007ff991d70000 - 0x00007ff9925b6000 	C:\WINDOWS\SYSTEM32\windows.storage.dll
0x00007ff994ea0000 - 0x00007ff994f8d000 	C:\WINDOWS\System32\SHCORE.dll
0x00007ff994da0000 - 0x00007ff994dfd000 	C:\WINDOWS\System32\shlwapi.dll
0x00007ff994020000 - 0x00007ff99404f000 	C:\WINDOWS\SYSTEM32\profapi.dll
0x00007ff957b70000 - 0x00007ff957b88000 	C:\Program Files\Java\jdk-17\bin\zip.dll
0x00007ff968010000 - 0x00007ff968029000 	C:\Program Files\Java\jdk-17\bin\net.dll
0x00007ff98d160000 - 0x00007ff98d27e000 	C:\WINDOWS\SYSTEM32\WINHTTP.dll
0x00007ff9933c0000 - 0x00007ff99342a000 	C:\WINDOWS\system32\mswsock.dll
0x00007ff95bfd0000 - 0x00007ff95bfe6000 	C:\Program Files\Java\jdk-17\bin\nio.dll
0x00007ff97e0f0000 - 0x00007ff97e10a000 	D:\Program Files\JetBrains\IntelliJ IDEA 2023.2.5\bin\breakgen64.dll
0x00000155cbac0000 - 0x00000155cbac4000 	C:\Users\70852\.javacpp\cache\javacpp-1.5.7-windows-x86_64.jar\org\bytedeco\javacpp\windows-x86_64\api-ms-win-crt-locale-l1-1-0.dll
0x00000155cbad0000 - 0x00000155cbad5000 	C:\Users\70852\.javacpp\cache\javacpp-1.5.7-windows-x86_64.jar\org\bytedeco\javacpp\windows-x86_64\api-ms-win-crt-string-l1-1-0.dll
0x00000155cbae0000 - 0x00000155cbae5000 	C:\Users\70852\.javacpp\cache\javacpp-1.5.7-windows-x86_64.jar\org\bytedeco\javacpp\windows-x86_64\api-ms-win-crt-stdio-l1-1-0.dll
0x00000155cbaf0000 - 0x00000155cbaf6000 	C:\Users\70852\.javacpp\cache\javacpp-1.5.7-windows-x86_64.jar\org\bytedeco\javacpp\windows-x86_64\api-ms-win-crt-math-l1-1-0.dll
0x00000155cbb00000 - 0x00000155cbb04000 	C:\Users\70852\.javacpp\cache\javacpp-1.5.7-windows-x86_64.jar\org\bytedeco\javacpp\windows-x86_64\api-ms-win-crt-heap-l1-1-0.dll
0x00000155cbb10000 - 0x00000155cbb15000 	C:\Users\70852\.javacpp\cache\javacpp-1.5.7-windows-x86_64.jar\org\bytedeco\javacpp\windows-x86_64\api-ms-win-crt-runtime-l1-1-0.dll
0x00000155cbb20000 - 0x00000155cbb25000 	C:\Users\70852\.javacpp\cache\javacpp-1.5.7-windows-x86_64.jar\org\bytedeco\javacpp\windows-x86_64\api-ms-win-crt-convert-l1-1-0.dll
0x00000155cbb30000 - 0x00000155cbb34000 	C:\Users\70852\.javacpp\cache\javacpp-1.5.7-windows-x86_64.jar\org\bytedeco\javacpp\windows-x86_64\api-ms-win-crt-environment-l1-1-0.dll
0x00000155cbc40000 - 0x00000155cbc44000 	C:\Users\70852\.javacpp\cache\javacpp-1.5.7-windows-x86_64.jar\org\bytedeco\javacpp\windows-x86_64\api-ms-win-crt-time-l1-1-0.dll
0x00000155cbc50000 - 0x00000155cbc54000 	C:\Users\70852\.javacpp\cache\javacpp-1.5.7-windows-x86_64.jar\org\bytedeco\javacpp\windows-x86_64\api-ms-win-crt-filesystem-l1-1-0.dll
0x00000155cbc60000 - 0x00000155cbc64000 	C:\Users\70852\.javacpp\cache\javacpp-1.5.7-windows-x86_64.jar\org\bytedeco\javacpp\windows-x86_64\api-ms-win-crt-utility-l1-1-0.dll
0x00000155cbc70000 - 0x00000155cbc76000 	C:\Users\70852\.javacpp\cache\javacpp-1.5.7-windows-x86_64.jar\org\bytedeco\javacpp\windows-x86_64\api-ms-win-crt-multibyte-l1-1-0.dll
0x00000155cbc80000 - 0x00000155cbc84000 	C:\Users\70852\.javacpp\cache\javacpp-1.5.7-windows-x86_64.jar\org\bytedeco\javacpp\windows-x86_64\api-ms-win-crt-conio-l1-1-0.dll
0x00000155cbc90000 - 0x00000155cbca1000 	C:\Users\70852\.javacpp\cache\javacpp-1.5.7-windows-x86_64.jar\org\bytedeco\javacpp\windows-x86_64\api-ms-win-crt-private-l1-1-0.dll
0x00000155cbcb0000 - 0x00000155cbcb4000 	C:\Users\70852\.javacpp\cache\javacpp-1.5.7-windows-x86_64.jar\org\bytedeco\javacpp\windows-x86_64\api-ms-win-crt-process-l1-1-0.dll
0x00000155cbcc0000 - 0x00000155cbcc4000 	C:\Users\70852\.javacpp\cache\javacpp-1.5.7-windows-x86_64.jar\org\bytedeco\javacpp\windows-x86_64\api-ms-win-core-console-l1-2-0.dll
0x00000155cbcd0000 - 0x00000155cbcd4000 	C:\Users\70852\.javacpp\cache\javacpp-1.5.7-windows-x86_64.jar\org\bytedeco\javacpp\windows-x86_64\api-ms-win-core-string-l1-1-0.dll
0x00000155cbce0000 - 0x00000155cbce4000 	C:\Users\70852\.javacpp\cache\javacpp-1.5.7-windows-x86_64.jar\org\bytedeco\javacpp\windows-x86_64\api-ms-win-core-errorhandling-l1-1-0.dll
0x00000155cbcf0000 - 0x00000155cbcf4000 	C:\Users\70852\.javacpp\cache\javacpp-1.5.7-windows-x86_64.jar\org\bytedeco\javacpp\windows-x86_64\api-ms-win-core-timezone-l1-1-0.dll
0x00000155cbd00000 - 0x00000155cbd05000 	C:\Users\70852\.javacpp\cache\javacpp-1.5.7-windows-x86_64.jar\org\bytedeco\javacpp\windows-x86_64\api-ms-win-core-file-l1-1-0.dll
0x00000155cbd10000 - 0x00000155cbd14000 	C:\Users\70852\.javacpp\cache\javacpp-1.5.7-windows-x86_64.jar\org\bytedeco\javacpp\windows-x86_64\api-ms-win-core-namedpipe-l1-1-0.dll
0x00000155cbd20000 - 0x00000155cbd24000 	C:\Users\70852\.javacpp\cache\javacpp-1.5.7-windows-x86_64.jar\org\bytedeco\javacpp\windows-x86_64\api-ms-win-core-handle-l1-1-0.dll
0x00000155cbd30000 - 0x00000155cbd34000 	C:\Users\70852\.javacpp\cache\javacpp-1.5.7-windows-x86_64.jar\org\bytedeco\javacpp\windows-x86_64\api-ms-win-core-file-l2-1-0.dll
0x00000155cbd40000 - 0x00000155cbd44000 	C:\Users\70852\.javacpp\cache\javacpp-1.5.7-windows-x86_64.jar\org\bytedeco\javacpp\windows-x86_64\api-ms-win-core-heap-l1-1-0.dll
0x00000155cbe70000 - 0x00000155cbe74000 	C:\Users\70852\.javacpp\cache\javacpp-1.5.7-windows-x86_64.jar\org\bytedeco\javacpp\windows-x86_64\api-ms-win-core-libraryloader-l1-1-0.dll
0x00000155cbd50000 - 0x00000155cbd54000 	C:\Users\70852\.javacpp\cache\javacpp-1.5.7-windows-x86_64.jar\org\bytedeco\javacpp\windows-x86_64\api-ms-win-core-synch-l1-1-0.dll
0x00000155cbd60000 - 0x00000155cbd64000 	C:\Users\70852\.javacpp\cache\javacpp-1.5.7-windows-x86_64.jar\org\bytedeco\javacpp\windows-x86_64\api-ms-win-core-processthreads-l1-1-0.dll
0x00000155cbd70000 - 0x00000155cbd74000 	C:\Users\70852\.javacpp\cache\javacpp-1.5.7-windows-x86_64.jar\org\bytedeco\javacpp\windows-x86_64\api-ms-win-core-processenvironment-l1-1-0.dll
0x00000155cbd80000 - 0x00000155cbd84000 	C:\Users\70852\.javacpp\cache\javacpp-1.5.7-windows-x86_64.jar\org\bytedeco\javacpp\windows-x86_64\api-ms-win-core-datetime-l1-1-0.dll
0x00000155cbd90000 - 0x00000155cbd94000 	C:\Users\70852\.javacpp\cache\javacpp-1.5.7-windows-x86_64.jar\org\bytedeco\javacpp\windows-x86_64\api-ms-win-core-localization-l1-2-0.dll
0x00000155cbda0000 - 0x00000155cbda4000 	C:\Users\70852\.javacpp\cache\javacpp-1.5.7-windows-x86_64.jar\org\bytedeco\javacpp\windows-x86_64\api-ms-win-core-sysinfo-l1-1-0.dll
0x00000155cbdb0000 - 0x00000155cbdb4000 	C:\Users\70852\.javacpp\cache\javacpp-1.5.7-windows-x86_64.jar\org\bytedeco\javacpp\windows-x86_64\api-ms-win-core-synch-l1-2-0.dll
0x00000155cbdc0000 - 0x00000155cbdc4000 	C:\Users\70852\.javacpp\cache\javacpp-1.5.7-windows-x86_64.jar\org\bytedeco\javacpp\windows-x86_64\api-ms-win-core-console-l1-1-0.dll
0x00000155cbdd0000 - 0x00000155cbdd4000 	C:\Users\70852\.javacpp\cache\javacpp-1.5.7-windows-x86_64.jar\org\bytedeco\javacpp\windows-x86_64\api-ms-win-core-debug-l1-1-0.dll
0x00000155cbde0000 - 0x00000155cbde4000 	C:\Users\70852\.javacpp\cache\javacpp-1.5.7-windows-x86_64.jar\org\bytedeco\javacpp\windows-x86_64\api-ms-win-core-rtlsupport-l1-1-0.dll
0x00000155cbdf0000 - 0x00000155cbdf4000 	C:\Users\70852\.javacpp\cache\javacpp-1.5.7-windows-x86_64.jar\org\bytedeco\javacpp\windows-x86_64\api-ms-win-core-processthreads-l1-1-1.dll
0x00000155cbe00000 - 0x00000155cbe04000 	C:\Users\70852\.javacpp\cache\javacpp-1.5.7-windows-x86_64.jar\org\bytedeco\javacpp\windows-x86_64\api-ms-win-core-file-l1-2-0.dll
0x00000155cbe10000 - 0x00000155cbe14000 	C:\Users\70852\.javacpp\cache\javacpp-1.5.7-windows-x86_64.jar\org\bytedeco\javacpp\windows-x86_64\api-ms-win-core-profile-l1-1-0.dll
0x00000155cbe20000 - 0x00000155cbe24000 	C:\Users\70852\.javacpp\cache\javacpp-1.5.7-windows-x86_64.jar\org\bytedeco\javacpp\windows-x86_64\api-ms-win-core-memory-l1-1-0.dll
0x00000155cbe30000 - 0x00000155cbe34000 	C:\Users\70852\.javacpp\cache\javacpp-1.5.7-windows-x86_64.jar\org\bytedeco\javacpp\windows-x86_64\api-ms-win-core-util-l1-1-0.dll
0x00000155cbe40000 - 0x00000155cbe44000 	C:\Users\70852\.javacpp\cache\javacpp-1.5.7-windows-x86_64.jar\org\bytedeco\javacpp\windows-x86_64\api-ms-win-core-interlocked-l1-1-0.dll
0x00007ff961b00000 - 0x00007ff961c11000 	C:\Users\70852\.javacpp\cache\javacpp-1.5.7-windows-x86_64.jar\org\bytedeco\javacpp\windows-x86_64\ucrtbase.dll
0x00007ff98ea70000 - 0x00007ff98ea8b000 	C:\Users\70852\.javacpp\cache\javacpp-1.5.7-windows-x86_64.jar\org\bytedeco\javacpp\windows-x86_64\vcruntime140.dll
0x00007ff98ea60000 - 0x00007ff98ea6c000 	C:\Users\70852\.javacpp\cache\javacpp-1.5.7-windows-x86_64.jar\org\bytedeco\javacpp\windows-x86_64\vcruntime140_1.dll
0x00007ff966560000 - 0x00007ff9665ed000 	C:\Users\70852\.javacpp\cache\javacpp-1.5.7-windows-x86_64.jar\org\bytedeco\javacpp\windows-x86_64\msvcp140.dll
0x00007ff984390000 - 0x00007ff984399000 	C:\Users\70852\.javacpp\cache\javacpp-1.5.7-windows-x86_64.jar\org\bytedeco\javacpp\windows-x86_64\msvcp140_1.dll
0x00007ff969a60000 - 0x00007ff969aae000 	C:\Users\70852\.javacpp\cache\javacpp-1.5.7-windows-x86_64.jar\org\bytedeco\javacpp\windows-x86_64\concrt140.dll
0x00007ff96ab40000 - 0x00007ff96ab71000 	C:\Users\70852\.javacpp\cache\javacpp-1.5.7-windows-x86_64.jar\org\bytedeco\javacpp\windows-x86_64\vcomp140.dll
0x00007ff984380000 - 0x00007ff98438e000 	C:\Users\70852\.javacpp\cache\javacpp-1.5.7-windows-x86_64.jar\org\bytedeco\javacpp\windows-x86_64\jnijavacpp.dll
0x00007ff906290000 - 0x00007ff90648b000 	C:\Users\70852\.javacpp\cache\ffmpeg-5.0-1.5.7-windows-x86_64.jar\org\bytedeco\ffmpeg\windows-x86_64\avutil-57.dll
0x00007ff9965a0000 - 0x00007ff996735000 	C:\WINDOWS\System32\ole32.dll
0x00007ff993880000 - 0x00007ff9938a6000 	C:\WINDOWS\SYSTEM32\bcrypt.dll
0x000000006fe00000 - 0x000000006ff13000 	C:\Users\70852\.javacpp\cache\ffmpeg-5.0-1.5.7-windows-x86_64.jar\org\bytedeco\ffmpeg\windows-x86_64\jniavutil.dll
0x00007ff981ff0000 - 0x00007ff982016000 	C:\Users\70852\.javacpp\cache\ffmpeg-5.0-1.5.7-windows-x86_64.jar\org\bytedeco\ffmpeg\windows-x86_64\swresample-4.dll
0x0000000070080000 - 0x00000000700b5000 	C:\Users\70852\.javacpp\cache\ffmpeg-5.0-1.5.7-windows-x86_64.jar\org\bytedeco\ffmpeg\windows-x86_64\jniswresample.dll
0x00007ff8d06f0000 - 0x00007ff8d1f96000 	C:\Users\70852\.javacpp\cache\ffmpeg-5.0-1.5.7-windows-x86_64.jar\org\bytedeco\ffmpeg\windows-x86_64\avcodec-59.dll
0x00007ff98c790000 - 0x00007ff98c99d000 	C:\WINDOWS\SYSTEM32\MFPlat.DLL
0x00007ff98c590000 - 0x00007ff98c5d3000 	C:\WINDOWS\SYSTEM32\RTWorkQ.DLL
0x000000006a1c0000 - 0x000000006a299000 	C:\Users\70852\.javacpp\cache\ffmpeg-5.0-1.5.7-windows-x86_64.jar\org\bytedeco\ffmpeg\windows-x86_64\jniavcodec.dll
0x00007ff902a60000 - 0x00007ff90328d000 	C:\Users\70852\.javacpp\cache\ffmpeg-5.0-1.5.7-windows-x86_64.jar\org\bytedeco\ffmpeg\windows-x86_64\avformat-59.dll
0x00007ff9942c0000 - 0x00007ff994437000 	C:\WINDOWS\System32\CRYPT32.dll
0x00007ff9935f0000 - 0x00007ff9935fc000 	C:\WINDOWS\SYSTEM32\CRYPTBASE.DLL
0x000000006abc0000 - 0x000000006ac77000 	C:\Users\70852\.javacpp\cache\ffmpeg-5.0-1.5.7-windows-x86_64.jar\org\bytedeco\ffmpeg\windows-x86_64\jniavformat.dll
0x00007ff9910b0000 - 0x00007ff9910c8000 	C:\WINDOWS\system32\napinsp.dll
0x00007ff9929a0000 - 0x00007ff992ac5000 	C:\WINDOWS\SYSTEM32\DNSAPI.dll
0x00007ff9928b0000 - 0x00007ff9928e3000 	C:\WINDOWS\SYSTEM32\IPHLPAPI.DLL
0x00007ff996f20000 - 0x00007ff996f2a000 	C:\WINDOWS\System32\NSI.dll
0x00007ff98ee60000 - 0x00007ff98ee72000 	C:\WINDOWS\System32\winrnr.dll
0x00007ff970510000 - 0x00007ff970532000 	C:\WINDOWS\system32\nlansp_c.dll
0x00007ff96d530000 - 0x00007ff96d546000 	C:\WINDOWS\system32\wshbth.dll
0x00007ff981ed0000 - 0x00007ff981ede000 	C:\Program Files\Java\jdk-17\bin\sunmscapi.dll
0x00007ff993840000 - 0x00007ff993870000 	C:\WINDOWS\SYSTEM32\ncrypt.dll
0x00007ff9937f0000 - 0x00007ff99382f000 	C:\WINDOWS\SYSTEM32\NTASN1.dll
0x00007ff96bed0000 - 0x00007ff96bed8000 	C:\WINDOWS\system32\wshunix.dll
0x00007ff993700000 - 0x00007ff99371c000 	C:\WINDOWS\SYSTEM32\CRYPTSP.dll
0x00007ff992e20000 - 0x00007ff992e5a000 	C:\WINDOWS\system32\rsaenh.dll
0x00007ff993460000 - 0x00007ff99348b000 	C:\WINDOWS\SYSTEM32\USERENV.dll
0x00007ff98d7f0000 - 0x00007ff98d80f000 	C:\WINDOWS\SYSTEM32\dhcpcsvc6.DLL
0x00007ff98cb10000 - 0x00007ff98cb35000 	C:\WINDOWS\SYSTEM32\dhcpcsvc.DLL
0x00007ff983ba0000 - 0x00007ff983bab000 	C:\Windows\System32\rasadhlp.dll

dbghelp: loaded successfully - version: 4.0.5 - missing functions: none
symbol engine: initialized successfully - sym options: 0x614 - pdb path: .;C:\Program Files\Java\jdk-17\bin;C:\WINDOWS\SYSTEM32;C:\WINDOWS\WinSxS\amd64_microsoft.windows.common-controls_6595b64144ccf1df_6.0.26100.3281_none_3e0eb006e32ea907;C:\Program Files\Java\jdk-17\bin\server;D:\Program Files\JetBrains\IntelliJ IDEA 2023.2.5\bin;C:\Users\70852\.javacpp\cache\javacpp-1.5.7-windows-x86_64.jar\org\bytedeco\javacpp\windows-x86_64;C:\Users\70852\.javacpp\cache\ffmpeg-5.0-1.5.7-windows-x86_64.jar\org\bytedeco\ffmpeg\windows-x86_64;C:\Users\70852\.javacpp\cache\openblas-0.3.19-1.5.7-windows-x86_64.jar\org\bytedeco\openblas\windows-x86_64;C:\Users\70852\.javacpp\cache\opencv-4.5.5-1.5.7-windows-x86_64.jar\org\bytedeco\opencv\windows-x86_64;C:\WINDOWS\System32\DriverStore\FileRepository\u0390730.inf_amd64_637bea92f0f35c6a\B385477

VM Arguments:
jvm_args: -javaagent:D:\Program Files\JetBrains\IntelliJ IDEA 2023.2.5\lib\idea_rt.jar=15367:D:\Program Files\JetBrains\IntelliJ IDEA 2023.2.5\bin -Dfile.encoding=GBK 
java_command: com.saigou.Processor
java_class_path (initial): C:\Users\70852\Desktop\ide\houduan\pandaSystem\analyzer-server-10001\target\classes;C:\Users\70852\.m2\repository\org\bytedeco\javacv-platform\1.5.7\javacv-platform-1.5.7.jar;C:\Users\70852\.m2\repository\org\bytedeco\javacv\1.5.7\javacv-1.5.7.jar;C:\Users\70852\.m2\repository\org\bytedeco\javacpp\1.5.7\javacpp-1.5.7.jar;C:\Users\70852\.m2\repository\org\bytedeco\openblas\0.3.19-1.5.7\openblas-0.3.19-1.5.7.jar;C:\Users\70852\.m2\repository\org\bytedeco\opencv\4.5.5-1.5.7\opencv-4.5.5-1.5.7.jar;C:\Users\70852\.m2\repository\org\bytedeco\ffmpeg\5.0-1.5.7\ffmpeg-5.0-1.5.7.jar;C:\Users\70852\.m2\repository\org\bytedeco\flycapture\2.13.3.31-1.5.7\flycapture-2.13.3.31-1.5.7.jar;C:\Users\70852\.m2\repository\org\bytedeco\libdc1394\2.2.6-1.5.7\libdc1394-2.2.6-1.5.7.jar;C:\Users\70852\.m2\repository\org\bytedeco\libfreenect\0.5.7-1.5.7\libfreenect-0.5.7-1.5.7.jar;C:\Users\70852\.m2\repository\org\bytedeco\libfreenect2\0.2.0-1.5.7\libfreenect2-0.2.0-1.5.7.jar;C:\Users\70852\.m2\repository\org\bytedeco\librealsense\1.12.4-1.5.7\librealsense-1.12.4-1.5.7.jar;C:\Users\70852\.m2\repository\org\bytedeco\librealsense2\2.50.0-1.5.7\librealsense2-2.50.0-1.5.7.jar;C:\Users\70852\.m2\repository\org\bytedeco\videoinput\0.200-1.5.7\videoinput-0.200-1.5.7.jar;C:\Users\70852\.m2\repository\org\bytedeco\artoolkitplus\2.3.1-1.5.7\artoolkitplus-2.3.1-1.5.7.jar;C:\Users\70852\.m2\repository\org\bytedeco\flandmark\1.07-1.5.7\flandmark-1.07-1.5.7.jar;C:\Users\70852\.m2\repository\org\bytedeco\leptonica\1.82.0-1.5.7\leptonica-1.82.0-1.5.7.jar;C:\Users\70852\.m2\repository\org\bytedeco\tesseract\5.0.1-1.5.7\tesseract-5.0.1-1.5.7.jar;C:\Users\70852\.m2\repository\org\bytedeco\openblas-platform\0.3.19-1.5.7\openblas-platform-0.3.19-1.5.7.jar;C:\Users\70852\.m2\repository\org\bytedeco\javacpp-platform\1.5.7\javacpp-platform-1.5.7.jar;C:\Users\70852\.m2\repository\org\bytedeco\javacpp\1.5.7\javacpp-1.5.7-android-arm.jar;C:\Users\70852\.m2\repository\org\bytedeco\javacpp\1.
Launcher Type: SUN_STANDARD

[Global flags]
     intx CICompilerCount                          = 12                                        {product} {ergonomic}
     uint ConcGCThreads                            = 3                                         {product} {ergonomic}
     uint G1ConcRefinementThreads                  = 13                                        {product} {ergonomic}
   size_t G1HeapRegionSize                         = 4194304                                   {product} {ergonomic}
    uintx GCDrainStackTargetSize                   = 64                                        {product} {ergonomic}
   size_t InitialHeapSize                          = 536870912                                 {product} {ergonomic}
   size_t MarkStackSize                            = 4194304                                   {product} {ergonomic}
   size_t MaxHeapSize                              = 8552185856                                {product} {ergonomic}
   size_t MaxNewSize                               = 5129633792                                {product} {ergonomic}
   size_t MinHeapDeltaBytes                        = 4194304                                   {product} {ergonomic}
   size_t MinHeapSize                              = 8388608                                   {product} {ergonomic}
    uintx NonNMethodCodeHeapSize                   = 7602480                                {pd product} {ergonomic}
    uintx NonProfiledCodeHeapSize                  = 122027880                              {pd product} {ergonomic}
    uintx ProfiledCodeHeapSize                     = 122027880                              {pd product} {ergonomic}
    uintx ReservedCodeCacheSize                    = 251658240                              {pd product} {ergonomic}
     bool SegmentedCodeCache                       = true                                      {product} {ergonomic}
   size_t SoftMaxHeapSize                          = 8552185856                             {manageable} {ergonomic}
     bool UseCompressedClassPointers               = true                           {product lp64_product} {ergonomic}
     bool UseCompressedOops                        = true                           {product lp64_product} {ergonomic}
     bool UseG1GC                                  = true                                      {product} {ergonomic}
     bool UseLargePagesIndividualAllocation        = false                                  {pd product} {ergonomic}

Logging:
Log output configuration:
 #0: stdout all=warning uptime,level,tags
 #1: stderr all=off uptime,level,tags

Environment Variables:
PATH=C:\Program Files\ImageMagick-7.1.1-Q16-HDRI;C:\Python312\Scripts\;C:\Python312\;C:\Program Files\Common Files\Oracle\Java\javapath;C:\WINDOWS\system32;C:\WINDOWS;C:\WINDOWS\System32\Wbem;C:\WINDOWS\System32\WindowsPowerShell\v1.0\;C:\WINDOWS\System32\OpenSSH\;D:\ProgramData\anaconda3\Library\bin;D:\ProgramData\anaconda3\Library;D:\ProgramData\anaconda3\Library\usr\bin;D:\ProgramData\anaconda3;D:\ProgramData\anaconda3\Scripts;D:\ProgramData\anaconda3\Library\mingw-w64\bin;C:\ProgramData\chocolatey\bin;C:\Program Files\dotnet\;C:\Program Files (x86)\Windows Kits\10\Windows Performance Toolkit\;C:\Users\70852\AppData\Roaming\nvm;D:\Program Files\nodejs;C:\Program Files\nodejs\;C:\Program Files\Git\cmd;C:\Users\70852\AppData\Local\Microsoft\WindowsApps;D:\Program Files\JetBrains\PyCharm 2023.2.4\bin;D:\Program Files\JetBrains\IntelliJ IDEA 2023.2.5\bin;D:\ProgramData\anaconda3\Library\bin;D:\ProgramData\anaconda3;D:\ProgramData\anaconda3\Scripts;D:\ProgramData\anaconda3\Library\usr\bin;D:\ProgramData\anaconda3\Library\mingw-w64\bin;C:\Users\70852\.dotnet\tools;D:\Program Files (x86)\Microsoft VS Code\bin;C:\Users\70852\AppData\Roaming\nvm;D:\Program Files\nodejs;C:\Users\70852\AppData\Local\Programs\Fiddler;D:\Program Files (x86)\vcpkg;C:\Program Files\platform-tools;C:\Users\70852\AppData\Roaming\npm;%USERPROFILE%\AppData\Local\Microsoft\WindowsApps;
USERNAME=70852
OS=Windows_NT
PROCESSOR_IDENTIFIER=AMD64 Family 25 Model 80 Stepping 0, AuthenticAMD



---------------  S Y S T E M  ---------------

OS:
 Windows 11 , 64 bit Build 26100 (10.0.26100.3094)
OS uptime: 3 days 0:54 hours
Hyper-V role detected

CPU: total 16 (initial active 16) (16 cores per cpu, 2 threads per core) family 25 model 80 stepping 0 microcode 0xa50000c, cx8, cmov, fxsr, ht, mmx, 3dnowpref, sse, sse2, sse3, ssse3, sse4a, sse4.1, sse4.2, popcnt, lzcnt, tsc, tscinvbit, avx, avx2, aes, erms, clmul, bmi1, bmi2, adx, sha, fma, vzeroupper, clflush, clflushopt, hv

Memory: 4k page, system-wide physical 32620M (15554M free)
TotalPageFile size 38252M (AvailPageFile size 8360M)
current process WorkingSet (physical memory assigned to process): 1295M, peak: 1302M
current process commit charge ("private bytes"): 5217M, peak: 5224M

vm_info: Java HotSpot(TM) 64-Bit Server VM (17.0.9+11-LTS-201) for windows-amd64 JRE (17.0.9+11-LTS-201), built on Oct 10 2023 23:16:06 by "mach5one" with MS VC++ 17.1 (VS2022)

END.
