#
# A fatal error has been detected by the Java Runtime Environment:
#
#  EXCEPTION_ACCESS_VIOLATION (0xc0000005) at pc=0x00007ffd8879fecf, pid=24708, tid=18152
#
# JRE version: Java(TM) SE Runtime Environment (17.0.9+11) (build 17.0.9+11-LTS-201)
# Java VM: Java HotSpot(TM) 64-Bit Server VM (17.0.9+11-LTS-201, mixed mode, sharing, tiered, compressed oops, compressed class ptrs, g1 gc, windows-amd64)
# Problematic frame:
# C  [swscale-6.dll+0x5fecf]
#
# No core dump will be written. Minidumps are not enabled by default on client versions of Windows
#
# If you would like to submit a bug report, please visit:
#   https://bugreport.java.com/bugreport/crash.jsp
# The crash happened outside the Java Virtual Machine in native code.
# See problematic frame for where to report the bug.
#

---------------  S U M M A R Y ------------

Command Line: -javaagent:D:\Program Files\JetBrains\IntelliJ IDEA 2023.2.5\lib\idea_rt.jar=17719:D:\Program Files\JetBrains\IntelliJ IDEA 2023.2.5\bin -Dfile.encoding=UTF-8 com.saigou.LiveStreamProcessor

Host: AMD Ryzen 7 5800H with Radeon Graphics         , 16 cores, 27G,  Windows 11 , 64 bit Build 22621 (10.0.22621.4391)
Time: Fri Feb 14 18:33:30 2025  Windows 11 , 64 bit Build 22621 (10.0.22621.4391) elapsed time: 2.468663 seconds (0d 0h 0m 2s)

---------------  T H R E A D  ---------------

Current thread (0x0000029382886be0):  JavaThread "main" [_thread_in_native, id=18152, stack(0x0000009695200000,0x0000009695300000)]

Stack: [0x0000009695200000,0x0000009695300000],  sp=0x00000096952fefb8,  free space=1019k
Native frames: (J=compiled Java code, j=interpreted, Vv=VM code, C=native code)
C  [swscale-6.dll+0x5fecf]

Java frames: (J=compiled Java code, j=interpreted, Vv=VM code)
j  org.bytedeco.ffmpeg.global.swscale.sws_scale(Lorg/bytedeco/ffmpeg/swscale/SwsContext;Lorg/bytedeco/javacpp/PointerPointer;Lorg/bytedeco/javacpp/IntPointer;IILorg/bytedeco/javacpp/PointerPointer;Lorg/bytedeco/javacpp/IntPointer;)I+0
j  org.bytedeco.javacv.FFmpegFrameRecorder.recordImage(IIIIII[Ljava/nio/Buffer;)Z+641
j  org.bytedeco.javacv.FFmpegFrameRecorder.record(Lorg/bytedeco/javacv/Frame;I)V+70
j  org.bytedeco.javacv.FFmpegFrameRecorder.record(Lorg/bytedeco/javacv/Frame;)V+30
j  com.saigou.LiveStreamProcessor.main([Ljava/lang/String;)V+179
v  ~StubRoutines::call_stub

siginfo: EXCEPTION_ACCESS_VIOLATION (0xc0000005), reading address 0x00000295083cf000


Register to memory mapping:

RIP=0x00007ffd8879fecf swscale-6.dll
RAX=0x00000000000005fd is an unknown value
RBX=0x000000000000025d is an unknown value
RCX=0x00000000000005fc is an unknown value
RDX=0x000002950409ea80 points into unknown readable memory: 0x4000400040004000 | 00 40 00 40 00 40 00 40
RSP=0x00000096952fefb8 is pointing into the stack for thread: 0x0000029382886be0
RBP=0x00000294fd25b280 points into unknown readable memory: 0x00000295040a4280 | 80 42 0a 04 95 02 00 00
RSI=0x00000293ffb42f00 points into unknown readable memory: 0x00000293ffb43000 | 00 30 b4 ff 93 02 00 00
RDI=0x0000000000000780 is an unknown value
R8 =0xfffffffffffffe7c is an unknown value
R9 =0x00000295083cea00 points into unknown readable memory: 0x0000000000000000 | 00 00 00 00 00 00 00 00
R10=0x00000295040a7e80 points into unknown readable memory: 0x4000000000000000 | 00 00 00 00 00 00 00 40
R11=0x000002950408d940 points into unknown readable memory: 0x0000077c0000077c | 7c 07 00 00 7c 07 00 00
R12=0x0000000000000780 is an unknown value
R13=0x0000000000010000 is an unknown value
R14=0x00000295040649a8 points into unknown readable memory: 0x000002950409db80 | 80 db 09 04 95 02 00 00
R15=0x000002950407cc80 points into unknown readable memory: 0x00007ffd887c29e0 | e0 29 7c 88 fd 7f 00 00


Registers:
RAX=0x00000000000005fd, RBX=0x000000000000025d, RCX=0x00000000000005fc, RDX=0x000002950409ea80
RSP=0x00000096952fefb8, RBP=0x00000294fd25b280, RSI=0x00000293ffb42f00, RDI=0x0000000000000780
R8 =0xfffffffffffffe7c, R9 =0x00000295083cea00, R10=0x00000295040a7e80, R11=0x000002950408d940
R12=0x0000000000000780, R13=0x0000000000010000, R14=0x00000295040649a8, R15=0x000002950407cc80
RIP=0x00007ffd8879fecf, EFLAGS=0x0000000000010282

Top of Stack: (sp=0x00000096952fefb8)
0x00000096952fefb8:   00007ffd88742586 000002950407cc80
0x00000096952fefc8:   00007ffd887933b8 0000000000000000
0x00000096952fefd8:   00007ffd88792c20 00000295040a4280
0x00000096952fefe8:   000002950408bb40 0000000000000004
0x00000096952feff8:   00007ffd887c43a8 00000295000007b0
0x00000096952ff008:   0000026200000000 0000021c00000438
0x00000096952ff018:   00000293ffb42f00 00000293ffb42f28
0x00000096952ff028:   000000000000025d 0000000000000005
0x00000096952ff038:   00000293ffb42fa0 000000000000025d
0x00000096952ff048:   000000000000025e 000002950407cc80
0x00000096952ff058:   00007ffd8877aa07 0000000000000000
0x00000096952ff068:   0000000000000000 00000293f5d0e5a9
0x00000096952ff078:   00007ffd00000005 0000000000000000
0x00000096952ff088:   0000000000000438 0000000000000000
0x00000096952ff098:   000000000000021c 0000000000000000
0x00000096952ff0a8:   00007ffd5193fbc9 000003c000000438 

Instructions: (pc=0x00007ffd8879fecf)
0x00007ffd8879fdcf:   54 24 40 4c 8b 5c 24 48 48 8b 44 24 50 4d 63 c0
0x00007ffd8879fddf:   66 0f 6f 15 b9 60 02 00 66 0f 6f 35 c1 60 02 00
0x00007ffd8879fdef:   66 0f 6f 3d c9 60 02 00 48 63 c0 49 8d 1c 41 4f
0x00007ffd8879fdff:   8d 1c 83 4a 8d 14 82 49 f7 d8 4b 63 0c 83 4b 63
0x00007ffd8879fe0f:   7c 83 04 66 0f ef e4 66 0f ef ed 4c 89 ce f3 0f
0x00007ffd8879fe1f:   6f 04 4e f3 0f 6f 0c 7e 66 0f f9 c6 66 0f f9 ce
0x00007ffd8879fe2f:   66 41 0f f5 02 66 41 0f f5 0c 42 66 0f fe e0 66
0x00007ffd8879fe3f:   0f fe e9 49 83 c2 10 48 83 c6 10 48 39 de 7c ce
0x00007ffd8879fe4f:   4d 8d 14 42 66 0f 6f cc 66 0f 6c e5 66 0f 6d cd
0x00007ffd8879fe5f:   66 0f fe e1 66 0f 70 e4 d8 0f 12 c4 66 0f fe c4
0x00007ffd8879fe6f:   66 0f fe c7 66 0f 72 e0 0b 0f 5b c0 0f 5d c2 66
0x00007ffd8879fe7f:   0f 5b c0 66 42 0f d6 04 82 49 83 c0 02 0f 8c 77
0x00007ffd8879fe8f:   ff ff ff 0f 28 7c 24 30 0f 28 74 24 20 5b 5e 5f
0x00007ffd8879fe9f:   c3 4c 8b 54 24 28 4c 8b 5c 24 30 4d 63 c0 66 0f
0x00007ffd8879feaf:   ef db 4f 8d 14 c2 4a 8d 14 42 4f 8d 1c 83 49 f7
0x00007ffd8879febf:   d8 4b 63 0c 83 4b 63 44 83 04 66 41 0f 6e 04 09
0x00007ffd8879fecf:   66 41 0f 6e 24 01 4b 63 4c 83 08 4b 63 44 83 0c
0x00007ffd8879fedf:   66 41 0f 6e 0c 09 66 41 0f 6e 2c 01 66 0f 62 c4
0x00007ffd8879feef:   66 0f 62 cd 66 0f 60 c3 66 0f 60 cb 66 43 0f f5
0x00007ffd8879feff:   04 c2 66 43 0f f5 4c c2 10 66 0f 38 02 c1 66 0f
0x00007ffd8879ff0f:   72 e0 07 66 0f 6b c0 66 42 0f d6 04 42 49 83 c0
0x00007ffd8879ff1f:   04 7c 9e c3 90 90 90 90 90 90 90 90 90 90 90 90
0x00007ffd8879ff2f:   90 4c 8b 54 24 28 4c 8b 5c 24 30 4d 63 c0 66 0f
0x00007ffd8879ff3f:   ef db 49 d1 e0 4f 8d 14 c2 4a 8d 14 02 4f 8d 1c
0x00007ffd8879ff4f:   43 49 f7 d8 4b 63 0c 43 4b 63 44 43 04 f3 41 0f
0x00007ffd8879ff5f:   7e 04 09 f3 41 0f 7e 0c 01 4b 63 4c 43 08 4b 63
0x00007ffd8879ff6f:   44 43 0c f3 41 0f 7e 24 09 f3 41 0f 7e 2c 01 66
0x00007ffd8879ff7f:   0f 60 c3 66 0f 60 cb 66 0f 60 e3 66 0f 60 eb 66
0x00007ffd8879ff8f:   43 0f f5 04 c2 66 43 0f f5 4c c2 10 66 43 0f f5
0x00007ffd8879ff9f:   64 c2 20 66 43 0f f5 6c c2 30 66 0f 38 02 c1 66
0x00007ffd8879ffaf:   0f 38 02 e5 66 0f 38 02 c4 66 0f 72 e0 07 66 0f
0x00007ffd8879ffbf:   6b c0 66 42 0f d6 04 02 49 83 c0 08 7c 86 c3 90 


Stack slot to memory mapping:
stack at sp + 0 slots: 0x00007ffd88742586 swscale-6.dll
stack at sp + 1 slots: 0x000002950407cc80 points into unknown readable memory: 0x00007ffd887c29e0 | e0 29 7c 88 fd 7f 00 00
stack at sp + 2 slots: 0x00007ffd887933b8 swscale-6.dll
stack at sp + 3 slots: 0x0 is NULL
stack at sp + 4 slots: 0x00007ffd88792c20 swscale-6.dll
stack at sp + 5 slots: 0x00000295040a4280 points into unknown readable memory: 0x0000000000004000 | 00 40 00 00 00 00 00 00
stack at sp + 6 slots: 0x000002950408bb40 points into unknown readable memory: 0x0000000100000000 | 00 00 00 00 01 00 00 00
stack at sp + 7 slots: 0x0000000000000004 is an unknown value


---------------  P R O C E S S  ---------------

Threads class SMR info:
_java_thread_list=0x00000293f47314d0, length=20, elements={
0x0000029382886be0, 0x00000293aa3cb310, 0x00000293aa3cb9f0, 0x00000293aa3e6900,
0x00000293aa3e6ee0, 0x00000293aa3e94d0, 0x00000293aa3ecfe0, 0x00000293aa3fa2e0,
0x00000293aa3facc0, 0x00000293aa400b30, 0x00000293ad270d30, 0x00000293ad49a220,
0x00000293ad49a740, 0x00000293ad49ac60, 0x00000293ad49bd90, 0x00000293ad4a9650,
0x00000293ad4a9b30, 0x00000293addd9fd0, 0x00000293f39329c0, 0x00000293f3df3f60
}

Java Threads: ( => current thread )
=>0x0000029382886be0 JavaThread "main" [_thread_in_native, id=18152, stack(0x0000009695200000,0x0000009695300000)]
  0x00000293aa3cb310 JavaThread "Reference Handler" daemon [_thread_blocked, id=24644, stack(0x0000009695900000,0x0000009695a00000)]
  0x00000293aa3cb9f0 JavaThread "Finalizer" daemon [_thread_blocked, id=24940, stack(0x0000009695a00000,0x0000009695b00000)]
  0x00000293aa3e6900 JavaThread "Signal Dispatcher" daemon [_thread_blocked, id=25064, stack(0x0000009695b00000,0x0000009695c00000)]
  0x00000293aa3e6ee0 JavaThread "Attach Listener" daemon [_thread_blocked, id=25352, stack(0x0000009695c00000,0x0000009695d00000)]
  0x00000293aa3e94d0 JavaThread "Service Thread" daemon [_thread_blocked, id=22668, stack(0x0000009695d00000,0x0000009695e00000)]
  0x00000293aa3ecfe0 JavaThread "Monitor Deflation Thread" daemon [_thread_blocked, id=3688, stack(0x0000009695e00000,0x0000009695f00000)]
  0x00000293aa3fa2e0 JavaThread "C2 CompilerThread0" daemon [_thread_blocked, id=23892, stack(0x0000009695f00000,0x0000009696000000)]
  0x00000293aa3facc0 JavaThread "C1 CompilerThread0" daemon [_thread_blocked, id=25372, stack(0x0000009696000000,0x0000009696100000)]
  0x00000293aa400b30 JavaThread "Sweeper thread" daemon [_thread_blocked, id=21056, stack(0x0000009696100000,0x0000009696200000)]
  0x00000293ad270d30 JavaThread "Common-Cleaner" daemon [_thread_blocked, id=16716, stack(0x0000009696200000,0x0000009696300000)]
  0x00000293ad49a220 JavaThread "C1 CompilerThread1" daemon [_thread_blocked, id=22168, stack(0x0000009696300000,0x0000009696400000)]
  0x00000293ad49a740 JavaThread "C1 CompilerThread2" daemon [_thread_blocked, id=11808, stack(0x0000009696400000,0x0000009696500000)]
  0x00000293ad49ac60 JavaThread "C1 CompilerThread3" daemon [_thread_blocked, id=16312, stack(0x0000009696500000,0x0000009696600000)]
  0x00000293ad49bd90 JavaThread "C2 CompilerThread1" daemon [_thread_blocked, id=23488, stack(0x0000009696600000,0x0000009696700000)]
  0x00000293ad4a9650 JavaThread "Monitor Ctrl-Break" daemon [_thread_in_native, id=7108, stack(0x0000009696700000,0x0000009696800000)]
  0x00000293ad4a9b30 JavaThread "Notification Thread" daemon [_thread_blocked, id=23104, stack(0x0000009696800000,0x0000009696900000)]
  0x00000293addd9fd0 JavaThread "JavaCPP Deallocator" daemon [_thread_blocked, id=23384, stack(0x0000009696a00000,0x0000009696b00000)]
  0x00000293f39329c0 JavaThread "C2 CompilerThread2" daemon [_thread_blocked, id=24996, stack(0x0000009697400000,0x0000009697500000)]
  0x00000293f3df3f60 JavaThread "C2 CompilerThread3" daemon [_thread_blocked, id=10720, stack(0x0000009697500000,0x0000009697600000)]

Other Threads:
  0x00000293aa3c6140 VMThread "VM Thread" [stack: 0x0000009695800000,0x0000009695900000] [id=23068]
  0x000002938291c380 WatcherThread [stack: 0x0000009696900000,0x0000009696a00000] [id=23712]
  0x00000293aa258a90 GCTaskThread "GC Thread#0" [stack: 0x0000009695300000,0x0000009695400000] [id=25280]
  0x00000293f343e820 GCTaskThread "GC Thread#1" [stack: 0x0000009696b00000,0x0000009696c00000] [id=21352]
  0x00000293f30a6a90 GCTaskThread "GC Thread#2" [stack: 0x0000009696c00000,0x0000009696d00000] [id=22352]
  0x00000293f317c420 GCTaskThread "GC Thread#3" [stack: 0x0000009696d00000,0x0000009696e00000] [id=25244]
  0x00000293adddb4d0 GCTaskThread "GC Thread#4" [stack: 0x0000009696e00000,0x0000009696f00000] [id=21672]
  0x00000293f317a0d0 GCTaskThread "GC Thread#5" [stack: 0x0000009696f00000,0x0000009697000000] [id=7972]
  0x00000293addcec90 GCTaskThread "GC Thread#6" [stack: 0x0000009697000000,0x0000009697100000] [id=11016]
  0x00000293adddb790 GCTaskThread "GC Thread#7" [stack: 0x0000009697100000,0x0000009697200000] [id=13660]
  0x00000293f33e7fe0 GCTaskThread "GC Thread#8" [stack: 0x0000009697200000,0x0000009697300000] [id=14696]
  0x00000293f33e82a0 GCTaskThread "GC Thread#9" [stack: 0x0000009697300000,0x0000009697400000] [id=432]
  0x00000293828f7a00 ConcurrentGCThread "G1 Main Marker" [stack: 0x0000009695400000,0x0000009695500000] [id=14860]
  0x00000293828f8410 ConcurrentGCThread "G1 Conc#0" [stack: 0x0000009695500000,0x0000009695600000] [id=24568]
  0x00000293aa301ed0 ConcurrentGCThread "G1 Refine#0" [stack: 0x0000009695600000,0x0000009695700000] [id=24404]
  0x00000293aa3053d0 ConcurrentGCThread "G1 Service" [stack: 0x0000009695700000,0x0000009695800000] [id=23752]

Threads with active compile tasks:

VM state: not at safepoint (normal execution)

VM Mutex/Monitor currently owned by a thread: None

Heap address: 0x0000000642400000, size: 7132 MB, Compressed Oops mode: Zero based, Oop shift amount: 3

CDS archive(s) mapped at: [0x00000293ae000000-0x00000293aebd0000-0x00000293aebd0000), size 12386304, SharedBaseAddress: 0x00000293ae000000, ArchiveRelocationMode: 1.
Compressed class space mapped at: 0x00000293af000000-0x00000293ef000000, reserved size: 1073741824
Narrow klass base: 0x00000293ae000000, Narrow klass shift: 0, Narrow klass range: 0x100000000

GC Precious Log:
 CPUs: 16 total, 16 available
 Memory: 28524M
 Large Page Support: Disabled
 NUMA Support: Disabled
 Compressed Oops: Enabled (Zero based)
 Heap Region Size: 4M
 Heap Min Capacity: 8M
 Heap Initial Capacity: 448M
 Heap Max Capacity: 7132M
 Pre-touch: Disabled
 Parallel Workers: 13
 Concurrent Workers: 3
 Concurrent Refinement Workers: 13
 Periodic GC: Disabled

Heap:
 garbage-first heap   total 458752K, used 125349K [0x0000000642400000, 0x0000000800000000)
  region size 4096K, 30 young (122880K), 1 survivors (4096K)
 Metaspace       used 10632K, committed 10816K, reserved 1114112K
  class space    used 685K, committed 768K, reserved 1048576K

Heap Regions: E=young(eden), S=young(survivor), O=old, HS=humongous(starts), HC=humongous(continues), CS=collection set, F=free, OA=open archive, CA=closed archive, TAMS=top-at-mark-start (previous, next)
|   0|0x0000000642400000, 0x0000000642800000, 0x0000000642800000|100%| O|  |TAMS 0x0000000642400000, 0x0000000642400000| Untracked 
|   1|0x0000000642800000, 0x0000000642c00000, 0x0000000642c00000|100%| O|  |TAMS 0x0000000642800000, 0x0000000642800000| Untracked 
|   2|0x0000000642c00000, 0x0000000642d05400, 0x0000000643000000| 25%| O|  |TAMS 0x0000000642c00000, 0x0000000642c00000| Untracked 
|   3|0x0000000643000000, 0x0000000643000000, 0x0000000643400000|  0%| F|  |TAMS 0x0000000643000000, 0x0000000643000000| Untracked 
|   4|0x0000000643400000, 0x0000000643400000, 0x0000000643800000|  0%| F|  |TAMS 0x0000000643400000, 0x0000000643400000| Untracked 
|   5|0x0000000643800000, 0x0000000643800000, 0x0000000643c00000|  0%| F|  |TAMS 0x0000000643800000, 0x0000000643800000| Untracked 
|   6|0x0000000643c00000, 0x0000000643c00000, 0x0000000644000000|  0%| F|  |TAMS 0x0000000643c00000, 0x0000000643c00000| Untracked 
|   7|0x0000000644000000, 0x0000000644000000, 0x0000000644400000|  0%| F|  |TAMS 0x0000000644000000, 0x0000000644000000| Untracked 
|   8|0x0000000644400000, 0x0000000644400000, 0x0000000644800000|  0%| F|  |TAMS 0x0000000644400000, 0x0000000644400000| Untracked 
|   9|0x0000000644800000, 0x0000000644800000, 0x0000000644c00000|  0%| F|  |TAMS 0x0000000644800000, 0x0000000644800000| Untracked 
|  10|0x0000000644c00000, 0x0000000644c00000, 0x0000000645000000|  0%| F|  |TAMS 0x0000000644c00000, 0x0000000644c00000| Untracked 
|  11|0x0000000645000000, 0x0000000645000000, 0x0000000645400000|  0%| F|  |TAMS 0x0000000645000000, 0x0000000645000000| Untracked 
|  12|0x0000000645400000, 0x0000000645400000, 0x0000000645800000|  0%| F|  |TAMS 0x0000000645400000, 0x0000000645400000| Untracked 
|  13|0x0000000645800000, 0x0000000645800000, 0x0000000645c00000|  0%| F|  |TAMS 0x0000000645800000, 0x0000000645800000| Untracked 
|  14|0x0000000645c00000, 0x0000000645c00000, 0x0000000646000000|  0%| F|  |TAMS 0x0000000645c00000, 0x0000000645c00000| Untracked 
|  15|0x0000000646000000, 0x0000000646000000, 0x0000000646400000|  0%| F|  |TAMS 0x0000000646000000, 0x0000000646000000| Untracked 
|  16|0x0000000646400000, 0x0000000646400000, 0x0000000646800000|  0%| F|  |TAMS 0x0000000646400000, 0x0000000646400000| Untracked 
|  17|0x0000000646800000, 0x0000000646800000, 0x0000000646c00000|  0%| F|  |TAMS 0x0000000646800000, 0x0000000646800000| Untracked 
|  18|0x0000000646c00000, 0x0000000646c00000, 0x0000000647000000|  0%| F|  |TAMS 0x0000000646c00000, 0x0000000646c00000| Untracked 
|  19|0x0000000647000000, 0x0000000647000000, 0x0000000647400000|  0%| F|  |TAMS 0x0000000647000000, 0x0000000647000000| Untracked 
|  20|0x0000000647400000, 0x0000000647400000, 0x0000000647800000|  0%| F|  |TAMS 0x0000000647400000, 0x0000000647400000| Untracked 
|  21|0x0000000647800000, 0x0000000647800000, 0x0000000647c00000|  0%| F|  |TAMS 0x0000000647800000, 0x0000000647800000| Untracked 
|  22|0x0000000647c00000, 0x0000000647c00000, 0x0000000648000000|  0%| F|  |TAMS 0x0000000647c00000, 0x0000000647c00000| Untracked 
|  23|0x0000000648000000, 0x0000000648000000, 0x0000000648400000|  0%| F|  |TAMS 0x0000000648000000, 0x0000000648000000| Untracked 
|  24|0x0000000648400000, 0x0000000648400000, 0x0000000648800000|  0%| F|  |TAMS 0x0000000648400000, 0x0000000648400000| Untracked 
|  25|0x0000000648800000, 0x0000000648800000, 0x0000000648c00000|  0%| F|  |TAMS 0x0000000648800000, 0x0000000648800000| Untracked 
|  26|0x0000000648c00000, 0x0000000648c00000, 0x0000000649000000|  0%| F|  |TAMS 0x0000000648c00000, 0x0000000648c00000| Untracked 
|  27|0x0000000649000000, 0x0000000649000000, 0x0000000649400000|  0%| F|  |TAMS 0x0000000649000000, 0x0000000649000000| Untracked 
|  28|0x0000000649400000, 0x0000000649400000, 0x0000000649800000|  0%| F|  |TAMS 0x0000000649400000, 0x0000000649400000| Untracked 
|  29|0x0000000649800000, 0x0000000649800000, 0x0000000649c00000|  0%| F|  |TAMS 0x0000000649800000, 0x0000000649800000| Untracked 
|  30|0x0000000649c00000, 0x0000000649c00000, 0x000000064a000000|  0%| F|  |TAMS 0x0000000649c00000, 0x0000000649c00000| Untracked 
|  31|0x000000064a000000, 0x000000064a000000, 0x000000064a400000|  0%| F|  |TAMS 0x000000064a000000, 0x000000064a000000| Untracked 
|  32|0x000000064a400000, 0x000000064a400000, 0x000000064a800000|  0%| F|  |TAMS 0x000000064a400000, 0x000000064a400000| Untracked 
|  33|0x000000064a800000, 0x000000064a800000, 0x000000064ac00000|  0%| F|  |TAMS 0x000000064a800000, 0x000000064a800000| Untracked 
|  34|0x000000064ac00000, 0x000000064ac00000, 0x000000064b000000|  0%| F|  |TAMS 0x000000064ac00000, 0x000000064ac00000| Untracked 
|  35|0x000000064b000000, 0x000000064b000000, 0x000000064b400000|  0%| F|  |TAMS 0x000000064b000000, 0x000000064b000000| Untracked 
|  36|0x000000064b400000, 0x000000064b400000, 0x000000064b800000|  0%| F|  |TAMS 0x000000064b400000, 0x000000064b400000| Untracked 
|  37|0x000000064b800000, 0x000000064b800000, 0x000000064bc00000|  0%| F|  |TAMS 0x000000064b800000, 0x000000064b800000| Untracked 
|  38|0x000000064bc00000, 0x000000064bc00000, 0x000000064c000000|  0%| F|  |TAMS 0x000000064bc00000, 0x000000064bc00000| Untracked 
|  39|0x000000064c000000, 0x000000064c000000, 0x000000064c400000|  0%| F|  |TAMS 0x000000064c000000, 0x000000064c000000| Untracked 
|  40|0x000000064c400000, 0x000000064c400000, 0x000000064c800000|  0%| F|  |TAMS 0x000000064c400000, 0x000000064c400000| Untracked 
|  41|0x000000064c800000, 0x000000064c800000, 0x000000064cc00000|  0%| F|  |TAMS 0x000000064c800000, 0x000000064c800000| Untracked 
|  42|0x000000064cc00000, 0x000000064cc00000, 0x000000064d000000|  0%| F|  |TAMS 0x000000064cc00000, 0x000000064cc00000| Untracked 
|  43|0x000000064d000000, 0x000000064d000000, 0x000000064d400000|  0%| F|  |TAMS 0x000000064d000000, 0x000000064d000000| Untracked 
|  44|0x000000064d400000, 0x000000064d400000, 0x000000064d800000|  0%| F|  |TAMS 0x000000064d400000, 0x000000064d400000| Untracked 
|  45|0x000000064d800000, 0x000000064d800000, 0x000000064dc00000|  0%| F|  |TAMS 0x000000064d800000, 0x000000064d800000| Untracked 
|  46|0x000000064dc00000, 0x000000064dc00000, 0x000000064e000000|  0%| F|  |TAMS 0x000000064dc00000, 0x000000064dc00000| Untracked 
|  47|0x000000064e000000, 0x000000064e000000, 0x000000064e400000|  0%| F|  |TAMS 0x000000064e000000, 0x000000064e000000| Untracked 
|  48|0x000000064e400000, 0x000000064e400000, 0x000000064e800000|  0%| F|  |TAMS 0x000000064e400000, 0x000000064e400000| Untracked 
|  49|0x000000064e800000, 0x000000064e800000, 0x000000064ec00000|  0%| F|  |TAMS 0x000000064e800000, 0x000000064e800000| Untracked 
|  50|0x000000064ec00000, 0x000000064ec00000, 0x000000064f000000|  0%| F|  |TAMS 0x000000064ec00000, 0x000000064ec00000| Untracked 
|  51|0x000000064f000000, 0x000000064f000000, 0x000000064f400000|  0%| F|  |TAMS 0x000000064f000000, 0x000000064f000000| Untracked 
|  52|0x000000064f400000, 0x000000064f400000, 0x000000064f800000|  0%| F|  |TAMS 0x000000064f400000, 0x000000064f400000| Untracked 
|  53|0x000000064f800000, 0x000000064f800000, 0x000000064fc00000|  0%| F|  |TAMS 0x000000064f800000, 0x000000064f800000| Untracked 
|  54|0x000000064fc00000, 0x000000064fc00000, 0x0000000650000000|  0%| F|  |TAMS 0x000000064fc00000, 0x000000064fc00000| Untracked 
|  55|0x0000000650000000, 0x0000000650000000, 0x0000000650400000|  0%| F|  |TAMS 0x0000000650000000, 0x0000000650000000| Untracked 
|  56|0x0000000650400000, 0x0000000650400000, 0x0000000650800000|  0%| F|  |TAMS 0x0000000650400000, 0x0000000650400000| Untracked 
|  57|0x0000000650800000, 0x0000000650800000, 0x0000000650c00000|  0%| F|  |TAMS 0x0000000650800000, 0x0000000650800000| Untracked 
|  58|0x0000000650c00000, 0x0000000650c00000, 0x0000000651000000|  0%| F|  |TAMS 0x0000000650c00000, 0x0000000650c00000| Untracked 
|  59|0x0000000651000000, 0x0000000651000000, 0x0000000651400000|  0%| F|  |TAMS 0x0000000651000000, 0x0000000651000000| Untracked 
|  60|0x0000000651400000, 0x0000000651400000, 0x0000000651800000|  0%| F|  |TAMS 0x0000000651400000, 0x0000000651400000| Untracked 
|  61|0x0000000651800000, 0x0000000651800000, 0x0000000651c00000|  0%| F|  |TAMS 0x0000000651800000, 0x0000000651800000| Untracked 
|  62|0x0000000651c00000, 0x0000000651c00000, 0x0000000652000000|  0%| F|  |TAMS 0x0000000651c00000, 0x0000000651c00000| Untracked 
|  63|0x0000000652000000, 0x0000000652000000, 0x0000000652400000|  0%| F|  |TAMS 0x0000000652000000, 0x0000000652000000| Untracked 
|  64|0x0000000652400000, 0x0000000652400000, 0x0000000652800000|  0%| F|  |TAMS 0x0000000652400000, 0x0000000652400000| Untracked 
|  65|0x0000000652800000, 0x0000000652800000, 0x0000000652c00000|  0%| F|  |TAMS 0x0000000652800000, 0x0000000652800000| Untracked 
|  66|0x0000000652c00000, 0x0000000652c00000, 0x0000000653000000|  0%| F|  |TAMS 0x0000000652c00000, 0x0000000652c00000| Untracked 
|  67|0x0000000653000000, 0x0000000653000000, 0x0000000653400000|  0%| F|  |TAMS 0x0000000653000000, 0x0000000653000000| Untracked 
|  68|0x0000000653400000, 0x0000000653400000, 0x0000000653800000|  0%| F|  |TAMS 0x0000000653400000, 0x0000000653400000| Untracked 
|  69|0x0000000653800000, 0x0000000653800000, 0x0000000653c00000|  0%| F|  |TAMS 0x0000000653800000, 0x0000000653800000| Untracked 
|  70|0x0000000653c00000, 0x0000000653c00000, 0x0000000654000000|  0%| F|  |TAMS 0x0000000653c00000, 0x0000000653c00000| Untracked 
|  71|0x0000000654000000, 0x0000000654000000, 0x0000000654400000|  0%| F|  |TAMS 0x0000000654000000, 0x0000000654000000| Untracked 
|  72|0x0000000654400000, 0x0000000654400000, 0x0000000654800000|  0%| F|  |TAMS 0x0000000654400000, 0x0000000654400000| Untracked 
|  73|0x0000000654800000, 0x0000000654800000, 0x0000000654c00000|  0%| F|  |TAMS 0x0000000654800000, 0x0000000654800000| Untracked 
|  74|0x0000000654c00000, 0x0000000654c00000, 0x0000000655000000|  0%| F|  |TAMS 0x0000000654c00000, 0x0000000654c00000| Untracked 
|  75|0x0000000655000000, 0x0000000655000000, 0x0000000655400000|  0%| F|  |TAMS 0x0000000655000000, 0x0000000655000000| Untracked 
|  76|0x0000000655400000, 0x0000000655400000, 0x0000000655800000|  0%| F|  |TAMS 0x0000000655400000, 0x0000000655400000| Untracked 
|  77|0x0000000655800000, 0x0000000655800000, 0x0000000655c00000|  0%| F|  |TAMS 0x0000000655800000, 0x0000000655800000| Untracked 
|  78|0x0000000655c00000, 0x0000000655c00000, 0x0000000656000000|  0%| F|  |TAMS 0x0000000655c00000, 0x0000000655c00000| Untracked 
|  79|0x0000000656000000, 0x0000000656000000, 0x0000000656400000|  0%| F|  |TAMS 0x0000000656000000, 0x0000000656000000| Untracked 
|  80|0x0000000656400000, 0x0000000656400000, 0x0000000656800000|  0%| F|  |TAMS 0x0000000656400000, 0x0000000656400000| Untracked 
|  81|0x0000000656800000, 0x0000000656800000, 0x0000000656c00000|  0%| F|  |TAMS 0x0000000656800000, 0x0000000656800000| Untracked 
|  82|0x0000000656c00000, 0x0000000656e01028, 0x0000000657000000| 50%| E|  |TAMS 0x0000000656c00000, 0x0000000656c00000| Complete 
|  83|0x0000000657000000, 0x0000000657400000, 0x0000000657400000|100%| E|CS|TAMS 0x0000000657000000, 0x0000000657000000| Complete 
|  84|0x0000000657400000, 0x0000000657800000, 0x0000000657800000|100%| E|CS|TAMS 0x0000000657400000, 0x0000000657400000| Complete 
|  85|0x0000000657800000, 0x0000000657c00000, 0x0000000657c00000|100%| E|CS|TAMS 0x0000000657800000, 0x0000000657800000| Complete 
|  86|0x0000000657c00000, 0x0000000658000000, 0x0000000658000000|100%| E|CS|TAMS 0x0000000657c00000, 0x0000000657c00000| Complete 
|  87|0x0000000658000000, 0x0000000658400000, 0x0000000658400000|100%| E|CS|TAMS 0x0000000658000000, 0x0000000658000000| Complete 
|  88|0x0000000658400000, 0x0000000658800000, 0x0000000658800000|100%| E|CS|TAMS 0x0000000658400000, 0x0000000658400000| Complete 
|  89|0x0000000658800000, 0x0000000658c00000, 0x0000000658c00000|100%| E|CS|TAMS 0x0000000658800000, 0x0000000658800000| Complete 
|  90|0x0000000658c00000, 0x0000000659000000, 0x0000000659000000|100%| E|CS|TAMS 0x0000000658c00000, 0x0000000658c00000| Complete 
|  91|0x0000000659000000, 0x0000000659400000, 0x0000000659400000|100%| E|CS|TAMS 0x0000000659000000, 0x0000000659000000| Complete 
|  92|0x0000000659400000, 0x0000000659800000, 0x0000000659800000|100%| E|CS|TAMS 0x0000000659400000, 0x0000000659400000| Complete 
|  93|0x0000000659800000, 0x0000000659c00000, 0x0000000659c00000|100%| E|CS|TAMS 0x0000000659800000, 0x0000000659800000| Complete 
|  94|0x0000000659c00000, 0x000000065a000000, 0x000000065a000000|100%| E|CS|TAMS 0x0000000659c00000, 0x0000000659c00000| Complete 
|  95|0x000000065a000000, 0x000000065a1642f0, 0x000000065a400000| 34%| S|CS|TAMS 0x000000065a000000, 0x000000065a000000| Complete 
|  96|0x000000065a400000, 0x000000065a800000, 0x000000065a800000|100%| E|CS|TAMS 0x000000065a400000, 0x000000065a400000| Complete 
|  97|0x000000065a800000, 0x000000065ac00000, 0x000000065ac00000|100%| E|CS|TAMS 0x000000065a800000, 0x000000065a800000| Complete 
|  98|0x000000065ac00000, 0x000000065b000000, 0x000000065b000000|100%| E|CS|TAMS 0x000000065ac00000, 0x000000065ac00000| Complete 
|  99|0x000000065b000000, 0x000000065b400000, 0x000000065b400000|100%| E|CS|TAMS 0x000000065b000000, 0x000000065b000000| Complete 
| 100|0x000000065b400000, 0x000000065b800000, 0x000000065b800000|100%| E|CS|TAMS 0x000000065b400000, 0x000000065b400000| Complete 
| 101|0x000000065b800000, 0x000000065bc00000, 0x000000065bc00000|100%| E|CS|TAMS 0x000000065b800000, 0x000000065b800000| Complete 
| 102|0x000000065bc00000, 0x000000065c000000, 0x000000065c000000|100%| E|CS|TAMS 0x000000065bc00000, 0x000000065bc00000| Complete 
| 103|0x000000065c000000, 0x000000065c400000, 0x000000065c400000|100%| E|CS|TAMS 0x000000065c000000, 0x000000065c000000| Complete 
| 104|0x000000065c400000, 0x000000065c800000, 0x000000065c800000|100%| E|CS|TAMS 0x000000065c400000, 0x000000065c400000| Complete 
| 105|0x000000065c800000, 0x000000065cc00000, 0x000000065cc00000|100%| E|CS|TAMS 0x000000065c800000, 0x000000065c800000| Complete 
| 106|0x000000065cc00000, 0x000000065d000000, 0x000000065d000000|100%| E|CS|TAMS 0x000000065cc00000, 0x000000065cc00000| Complete 
| 107|0x000000065d000000, 0x000000065d400000, 0x000000065d400000|100%| E|CS|TAMS 0x000000065d000000, 0x000000065d000000| Complete 
| 108|0x000000065d400000, 0x000000065d800000, 0x000000065d800000|100%| E|CS|TAMS 0x000000065d400000, 0x000000065d400000| Complete 
| 109|0x000000065d800000, 0x000000065dc00000, 0x000000065dc00000|100%| E|CS|TAMS 0x000000065d800000, 0x000000065d800000| Complete 
| 110|0x000000065dc00000, 0x000000065e000000, 0x000000065e000000|100%| E|CS|TAMS 0x000000065dc00000, 0x000000065dc00000| Complete 
| 111|0x000000065e000000, 0x000000065e400000, 0x000000065e400000|100%| E|CS|TAMS 0x000000065e000000, 0x000000065e000000| Complete 

Card table byte_map: [0x000002939a760000,0x000002939b550000] _byte_map_base: 0x000002939754e000

Marking Bits (Prev, Next): (CMBitMap*) 0x00000293828e81f0, (CMBitMap*) 0x00000293828e8230
 Prev Bits: [0x000002939c340000, 0x00000293a32b0000)
 Next Bits: [0x00000293a32b0000, 0x00000293aa220000)

Polling page: 0x00000293807d0000

Metaspace:

Usage:
  Non-class:      9.71 MB used.
      Class:    685.58 KB used.
       Both:     10.38 MB used.

Virtual space:
  Non-class space:       64.00 MB reserved,       9.81 MB ( 15%) committed,  1 nodes.
      Class space:        1.00 GB reserved,     768.00 KB ( <1%) committed,  1 nodes.
             Both:        1.06 GB reserved,      10.56 MB ( <1%) committed. 

Chunk freelists:
   Non-Class:  4.58 MB
       Class:  15.23 MB
        Both:  19.81 MB

MaxMetaspaceSize: unlimited
CompressedClassSpaceSize: 1.00 GB
Initial GC threshold: 21.00 MB
Current GC threshold: 21.00 MB
CDS: on
MetaspaceReclaimPolicy: balanced
 - commit_granule_bytes: 65536.
 - commit_granule_words: 8192.
 - virtual_space_node_default_size: 8388608.
 - enlarge_chunks_in_place: 1.
 - new_chunks_are_fully_committed: 0.
 - uncommit_free_chunks: 1.
 - use_allocation_guard: 0.
 - handle_deallocations: 1.


Internal statistics:

num_allocs_failed_limit: 0.
num_arena_births: 28.
num_arena_deaths: 0.
num_vsnodes_births: 2.
num_vsnodes_deaths: 0.
num_space_committed: 167.
num_space_uncommitted: 0.
num_chunks_returned_to_freelist: 0.
num_chunks_taken_from_freelist: 306.
num_chunk_merges: 0.
num_chunk_splits: 269.
num_chunks_enlarged: 246.
num_inconsistent_stats: 0.

CodeHeap 'non-profiled nmethods': size=119168Kb used=1710Kb max_used=1710Kb free=117457Kb
 bounds [0x0000029391c90000, 0x0000029391f00000, 0x00000293990f0000]
CodeHeap 'profiled nmethods': size=119104Kb used=3565Kb max_used=3565Kb free=115538Kb
 bounds [0x000002938a0f0000, 0x000002938a470000, 0x0000029391540000]
CodeHeap 'non-nmethods': size=7488Kb used=3324Kb max_used=3353Kb free=4163Kb
 bounds [0x0000029391540000, 0x0000029391890000, 0x0000029391c90000]
 total_blobs=2538 nmethods=1516 adapters=932
 compilation: enabled
              stopped_count=0, restarted_count=0
 full_count=0

Compilation events (20 events):
Event: 2.372 Thread 0x00000293ad49a740 nmethod 1506 0x0000029391e37b10 code [0x0000029391e37ca0, 0x0000029391e37d78]
Event: 2.372 Thread 0x00000293aa3facc0 nmethod 1507 0x0000029391e37e10 code [0x0000029391e37fa0, 0x0000029391e38078]
Event: 2.372 Thread 0x00000293aa3facc0 1510       1       sun.reflect.generics.tree.SimpleClassTypeSignature::getTypeArguments (5 bytes)
Event: 2.372 Thread 0x00000293ad49ac60 nmethod 1508 0x0000029391e38110 code [0x0000029391e382a0, 0x0000029391e38378]
Event: 2.372 Thread 0x00000293ad49a220 nmethod 1509 0x0000029391e38410 code [0x0000029391e385a0, 0x0000029391e38678]
Event: 2.372 Thread 0x00000293aa3facc0 nmethod 1510 0x0000029391e38710 code [0x0000029391e388a0, 0x0000029391e38978]
Event: 2.373 Thread 0x00000293ad49ac60 1511   !   3       org.bytedeco.javacpp.ClassProperties::load (2157 bytes)
Event: 2.373 Thread 0x00000293ad49a220 1512       3       org.bytedeco.javacpp.tools.Logger::isDebugEnabled (4 bytes)
Event: 2.373 Thread 0x00000293ad49a740 1513       3       java.util.ArrayList::toArray (12 bytes)
Event: 2.373 Thread 0x00000293ad49a220 nmethod 1512 0x000002938a445b10 code [0x000002938a445ca0, 0x000002938a445db8]
Event: 2.373 Thread 0x00000293ad49a740 nmethod 1513 0x000002938a445e90 code [0x000002938a446040, 0x000002938a446228]
Event: 2.381 Thread 0x00000293aa3fa2e0 1514       4       java.util.Properties::getProperty (50 bytes)
Event: 2.387 Thread 0x00000293aa3fa2e0 nmethod 1514 0x0000029391e38a10 code [0x0000029391e38bc0, 0x0000029391e39358]
Event: 2.388 Thread 0x00000293ad49ac60 nmethod 1511 0x000002938a446310 code [0x000002938a448480, 0x000002938a45f998]
Event: 2.392 Thread 0x00000293ad49bd90 1515       4       sun.reflect.generics.parser.SignatureParser::advance (53 bytes)
Event: 2.392 Thread 0x00000293ad49a740 1516       3       java.util.Arrays$ArrayList::size (6 bytes)
Event: 2.392 Thread 0x00000293ad49a740 nmethod 1516 0x000002938a46b410 code [0x000002938a46b5a0, 0x000002938a46b6b8]
Event: 2.392 Thread 0x00000293ad49bd90 nmethod 1515 0x0000029391e39890 code [0x0000029391e39a00, 0x0000029391e39ad8]
Event: 2.401 Thread 0x00000293f39329c0 1517   !   4       sun.net.www.ParseUtil::decode (317 bytes)
Event: 2.412 Thread 0x00000293f39329c0 nmethod 1517 0x0000029391e39c10 code [0x0000029391e39ec0, 0x0000029391e3adc8]

GC Heap History (6 events):
Event: 0.467 GC heap before
{Heap before GC invocations=0 (full 0):
 garbage-first heap   total 458752K, used 16384K [0x0000000642400000, 0x0000000800000000)
  region size 4096K, 5 young (20480K), 0 survivors (0K)
 Metaspace       used 1892K, committed 2048K, reserved 1114112K
  class space    used 147K, committed 192K, reserved 1048576K
}
Event: 0.470 GC heap after
{Heap after GC invocations=1 (full 0):
 garbage-first heap   total 458752K, used 9185K [0x0000000642400000, 0x0000000800000000)
  region size 4096K, 1 young (4096K), 1 survivors (4096K)
 Metaspace       used 1892K, committed 2048K, reserved 1114112K
  class space    used 147K, committed 192K, reserved 1048576K
}
Event: 0.709 GC heap before
{Heap before GC invocations=1 (full 0):
 garbage-first heap   total 458752K, used 25569K [0x0000000642400000, 0x0000000800000000)
  region size 4096K, 5 young (20480K), 1 survivors (4096K)
 Metaspace       used 2312K, committed 2496K, reserved 1114112K
  class space    used 179K, committed 256K, reserved 1048576K
}
Event: 0.711 GC heap after
{Heap after GC invocations=2 (full 0):
 garbage-first heap   total 458752K, used 9598K [0x0000000642400000, 0x0000000800000000)
  region size 4096K, 1 young (4096K), 1 survivors (4096K)
 Metaspace       used 2312K, committed 2496K, reserved 1114112K
  class space    used 179K, committed 256K, reserved 1048576K
}
Event: 1.804 GC heap before
{Heap before GC invocations=2 (full 0):
 garbage-first heap   total 458752K, used 75134K [0x0000000642400000, 0x0000000800000000)
  region size 4096K, 16 young (65536K), 1 survivors (4096K)
 Metaspace       used 8547K, committed 8768K, reserved 1114112K
  class space    used 426K, committed 512K, reserved 1048576K
}
Event: 1.805 GC heap after
{Heap after GC invocations=3 (full 0):
 garbage-first heap   total 458752K, used 10661K [0x0000000642400000, 0x0000000800000000)
  region size 4096K, 1 young (4096K), 1 survivors (4096K)
 Metaspace       used 8547K, committed 8768K, reserved 1114112K
  class space    used 426K, committed 512K, reserved 1048576K
}

Deoptimization events (20 events):
Event: 1.790 Thread 0x0000029382886be0 DEOPT PACKING pc=0x000002938a3381c4 sp=0x00000096952fdb00
Event: 1.790 Thread 0x0000029382886be0 DEOPT UNPACKING pc=0x0000029391592b43 sp=0x00000096952fcfa0 mode 0
Event: 1.797 Thread 0x0000029382886be0 DEOPT PACKING pc=0x000002938a3381c4 sp=0x00000096952fdb00
Event: 1.797 Thread 0x0000029382886be0 DEOPT UNPACKING pc=0x0000029391592b43 sp=0x00000096952fcfa0 mode 0
Event: 1.800 Thread 0x0000029382886be0 DEOPT PACKING pc=0x000002938a3381c4 sp=0x00000096952fdb00
Event: 1.800 Thread 0x0000029382886be0 DEOPT UNPACKING pc=0x0000029391592b43 sp=0x00000096952fcfa0 mode 0
Event: 1.806 Thread 0x0000029382886be0 DEOPT PACKING pc=0x000002938a3381c4 sp=0x00000096952fdb00
Event: 1.806 Thread 0x0000029382886be0 DEOPT UNPACKING pc=0x0000029391592b43 sp=0x00000096952fcfa0 mode 0
Event: 1.808 Thread 0x0000029382886be0 DEOPT PACKING pc=0x000002938a3381c4 sp=0x00000096952fdb00
Event: 1.808 Thread 0x0000029382886be0 DEOPT UNPACKING pc=0x0000029391592b43 sp=0x00000096952fcfa0 mode 0
Event: 2.079 Thread 0x0000029382886be0 Uncommon trap: trap_request=0xffffff45 fr.pc=0x0000029391e02bcc relative=0x0000000000009b2c
Event: 2.079 Thread 0x0000029382886be0 Uncommon trap: reason=unstable_if action=reinterpret pc=0x0000029391e02bcc method=org.bytedeco.javacpp.Loader.loadLibrary(Ljava/lang/Class;[Ljava/net/URL;Ljava/lang/String;[Ljava/lang/String;)Ljava/lang/String; @ 93 c2
Event: 2.079 Thread 0x0000029382886be0 DEOPT PACKING pc=0x0000029391e02bcc sp=0x00000096952fde40
Event: 2.079 Thread 0x0000029382886be0 DEOPT UNPACKING pc=0x00000293915923a3 sp=0x00000096952fde28 mode 2
Event: 2.127 Thread 0x0000029382886be0 Uncommon trap: trap_request=0xffffffde fr.pc=0x0000029391d60e6c relative=0x000000000000042c
Event: 2.127 Thread 0x0000029382886be0 Uncommon trap: reason=class_check action=maybe_recompile pc=0x0000029391d60e6c method=java.util.HashMap.getNode(Ljava/lang/Object;)Ljava/util/HashMap$Node; @ 128 c2
Event: 2.127 Thread 0x0000029382886be0 DEOPT PACKING pc=0x0000029391d60e6c sp=0x00000096952fd3f0
Event: 2.127 Thread 0x0000029382886be0 DEOPT UNPACKING pc=0x00000293915923a3 sp=0x00000096952fd308 mode 2
Event: 2.316 Thread 0x0000029382886be0 DEOPT PACKING pc=0x000002938a3f5529 sp=0x00000096952fdb30
Event: 2.316 Thread 0x0000029382886be0 DEOPT UNPACKING pc=0x0000029391592b43 sp=0x00000096952fd028 mode 0

Classes unloaded (0 events):
No events

Classes redefined (0 events):
No events

Internal exceptions (8 events):
Event: 0.429 Thread 0x00000293ad4a9650 Exception <a 'java/lang/NoSuchMethodError'{0x000000065d23eea8}: 'java.lang.Object java.lang.invoke.DirectMethodHandle$Holder.invokeStaticInit(java.lang.Object)'> (0x000000065d23eea8) 
thrown [s\open\src\hotspot\share\interpreter\linkResolver.cpp, line 759]
Event: 0.434 Thread 0x00000293ad4a9650 Exception <a 'java/lang/NoSuchMethodError'{0x000000065d24ce88}: 'void java.lang.invoke.DirectMethodHandle$Holder.invokeStatic(java.lang.Object, java.lang.Object)'> (0x000000065d24ce88) 
thrown [s\open\src\hotspot\share\interpreter\linkResolver.cpp, line 759]
Event: 0.442 Thread 0x0000029382886be0 Exception <a 'java/lang/NoSuchMethodError'{0x000000065d327940}: 'int java.lang.invoke.DirectMethodHandle$Holder.invokeStaticInit(java.lang.Object, java.lang.Object, java.lang.Object, java.lang.Object)'> (0x000000065d327940) 
thrown [s\open\src\hotspot\share\interpreter\linkResolver.cpp, line 759]
Event: 0.443 Thread 0x0000029382886be0 Exception <a 'java/lang/NoSuchMethodError'{0x000000065d331d90}: 'java.lang.Object java.lang.invoke.DirectMethodHandle$Holder.invokeInterface(java.lang.Object, java.lang.Object)'> (0x000000065d331d90) 
thrown [s\open\src\hotspot\share\interpreter\linkResolver.cpp, line 759]
Event: 0.444 Thread 0x0000029382886be0 Exception <a 'java/lang/IncompatibleClassChangeError'{0x000000065d335408}: Found class java.lang.Object, but interface was expected> (0x000000065d335408) 
thrown [s\open\src\hotspot\share\interpreter\linkResolver.cpp, line 826]
Event: 0.444 Thread 0x0000029382886be0 Exception <a 'java/lang/NoSuchMethodError'{0x000000065d3383f8}: 'void java.lang.invoke.DirectMethodHandle$Holder.invokeStaticInit(java.lang.Object, java.lang.Object)'> (0x000000065d3383f8) 
thrown [s\open\src\hotspot\share\interpreter\linkResolver.cpp, line 759]
Event: 0.444 Thread 0x0000029382886be0 Exception <a 'java/lang/NoSuchMethodError'{0x000000065d33e1a8}: 'int java.lang.invoke.DirectMethodHandle$Holder.invokeStaticInit(java.lang.Object, java.lang.Object)'> (0x000000065d33e1a8) 
thrown [s\open\src\hotspot\share\interpreter\linkResolver.cpp, line 759]
Event: 1.593 Thread 0x0000029382886be0 Implicit null exception at 0x0000029391d479af to 0x0000029391d4f716

VM Operations (20 events):
Event: 0.428 Executing VM operation: HandshakeAllThreads
Event: 0.428 Executing VM operation: HandshakeAllThreads done
Event: 0.430 Executing VM operation: HandshakeAllThreads
Event: 0.430 Executing VM operation: HandshakeAllThreads done
Event: 0.451 Executing VM operation: HandshakeAllThreads
Event: 0.451 Executing VM operation: HandshakeAllThreads done
Event: 0.467 Executing VM operation: G1CollectForAllocation
Event: 0.470 Executing VM operation: G1CollectForAllocation done
Event: 0.471 Executing VM operation: HandshakeAllThreads
Event: 0.471 Executing VM operation: HandshakeAllThreads done
Event: 0.471 Executing VM operation: HandshakeAllThreads
Event: 0.471 Executing VM operation: HandshakeAllThreads done
Event: 0.709 Executing VM operation: G1CollectForAllocation
Event: 0.711 Executing VM operation: G1CollectForAllocation done
Event: 1.028 Executing VM operation: HandshakeAllThreads
Event: 1.028 Executing VM operation: HandshakeAllThreads done
Event: 1.577 Executing VM operation: HandshakeAllThreads
Event: 1.577 Executing VM operation: HandshakeAllThreads done
Event: 1.803 Executing VM operation: G1CollectForAllocation
Event: 1.805 Executing VM operation: G1CollectForAllocation done

Events (20 events):
Event: 2.129 Thread 0x00000293f4afb270 Thread exited: 0x00000293f4afb270
Event: 2.147 Thread 0x00000293f71ffb70 Thread exited: 0x00000293f71ffb70
Event: 2.152 Loaded shared library C:\Users\70852\.javacpp\cache\opencv-4.5.5-1.5.7-windows-x86_64.jar\org\bytedeco\opencv\windows-x86_64\opencv_imgproc455.dll
Event: 2.174 Loaded shared library C:\Users\70852\.javacpp\cache\opencv-4.5.5-1.5.7-windows-x86_64.jar\org\bytedeco\opencv\windows-x86_64\jniopencv_core.dll
Event: 2.252 loading class java/nio/DirectFloatBufferU
Event: 2.252 loading class java/nio/FloatBuffer
Event: 2.252 loading class java/nio/FloatBuffer done
Event: 2.252 loading class java/nio/DirectFloatBufferU done
Event: 2.253 loading class java/nio/DirectShortBufferU
Event: 2.253 loading class java/nio/ShortBuffer
Event: 2.253 loading class java/nio/ShortBuffer done
Event: 2.253 loading class java/nio/DirectShortBufferU done
Event: 2.313 loading class java/lang/StrictMath
Event: 2.313 loading class java/lang/StrictMath done
Event: 2.334 Loaded shared library C:\Users\70852\.javacpp\cache\ffmpeg-5.0-1.5.7-windows-x86_64.jar\org\bytedeco\ffmpeg\windows-x86_64\swscale-6.dll
Event: 2.349 Loaded shared library C:\Users\70852\.javacpp\cache\ffmpeg-5.0-1.5.7-windows-x86_64.jar\org\bytedeco\ffmpeg\windows-x86_64\jniswscale.dll
Event: 2.356 loading class java/nio/DoubleBuffer
Event: 2.356 loading class java/nio/DoubleBuffer done
Event: 2.357 Thread 0x00000293f53f89a0 Thread exited: 0x00000293f53f89a0
Event: 2.410 Loaded shared library C:\Users\70852\.javacpp\cache\opencv-4.5.5-1.5.7-windows-x86_64.jar\org\bytedeco\opencv\windows-x86_64\jniopencv_imgproc.dll


Dynamic libraries:
0x00007ff6f0640000 - 0x00007ff6f0650000 	C:\Program Files\Java\jdk-17\bin\java.exe
0x00007ffd9c5f0000 - 0x00007ffd9c807000 	C:\WINDOWS\SYSTEM32\ntdll.dll
0x00007ffd9b3c0000 - 0x00007ffd9b484000 	C:\WINDOWS\System32\KERNEL32.DLL
0x00007ffd99ad0000 - 0x00007ffd99e8a000 	C:\WINDOWS\System32\KERNELBASE.dll
0x00007ffd99f10000 - 0x00007ffd9a021000 	C:\WINDOWS\System32\ucrtbase.dll
0x00007ffd7a040000 - 0x00007ffd7a059000 	C:\Program Files\Java\jdk-17\bin\jli.dll
0x00007ffd74030000 - 0x00007ffd7404b000 	C:\Program Files\Java\jdk-17\bin\VCRUNTIME140.dll
0x00007ffd9a350000 - 0x00007ffd9a402000 	C:\WINDOWS\System32\ADVAPI32.dll
0x00007ffd9a480000 - 0x00007ffd9a527000 	C:\WINDOWS\System32\msvcrt.dll
0x00007ffd9be60000 - 0x00007ffd9bf07000 	C:\WINDOWS\System32\sechost.dll
0x00007ffd9a030000 - 0x00007ffd9a058000 	C:\WINDOWS\System32\bcrypt.dll
0x00007ffd9c430000 - 0x00007ffd9c544000 	C:\WINDOWS\System32\RPCRT4.dll
0x00007ffd9bc30000 - 0x00007ffd9bdde000 	C:\WINDOWS\System32\USER32.dll
0x00007ffd99a20000 - 0x00007ffd99a46000 	C:\WINDOWS\System32\win32u.dll
0x00007ffd9bde0000 - 0x00007ffd9be09000 	C:\WINDOWS\System32\GDI32.dll
0x00007ffd82110000 - 0x00007ffd823a2000 	C:\WINDOWS\WinSxS\amd64_microsoft.windows.common-controls_6595b64144ccf1df_6.0.22621.4541_none_2710d1c57384c085\COMCTL32.dll
0x00007ffd9a060000 - 0x00007ffd9a17b000 	C:\WINDOWS\System32\gdi32full.dll
0x00007ffd998c0000 - 0x00007ffd9995a000 	C:\WINDOWS\System32\msvcp_win.dll
0x00007ffd95680000 - 0x00007ffd9568a000 	C:\WINDOWS\SYSTEM32\VERSION.dll
0x00007ffd9be20000 - 0x00007ffd9be51000 	C:\WINDOWS\System32\IMM32.DLL
0x00007ffd7a690000 - 0x00007ffd7a69c000 	C:\Program Files\Java\jdk-17\bin\vcruntime140_1.dll
0x00007ffd59550000 - 0x00007ffd595de000 	C:\Program Files\Java\jdk-17\bin\msvcp140.dll
0x00007ffd515c0000 - 0x00007ffd521a1000 	C:\Program Files\Java\jdk-17\bin\server\jvm.dll
0x00007ffd9b490000 - 0x00007ffd9b498000 	C:\WINDOWS\System32\PSAPI.DLL
0x00007ffd84a90000 - 0x00007ffd84a99000 	C:\WINDOWS\SYSTEM32\WSOCK32.dll
0x00007ffd8ea70000 - 0x00007ffd8eaa4000 	C:\WINDOWS\SYSTEM32\WINMM.dll
0x00007ffd9b8e0000 - 0x00007ffd9b951000 	C:\WINDOWS\System32\WS2_32.dll
0x00007ffd98830000 - 0x00007ffd98848000 	C:\WINDOWS\SYSTEM32\kernel.appcore.dll
0x00007ffd77680000 - 0x00007ffd7768a000 	C:\Program Files\Java\jdk-17\bin\jimage.dll
0x00007ffd8fd30000 - 0x00007ffd8ff62000 	C:\WINDOWS\SYSTEM32\DBGHELP.DLL
0x00007ffd9b4a0000 - 0x00007ffd9b82f000 	C:\WINDOWS\System32\combase.dll
0x00007ffd9c350000 - 0x00007ffd9c427000 	C:\WINDOWS\System32\OLEAUT32.dll
0x00007ffd8d6a0000 - 0x00007ffd8d6d2000 	C:\WINDOWS\SYSTEM32\dbgcore.DLL
0x00007ffd99e90000 - 0x00007ffd99f0b000 	C:\WINDOWS\System32\bcryptPrimitives.dll
0x00007ffd37430000 - 0x00007ffd3743e000 	C:\Program Files\Java\jdk-17\bin\instrument.dll
0x00007ffd68090000 - 0x00007ffd680b5000 	C:\Program Files\Java\jdk-17\bin\java.dll
0x00007ffd58f80000 - 0x00007ffd59057000 	C:\Program Files\Java\jdk-17\bin\jsvml.dll
0x00007ffd9a9d0000 - 0x00007ffd9b248000 	C:\WINDOWS\System32\SHELL32.dll
0x00007ffd976f0000 - 0x00007ffd97ff8000 	C:\WINDOWS\SYSTEM32\windows.storage.dll
0x00007ffd975b0000 - 0x00007ffd976ef000 	C:\WINDOWS\SYSTEM32\wintypes.dll
0x00007ffd9bf90000 - 0x00007ffd9c08a000 	C:\WINDOWS\System32\SHCORE.dll
0x00007ffd9c550000 - 0x00007ffd9c5ae000 	C:\WINDOWS\System32\shlwapi.dll
0x00007ffd99780000 - 0x00007ffd997ab000 	C:\WINDOWS\SYSTEM32\profapi.dll
0x00007ffd73600000 - 0x00007ffd73618000 	C:\Program Files\Java\jdk-17\bin\zip.dll
0x00007ffd93410000 - 0x00007ffd93429000 	C:\Program Files\Java\jdk-17\bin\net.dll
0x00007ffd954d0000 - 0x00007ffd95606000 	C:\WINDOWS\SYSTEM32\WINHTTP.dll
0x00007ffd98ca0000 - 0x00007ffd98d09000 	C:\WINDOWS\system32\mswsock.dll
0x00007ffd73f60000 - 0x00007ffd73f76000 	C:\Program Files\Java\jdk-17\bin\nio.dll
0x00007ffd356d0000 - 0x00007ffd356ea000 	D:\Program Files\JetBrains\IntelliJ IDEA 2023.2.5\bin\breakgen64.dll
0x00000293adf60000 - 0x00000293adf64000 	C:\Users\70852\.javacpp\cache\javacpp-1.5.7-windows-x86_64.jar\org\bytedeco\javacpp\windows-x86_64\api-ms-win-crt-locale-l1-1-0.dll
0x00000293adf70000 - 0x00000293adf75000 	C:\Users\70852\.javacpp\cache\javacpp-1.5.7-windows-x86_64.jar\org\bytedeco\javacpp\windows-x86_64\api-ms-win-crt-string-l1-1-0.dll
0x00000293adf80000 - 0x00000293adf85000 	C:\Users\70852\.javacpp\cache\javacpp-1.5.7-windows-x86_64.jar\org\bytedeco\javacpp\windows-x86_64\api-ms-win-crt-stdio-l1-1-0.dll
0x00000293adf90000 - 0x00000293adf96000 	C:\Users\70852\.javacpp\cache\javacpp-1.5.7-windows-x86_64.jar\org\bytedeco\javacpp\windows-x86_64\api-ms-win-crt-math-l1-1-0.dll
0x00000293adfa0000 - 0x00000293adfa4000 	C:\Users\70852\.javacpp\cache\javacpp-1.5.7-windows-x86_64.jar\org\bytedeco\javacpp\windows-x86_64\api-ms-win-crt-heap-l1-1-0.dll
0x00000293adfb0000 - 0x00000293adfb5000 	C:\Users\70852\.javacpp\cache\javacpp-1.5.7-windows-x86_64.jar\org\bytedeco\javacpp\windows-x86_64\api-ms-win-crt-runtime-l1-1-0.dll
0x00000293adfc0000 - 0x00000293adfc5000 	C:\Users\70852\.javacpp\cache\javacpp-1.5.7-windows-x86_64.jar\org\bytedeco\javacpp\windows-x86_64\api-ms-win-crt-convert-l1-1-0.dll
0x00000293adfd0000 - 0x00000293adfd4000 	C:\Users\70852\.javacpp\cache\javacpp-1.5.7-windows-x86_64.jar\org\bytedeco\javacpp\windows-x86_64\api-ms-win-crt-environment-l1-1-0.dll
0x00000293adfe0000 - 0x00000293adfe4000 	C:\Users\70852\.javacpp\cache\javacpp-1.5.7-windows-x86_64.jar\org\bytedeco\javacpp\windows-x86_64\api-ms-win-crt-time-l1-1-0.dll
0x00000293adff0000 - 0x00000293adff4000 	C:\Users\70852\.javacpp\cache\javacpp-1.5.7-windows-x86_64.jar\org\bytedeco\javacpp\windows-x86_64\api-ms-win-crt-filesystem-l1-1-0.dll
0x00000293f3fd0000 - 0x00000293f3fd4000 	C:\Users\70852\.javacpp\cache\javacpp-1.5.7-windows-x86_64.jar\org\bytedeco\javacpp\windows-x86_64\api-ms-win-crt-utility-l1-1-0.dll
0x00000293f3fe0000 - 0x00000293f3fe6000 	C:\Users\70852\.javacpp\cache\javacpp-1.5.7-windows-x86_64.jar\org\bytedeco\javacpp\windows-x86_64\api-ms-win-crt-multibyte-l1-1-0.dll
0x00000293f3ff0000 - 0x00000293f3ff4000 	C:\Users\70852\.javacpp\cache\javacpp-1.5.7-windows-x86_64.jar\org\bytedeco\javacpp\windows-x86_64\api-ms-win-crt-conio-l1-1-0.dll
0x00000293f4000000 - 0x00000293f4011000 	C:\Users\70852\.javacpp\cache\javacpp-1.5.7-windows-x86_64.jar\org\bytedeco\javacpp\windows-x86_64\api-ms-win-crt-private-l1-1-0.dll
0x00000293f4020000 - 0x00000293f4024000 	C:\Users\70852\.javacpp\cache\javacpp-1.5.7-windows-x86_64.jar\org\bytedeco\javacpp\windows-x86_64\api-ms-win-crt-process-l1-1-0.dll
0x00000293f4030000 - 0x00000293f4034000 	C:\Users\70852\.javacpp\cache\javacpp-1.5.7-windows-x86_64.jar\org\bytedeco\javacpp\windows-x86_64\api-ms-win-core-console-l1-2-0.dll
0x00000293f4040000 - 0x00000293f4044000 	C:\Users\70852\.javacpp\cache\javacpp-1.5.7-windows-x86_64.jar\org\bytedeco\javacpp\windows-x86_64\api-ms-win-core-string-l1-1-0.dll
0x00000293f4050000 - 0x00000293f4054000 	C:\Users\70852\.javacpp\cache\javacpp-1.5.7-windows-x86_64.jar\org\bytedeco\javacpp\windows-x86_64\api-ms-win-core-errorhandling-l1-1-0.dll
0x00000293f4060000 - 0x00000293f4064000 	C:\Users\70852\.javacpp\cache\javacpp-1.5.7-windows-x86_64.jar\org\bytedeco\javacpp\windows-x86_64\api-ms-win-core-timezone-l1-1-0.dll
0x00000293f5040000 - 0x00000293f5045000 	C:\Users\70852\.javacpp\cache\javacpp-1.5.7-windows-x86_64.jar\org\bytedeco\javacpp\windows-x86_64\api-ms-win-core-file-l1-1-0.dll
0x00000293f5050000 - 0x00000293f5054000 	C:\Users\70852\.javacpp\cache\javacpp-1.5.7-windows-x86_64.jar\org\bytedeco\javacpp\windows-x86_64\api-ms-win-core-namedpipe-l1-1-0.dll
0x00000293f5060000 - 0x00000293f5064000 	C:\Users\70852\.javacpp\cache\javacpp-1.5.7-windows-x86_64.jar\org\bytedeco\javacpp\windows-x86_64\api-ms-win-core-handle-l1-1-0.dll
0x00000293f5070000 - 0x00000293f5074000 	C:\Users\70852\.javacpp\cache\javacpp-1.5.7-windows-x86_64.jar\org\bytedeco\javacpp\windows-x86_64\api-ms-win-core-file-l2-1-0.dll
0x00000293f5080000 - 0x00000293f5084000 	C:\Users\70852\.javacpp\cache\javacpp-1.5.7-windows-x86_64.jar\org\bytedeco\javacpp\windows-x86_64\api-ms-win-core-heap-l1-1-0.dll
0x00000293f5090000 - 0x00000293f5094000 	C:\Users\70852\.javacpp\cache\javacpp-1.5.7-windows-x86_64.jar\org\bytedeco\javacpp\windows-x86_64\api-ms-win-core-libraryloader-l1-1-0.dll
0x00000293f50a0000 - 0x00000293f50a4000 	C:\Users\70852\.javacpp\cache\javacpp-1.5.7-windows-x86_64.jar\org\bytedeco\javacpp\windows-x86_64\api-ms-win-core-synch-l1-1-0.dll
0x00000293f6080000 - 0x00000293f6084000 	C:\Users\70852\.javacpp\cache\javacpp-1.5.7-windows-x86_64.jar\org\bytedeco\javacpp\windows-x86_64\api-ms-win-core-processthreads-l1-1-0.dll
0x00000293f6090000 - 0x00000293f6094000 	C:\Users\70852\.javacpp\cache\javacpp-1.5.7-windows-x86_64.jar\org\bytedeco\javacpp\windows-x86_64\api-ms-win-core-processenvironment-l1-1-0.dll
0x00000293f60a0000 - 0x00000293f60a4000 	C:\Users\70852\.javacpp\cache\javacpp-1.5.7-windows-x86_64.jar\org\bytedeco\javacpp\windows-x86_64\api-ms-win-core-datetime-l1-1-0.dll
0x00000293f6200000 - 0x00000293f6204000 	C:\Users\70852\.javacpp\cache\javacpp-1.5.7-windows-x86_64.jar\org\bytedeco\javacpp\windows-x86_64\api-ms-win-core-localization-l1-2-0.dll
0x00000293f60b0000 - 0x00000293f60b4000 	C:\Users\70852\.javacpp\cache\javacpp-1.5.7-windows-x86_64.jar\org\bytedeco\javacpp\windows-x86_64\api-ms-win-core-sysinfo-l1-1-0.dll
0x00000293f60c0000 - 0x00000293f60c4000 	C:\Users\70852\.javacpp\cache\javacpp-1.5.7-windows-x86_64.jar\org\bytedeco\javacpp\windows-x86_64\api-ms-win-core-synch-l1-2-0.dll
0x00000293f60d0000 - 0x00000293f60d4000 	C:\Users\70852\.javacpp\cache\javacpp-1.5.7-windows-x86_64.jar\org\bytedeco\javacpp\windows-x86_64\api-ms-win-core-console-l1-1-0.dll
0x00000293f60e0000 - 0x00000293f60e4000 	C:\Users\70852\.javacpp\cache\javacpp-1.5.7-windows-x86_64.jar\org\bytedeco\javacpp\windows-x86_64\api-ms-win-core-debug-l1-1-0.dll
0x00000293f60f0000 - 0x00000293f60f4000 	C:\Users\70852\.javacpp\cache\javacpp-1.5.7-windows-x86_64.jar\org\bytedeco\javacpp\windows-x86_64\api-ms-win-core-rtlsupport-l1-1-0.dll
0x00000293f6100000 - 0x00000293f6104000 	C:\Users\70852\.javacpp\cache\javacpp-1.5.7-windows-x86_64.jar\org\bytedeco\javacpp\windows-x86_64\api-ms-win-core-processthreads-l1-1-1.dll
0x00000293f6110000 - 0x00000293f6114000 	C:\Users\70852\.javacpp\cache\javacpp-1.5.7-windows-x86_64.jar\org\bytedeco\javacpp\windows-x86_64\api-ms-win-core-file-l1-2-0.dll
0x00000293f6120000 - 0x00000293f6124000 	C:\Users\70852\.javacpp\cache\javacpp-1.5.7-windows-x86_64.jar\org\bytedeco\javacpp\windows-x86_64\api-ms-win-core-profile-l1-1-0.dll
0x00000293f6130000 - 0x00000293f6134000 	C:\Users\70852\.javacpp\cache\javacpp-1.5.7-windows-x86_64.jar\org\bytedeco\javacpp\windows-x86_64\api-ms-win-core-memory-l1-1-0.dll
0x00000293f6140000 - 0x00000293f6144000 	C:\Users\70852\.javacpp\cache\javacpp-1.5.7-windows-x86_64.jar\org\bytedeco\javacpp\windows-x86_64\api-ms-win-core-util-l1-1-0.dll
0x00000293f6150000 - 0x00000293f6154000 	C:\Users\70852\.javacpp\cache\javacpp-1.5.7-windows-x86_64.jar\org\bytedeco\javacpp\windows-x86_64\api-ms-win-core-interlocked-l1-1-0.dll
0x00007ffd88d30000 - 0x00007ffd88e41000 	C:\Users\70852\.javacpp\cache\javacpp-1.5.7-windows-x86_64.jar\org\bytedeco\javacpp\windows-x86_64\ucrtbase.dll
0x00007ffd93c00000 - 0x00007ffd93c1b000 	C:\Users\70852\.javacpp\cache\javacpp-1.5.7-windows-x86_64.jar\org\bytedeco\javacpp\windows-x86_64\vcruntime140.dll
0x00007ffd95800000 - 0x00007ffd9580c000 	C:\Users\70852\.javacpp\cache\javacpp-1.5.7-windows-x86_64.jar\org\bytedeco\javacpp\windows-x86_64\vcruntime140_1.dll
0x00007ffd889d0000 - 0x00007ffd88a5d000 	C:\Users\70852\.javacpp\cache\javacpp-1.5.7-windows-x86_64.jar\org\bytedeco\javacpp\windows-x86_64\msvcp140.dll
0x00007ffd93bf0000 - 0x00007ffd93bf9000 	C:\Users\70852\.javacpp\cache\javacpp-1.5.7-windows-x86_64.jar\org\bytedeco\javacpp\windows-x86_64\msvcp140_1.dll
0x00007ffd8df70000 - 0x00007ffd8dfbe000 	C:\Users\70852\.javacpp\cache\javacpp-1.5.7-windows-x86_64.jar\org\bytedeco\javacpp\windows-x86_64\concrt140.dll
0x00007ffd88f30000 - 0x00007ffd88f61000 	C:\Users\70852\.javacpp\cache\javacpp-1.5.7-windows-x86_64.jar\org\bytedeco\javacpp\windows-x86_64\vcomp140.dll
0x00007ffd93be0000 - 0x00007ffd93bee000 	C:\Users\70852\.javacpp\cache\javacpp-1.5.7-windows-x86_64.jar\org\bytedeco\javacpp\windows-x86_64\jnijavacpp.dll
0x00007ffd873c0000 - 0x00007ffd875bb000 	C:\Users\70852\.javacpp\cache\ffmpeg-5.0-1.5.7-windows-x86_64.jar\org\bytedeco\ffmpeg\windows-x86_64\avutil-57.dll
0x00007ffd9c1a0000 - 0x00007ffd9c345000 	C:\WINDOWS\System32\ole32.dll
0x000000006fe00000 - 0x000000006ff13000 	C:\Users\70852\.javacpp\cache\ffmpeg-5.0-1.5.7-windows-x86_64.jar\org\bytedeco\ffmpeg\windows-x86_64\jniavutil.dll
0x00007ffd8e060000 - 0x00007ffd8e086000 	C:\Users\70852\.javacpp\cache\ffmpeg-5.0-1.5.7-windows-x86_64.jar\org\bytedeco\ffmpeg\windows-x86_64\swresample-4.dll
0x0000000070080000 - 0x00000000700b5000 	C:\Users\70852\.javacpp\cache\ffmpeg-5.0-1.5.7-windows-x86_64.jar\org\bytedeco\ffmpeg\windows-x86_64\jniswresample.dll
0x00007ffd095b0000 - 0x00007ffd0ae56000 	C:\Users\70852\.javacpp\cache\ffmpeg-5.0-1.5.7-windows-x86_64.jar\org\bytedeco\ffmpeg\windows-x86_64\avcodec-59.dll
0x00007ffd882a0000 - 0x00007ffd8846e000 	C:\WINDOWS\SYSTEM32\MFPlat.DLL
0x00007ffd99450000 - 0x00007ffd9949e000 	C:\WINDOWS\SYSTEM32\cfgmgr32.dll
0x00007ffd85f20000 - 0x00007ffd85f53000 	C:\WINDOWS\SYSTEM32\RTWorkQ.DLL
0x000000006a1c0000 - 0x000000006a299000 	C:\Users\70852\.javacpp\cache\ffmpeg-5.0-1.5.7-windows-x86_64.jar\org\bytedeco\ffmpeg\windows-x86_64\jniavcodec.dll
0x00007ffd56b90000 - 0x00007ffd573bd000 	C:\Users\70852\.javacpp\cache\ffmpeg-5.0-1.5.7-windows-x86_64.jar\org\bytedeco\ffmpeg\windows-x86_64\avformat-59.dll
0x00007ffd9a180000 - 0x00007ffd9a2e6000 	C:\WINDOWS\System32\CRYPT32.dll
0x00007ffd98ea0000 - 0x00007ffd98eac000 	C:\WINDOWS\SYSTEM32\CRYPTBASE.DLL
0x000000006abc0000 - 0x000000006ac77000 	C:\Users\70852\.javacpp\cache\ffmpeg-5.0-1.5.7-windows-x86_64.jar\org\bytedeco\ffmpeg\windows-x86_64\jniavformat.dll
0x00007ffd630b0000 - 0x00007ffd630c7000 	C:\WINDOWS\system32\napinsp.dll
0x00007ffd63090000 - 0x00007ffd630ab000 	C:\WINDOWS\system32\pnrpnsp.dll
0x00007ffd982d0000 - 0x00007ffd983d2000 	C:\WINDOWS\SYSTEM32\DNSAPI.dll
0x00007ffd98260000 - 0x00007ffd9828d000 	C:\WINDOWS\SYSTEM32\IPHLPAPI.DLL
0x00007ffd9be10000 - 0x00007ffd9be19000 	C:\WINDOWS\System32\NSI.dll
0x00007ffd63070000 - 0x00007ffd63081000 	C:\WINDOWS\System32\winrnr.dll
0x00007ffd74d60000 - 0x00007ffd74d75000 	C:\WINDOWS\system32\wshbth.dll
0x00007ffd63040000 - 0x00007ffd63067000 	C:\WINDOWS\system32\nlansp_c.dll
0x000000006d7c0000 - 0x000000006f369000 	C:\Users\70852\.javacpp\cache\openblas-0.3.19-1.5.7-windows-x86_64.jar\org\bytedeco\openblas\windows-x86_64\libopenblas_nolapack.dll
0x00007ffd88970000 - 0x00007ffd889ce000 	C:\Users\70852\.javacpp\cache\openblas-0.3.19-1.5.7-windows-x86_64.jar\org\bytedeco\openblas\windows-x86_64\jniopenblas_nolapack.dll
0x0000000000430000 - 0x0000000001fd9000 	C:\Users\70852\.javacpp\cache\openblas-0.3.19-1.5.7-windows-x86_64.jar\org\bytedeco\openblas\windows-x86_64\libopenblas.dll
0x00007ffd03090000 - 0x00007ffd04444000 	C:\Users\70852\.javacpp\cache\openblas-0.3.19-1.5.7-windows-x86_64.jar\org\bytedeco\openblas\windows-x86_64\jniopenblas.dll
0x00007ffd07c70000 - 0x00007ffd0810f000 	C:\Users\70852\.javacpp\cache\opencv-4.5.5-1.5.7-windows-x86_64.jar\org\bytedeco\opencv\windows-x86_64\opencv_core455.dll
0x00007ffd07510000 - 0x00007ffd07c6f000 	C:\Users\70852\.javacpp\cache\opencv-4.5.5-1.5.7-windows-x86_64.jar\org\bytedeco\opencv\windows-x86_64\opencv_imgproc455.dll
0x00007ffd63780000 - 0x00007ffd63a13000 	C:\Users\70852\.javacpp\cache\opencv-4.5.5-1.5.7-windows-x86_64.jar\org\bytedeco\opencv\windows-x86_64\jniopencv_core.dll
0x00007ffd88740000 - 0x00007ffd887df000 	C:\Users\70852\.javacpp\cache\ffmpeg-5.0-1.5.7-windows-x86_64.jar\org\bytedeco\ffmpeg\windows-x86_64\swscale-6.dll

dbghelp: loaded successfully - version: 4.0.5 - missing functions: none
symbol engine: initialized successfully - sym options: 0x614 - pdb path: .;C:\Program Files\Java\jdk-17\bin;C:\WINDOWS\SYSTEM32;C:\WINDOWS\WinSxS\amd64_microsoft.windows.common-controls_6595b64144ccf1df_6.0.22621.4541_none_2710d1c57384c085;C:\Program Files\Java\jdk-17\bin\server;D:\Program Files\JetBrains\IntelliJ IDEA 2023.2.5\bin;C:\Users\70852\.javacpp\cache\javacpp-1.5.7-windows-x86_64.jar\org\bytedeco\javacpp\windows-x86_64;C:\Users\70852\.javacpp\cache\ffmpeg-5.0-1.5.7-windows-x86_64.jar\org\bytedeco\ffmpeg\windows-x86_64;C:\Users\70852\.javacpp\cache\openblas-0.3.19-1.5.7-windows-x86_64.jar\org\bytedeco\openblas\windows-x86_64;C:\Users\70852\.javacpp\cache\opencv-4.5.5-1.5.7-windows-x86_64.jar\org\bytedeco\opencv\windows-x86_64

VM Arguments:
jvm_args: -javaagent:D:\Program Files\JetBrains\IntelliJ IDEA 2023.2.5\lib\idea_rt.jar=17719:D:\Program Files\JetBrains\IntelliJ IDEA 2023.2.5\bin -Dfile.encoding=UTF-8 
java_command: com.saigou.LiveStreamProcessor
java_class_path (initial): C:\Users\70852\Desktop\´úÂë\ºó¶Ë\pandaSystem\analyzer-server-10001\target\classes;C:\Users\70852\.m2\repository\org\bytedeco\javacv-platform\1.5.7\javacv-platform-1.5.7.jar;C:\Users\70852\.m2\repository\org\bytedeco\javacv\1.5.7\javacv-1.5.7.jar;C:\Users\70852\.m2\repository\org\bytedeco\javacpp\1.5.7\javacpp-1.5.7.jar;C:\Users\70852\.m2\repository\org\bytedeco\openblas\0.3.19-1.5.7\openblas-0.3.19-1.5.7.jar;C:\Users\70852\.m2\repository\org\bytedeco\opencv\4.5.5-1.5.7\opencv-4.5.5-1.5.7.jar;C:\Users\70852\.m2\repository\org\bytedeco\ffmpeg\5.0-1.5.7\ffmpeg-5.0-1.5.7.jar;C:\Users\70852\.m2\repository\org\bytedeco\flycapture\2.13.3.31-1.5.7\flycapture-2.13.3.31-1.5.7.jar;C:\Users\70852\.m2\repository\org\bytedeco\libdc1394\2.2.6-1.5.7\libdc1394-2.2.6-1.5.7.jar;C:\Users\70852\.m2\repository\org\bytedeco\libfreenect\0.5.7-1.5.7\libfreenect-0.5.7-1.5.7.jar;C:\Users\70852\.m2\repository\org\bytedeco\libfreenect2\0.2.0-1.5.7\libfreenect2-0.2.0-1.5.7.jar;C:\Users\70852\.m2\repository\org\bytedeco\librealsense\1.12.4-1.5.7\librealsense-1.12.4-1.5.7.jar;C:\Users\70852\.m2\repository\org\bytedeco\librealsense2\2.50.0-1.5.7\librealsense2-2.50.0-1.5.7.jar;C:\Users\70852\.m2\repository\org\bytedeco\videoinput\0.200-1.5.7\videoinput-0.200-1.5.7.jar;C:\Users\70852\.m2\repository\org\bytedeco\artoolkitplus\2.3.1-1.5.7\artoolkitplus-2.3.1-1.5.7.jar;C:\Users\70852\.m2\repository\org\bytedeco\flandmark\1.07-1.5.7\flandmark-1.07-1.5.7.jar;C:\Users\70852\.m2\repository\org\bytedeco\leptonica\1.82.0-1.5.7\leptonica-1.82.0-1.5.7.jar;C:\Users\70852\.m2\repository\org\bytedeco\tesseract\5.0.1-1.5.7\tesseract-5.0.1-1.5.7.jar;C:\Users\70852\.m2\repository\org\bytedeco\openblas-platform\0.3.19-1.5.7\openblas-platform-0.3.19-1.5.7.jar;C:\Users\70852\.m2\repository\org\bytedeco\javacpp-platform\1.5.7\javacpp-platform-1.5.7.jar;C:\Users\70852\.m2\repository\org\bytedeco\javacpp\1.5.7\javacpp-1.5.7-android-arm.jar;C:\Users\70852\.m2\repository\org\bytedeco\javacpp\1.5.
Launcher Type: SUN_STANDARD

[Global flags]
     intx CICompilerCount                          = 12                                        {product} {ergonomic}
     uint ConcGCThreads                            = 3                                         {product} {ergonomic}
     uint G1ConcRefinementThreads                  = 13                                        {product} {ergonomic}
   size_t G1HeapRegionSize                         = 4194304                                   {product} {ergonomic}
    uintx GCDrainStackTargetSize                   = 64                                        {product} {ergonomic}
   size_t InitialHeapSize                          = 469762048                                 {product} {ergonomic}
   size_t MarkStackSize                            = 4194304                                   {product} {ergonomic}
   size_t MaxHeapSize                              = 7478444032                                {product} {ergonomic}
   size_t MaxNewSize                               = 4483710976                                {product} {ergonomic}
   size_t MinHeapDeltaBytes                        = 4194304                                   {product} {ergonomic}
   size_t MinHeapSize                              = 8388608                                   {product} {ergonomic}
    uintx NonNMethodCodeHeapSize                   = 7602480                                {pd product} {ergonomic}
    uintx NonProfiledCodeHeapSize                  = 122027880                              {pd product} {ergonomic}
    uintx ProfiledCodeHeapSize                     = 122027880                              {pd product} {ergonomic}
    uintx ReservedCodeCacheSize                    = 251658240                              {pd product} {ergonomic}
     bool SegmentedCodeCache                       = true                                      {product} {ergonomic}
   size_t SoftMaxHeapSize                          = 7478444032                             {manageable} {ergonomic}
     bool UseCompressedClassPointers               = true                           {product lp64_product} {ergonomic}
     bool UseCompressedOops                        = true                           {product lp64_product} {ergonomic}
     bool UseG1GC                                  = true                                      {product} {ergonomic}
     bool UseLargePagesIndividualAllocation        = false                                  {pd product} {ergonomic}

Logging:
Log output configuration:
 #0: stdout all=warning uptime,level,tags
 #1: stderr all=off uptime,level,tags

Environment Variables:
PATH=C:\Program Files\ImageMagick-7.1.1-Q16-HDRI;C:\Python312\Scripts\;C:\Python312\;C:\Program Files\Common Files\Oracle\Java\javapath;C:\WINDOWS\system32;C:\WINDOWS;C:\WINDOWS\System32\Wbem;C:\WINDOWS\System32\WindowsPowerShell\v1.0\;C:\WINDOWS\System32\OpenSSH\;D:\ProgramData\anaconda3\Library\bin;D:\ProgramData\anaconda3\Library;D:\ProgramData\anaconda3\Library\usr\bin;D:\ProgramData\anaconda3;D:\ProgramData\anaconda3\Scripts;D:\ProgramData\anaconda3\Library\mingw-w64\bin;C:\ProgramData\chocolatey\bin;C:\Program Files\dotnet\;C:\Program Files (x86)\Windows Kits\10\Windows Performance Toolkit\;C:\Users\70852\AppData\Roaming\nvm;D:\Program Files\nodejs;C:\Program Files\nodejs\;C:\Program Files\Git\cmd;C:\Users\70852\AppData\Local\Microsoft\WindowsApps;D:\Program Files\JetBrains\PyCharm 2023.2.4\bin;D:\Program Files\JetBrains\IntelliJ IDEA 2023.2.5\bin;D:\ProgramData\anaconda3\Library\bin;D:\ProgramData\anaconda3;D:\ProgramData\anaconda3\Scripts;D:\ProgramData\anaconda3\Library\usr\bin;D:\ProgramData\anaconda3\Library\mingw-w64\bin;C:\Users\70852\.dotnet\tools;D:\Program Files (x86)\Microsoft VS Code\bin;C:\Users\70852\AppData\Roaming\nvm;D:\Program Files\nodejs;C:\Users\70852\AppData\Local\Programs\Fiddler;D:\Program Files (x86)\vcpkg;C:\Program Files\platform-tools;C:\Users\70852\AppData\Roaming\npm;%USERPROFILE%\AppData\Local\Microsoft\WindowsApps;
USERNAME=70852
OS=Windows_NT
PROCESSOR_IDENTIFIER=AMD64 Family 25 Model 80 Stepping 0, AuthenticAMD



---------------  S Y S T E M  ---------------

OS:
 Windows 11 , 64 bit Build 22621 (10.0.22621.4391)
OS uptime: 0 days 2:39 hours
Hyper-V role detected

CPU: total 16 (initial active 16) (16 cores per cpu, 2 threads per core) family 25 model 80 stepping 0 microcode 0x0, cx8, cmov, fxsr, ht, mmx, 3dnowpref, sse, sse2, sse3, ssse3, sse4a, sse4.1, sse4.2, popcnt, lzcnt, tsc, tscinvbit, avx, avx2, aes, erms, clmul, bmi1, bmi2, adx, sha, fma, vzeroupper, clflush, clflushopt, hv

Memory: 4k page, system-wide physical 28524M (12346M free)
TotalPageFile size 34668M (AvailPageFile size 4543M)
current process WorkingSet (physical memory assigned to process): 740M, peak: 745M
current process commit charge ("private bytes"): 5002M, peak: 5008M

vm_info: Java HotSpot(TM) 64-Bit Server VM (17.0.9+11-LTS-201) for windows-amd64 JRE (17.0.9+11-LTS-201), built on Oct 10 2023 23:16:06 by "mach5one" with MS VC++ 17.1 (VS2022)

END.
